Archive member included to satisfy reference by file (symbol)

c:/program files/microchip/xc32/v4.00/bin/bin/../../lib/gcc/pic32c/8.3.1/../../../../pic32c/lib/thumb/v7e-m+fp/hard\libpic32c.a(data_init.o)
                              build/default/production/_ext/1171490990/startup_xc32.o (__pic32c_data_initialization)
c:/program files/microchip/xc32/v4.00/bin/bin/../../lib/gcc/pic32c/8.3.1/../../../../pic32c/lib/thumb/v7e-m+fp/hard\libc-musl.a(isxdigit.o)
                              build/default/production/_ext/1033058136/tcpip_helpers.o (isxdigit)
c:/program files/microchip/xc32/v4.00/bin/bin/../../lib/gcc/pic32c/8.3.1/../../../../pic32c/lib/thumb/v7e-m+fp/hard\libc-musl.a(tolower.o)
                              build/default/production/_ext/1033058136/helpers.o (tolower)
c:/program files/microchip/xc32/v4.00/bin/bin/../../lib/gcc/pic32c/8.3.1/../../../../pic32c/lib/thumb/v7e-m+fp/hard\libc-musl.a(toupper.o)
                              build/default/production/_ext/1033058136/tcpip_helpers.o (toupper)
c:/program files/microchip/xc32/v4.00/bin/bin/../../lib/gcc/pic32c/8.3.1/../../../../pic32c/lib/thumb/v7e-m+fp/hard\libc-musl.a(__libc_start_main.o)
                              build/default/production/_ext/1171490990/startup_xc32.o (__libc_init_array)
c:/program files/microchip/xc32/v4.00/bin/bin/../../lib/gcc/pic32c/8.3.1/../../../../pic32c/lib/thumb/v7e-m+fp/hard\libc-musl.a(__errno_location.o)
                              build/default/production/_ext/1033058136/berkeley_api.o (__errno_val)
c:/program files/microchip/xc32/v4.00/bin/bin/../../lib/gcc/pic32c/8.3.1/../../../../pic32c/lib/thumb/v7e-m+fp/hard\libc-musl.a(libc.o)
                              c:/program files/microchip/xc32/v4.00/bin/bin/../../lib/gcc/pic32c/8.3.1/../../../../pic32c/lib/thumb/v7e-m+fp/hard\libc-musl.a(__libc_start_main.o) (__progname_full)
c:/program files/microchip/xc32/v4.00/bin/bin/../../lib/gcc/pic32c/8.3.1/../../../../pic32c/lib/thumb/v7e-m+fp/hard\libc-musl.a(calloc.o)
                              build/default/production/_ext/1033058136/berkeley_api.o (calloc)
c:/program files/microchip/xc32/v4.00/bin/bin/../../lib/gcc/pic32c/8.3.1/../../../../pic32c/lib/thumb/v7e-m+fp/hard\libc-musl.a(malloc.o)
                              build/default/production/_ext/1645245335/crypto.o (free)
c:/program files/microchip/xc32/v4.00/bin/bin/../../lib/gcc/pic32c/8.3.1/../../../../pic32c/lib/thumb/v7e-m+fp/hard\libc-musl.a(expand_heap.o)
                              c:/program files/microchip/xc32/v4.00/bin/bin/../../lib/gcc/pic32c/8.3.1/../../../../pic32c/lib/thumb/v7e-m+fp/hard\libc-musl.a(malloc.o) (__expand_heap)
c:/program files/microchip/xc32/v4.00/bin/bin/../../lib/gcc/pic32c/8.3.1/../../../../pic32c/lib/thumb/v7e-m+fp/hard\libc-musl.a(rand.o)
                              build/default/production/_ext/1664057780/random.o (srand)
c:/program files/microchip/xc32/v4.00/bin/bin/../../lib/gcc/pic32c/8.3.1/../../../../pic32c/lib/thumb/v7e-m+fp/hard\libc-musl.a(vsnprintf.o)
                              build/default/production/_ext/1832805299/sys_console.o (vsnprintf)
c:/program files/microchip/xc32/v4.00/bin/bin/../../lib/gcc/pic32c/8.3.1/../../../../pic32c/lib/thumb/v7e-m+fp/hard\libc-musl.a(snprintf.o)
                              (snprintf)
c:/program files/microchip/xc32/v4.00/bin/bin/../../lib/gcc/pic32c/8.3.1/../../../../pic32c/lib/thumb/v7e-m+fp/hard\libc-musl.a(sprintf.o)
                              (sprintf)
c:/program files/microchip/xc32/v4.00/bin/bin/../../lib/gcc/pic32c/8.3.1/../../../../pic32c/lib/thumb/v7e-m+fp/hard\libc-musl.a(vsprintf.o)
                              c:/program files/microchip/xc32/v4.00/bin/bin/../../lib/gcc/pic32c/8.3.1/../../../../pic32c/lib/thumb/v7e-m+fp/hard\libc-musl.a(sprintf.o) (vsprintf)
c:/program files/microchip/xc32/v4.00/bin/bin/../../lib/gcc/pic32c/8.3.1/../../../../pic32c/lib/thumb/v7e-m+fp/hard\libc-musl.a(atoi.o)
                              build/default/production/_ext/1033058136/ftp.o (atoi)
c:/program files/microchip/xc32/v4.00/bin/bin/../../lib/gcc/pic32c/8.3.1/../../../../pic32c/lib/thumb/v7e-m+fp/hard\libc-musl.a(strtol.o)
                              build/default/production/_ext/1033058136/tcpip_helpers.o (strtol)
c:/program files/microchip/xc32/v4.00/bin/bin/../../lib/gcc/pic32c/8.3.1/../../../../pic32c/lib/thumb/v7e-m+fp/hard\libc-musl.a(memcmp.o)
                              build/default/production/_ext/1546807373/drv_gmac.o (memcmp)
c:/program files/microchip/xc32/v4.00/bin/bin/../../lib/gcc/pic32c/8.3.1/../../../../pic32c/lib/thumb/v7e-m+fp/hard\libc-musl.a(memcpy.o)
                              build/default/production/_ext/1751889202/sys_fs_shell.o (memcpy)
c:/program files/microchip/xc32/v4.00/bin/bin/../../lib/gcc/pic32c/8.3.1/../../../../pic32c/lib/thumb/v7e-m+fp/hard\libc-musl.a(memmove.o)
                              build/default/production/_ext/1664057780/asn.o (memmove)
[...]
Memory Configuration

Name             Origin             Length             Attributes
rom              0x00000000         0x00100000         xrl
ram              0x20000000         0x00040000         xw !r
tcm              0x03000000         0x00000000         xw
bkupram          0x47000000         0x00002000
config_00804000  0x00804000         0x00000004
config_00804008  0x00804008         0x00000004
config_00804004  0x00804004         0x00000004
*default*        0x00000000         0xffffffff

Linker script and memory map

LOAD c:/program files/microchip/xc32/v4.00/bin/bin/../../lib/gcc/pic32c/8.3.1/thumb/v7e-m+fp/hard/crti.o
LOAD c:/program files/microchip/xc32/v4.00/bin/bin/../../lib/gcc/pic32c/8.3.1/thumb/v7e-m+fp/hard/crtbegin.o
LOAD build/default/production/_ext/1645245335/crypto.o
LOAD build/default/production/_ext/444070925/drv_ethphy.o
LOAD build/default/production/_ext/444070925/drv_extphy_ksz8061.o
LOAD build/default/production/_ext/1546807373/drv_gmac.o
LOAD build/default/production/_ext/1546807373/drv_gmac_lib_samE5x.o
LOAD build/default/production/_ext/438849557/drv_miim.o
LOAD build/default/production/_ext/20954303/drv_sdmmc_file_system.o
LOAD build/default/production/_ext/20954303/drv_sdmmc.o
LOAD build/default/production/_ext/1751889202/sys_fs_shell.o
LOAD build/default/production/_ext/1033058136/helpers.o
LOAD build/default/production/_ext/1033058136/tcp.o
LOAD build/default/production/_ext/1033058136/arp.o
LOAD build/default/production/_ext/1033058136/ipv4.o
LOAD build/default/production/_ext/1033058136/tcpip_heap_alloc.o
LOAD build/default/production/_ext/1033058136/tcpip_heap_internal.o
LOAD build/default/production/_ext/1033058136/dhcp.o
LOAD build/default/production/_ext/1033058136/dns.o
LOAD build/default/production/_ext/1033058136/hash_fnv.o
LOAD build/default/production/_ext/1033058136/oahash.o
LOAD build/default/production/_ext/1033058136/tcpip_helpers.o
LOAD build/default/production/_ext/1033058136/tcpip_manager.o
LOAD build/default/production/_ext/1033058136/tcpip_notify.o
LOAD build/default/production/_ext/1033058136/tcpip_packet.o
LOAD build/default/production/_ext/1033058136/ftp.o
LOAD build/default/production/_ext/1033058136/icmp.o
LOAD build/default/production/_ext/1033058136/berkeley_api.o
LOAD build/default/production/_ext/1033058136/tcpip_announce.o
LOAD build/default/production/_ext/1033058136/udp.o
LOAD build/default/production/_ext/1508031553/net_pres.o
LOAD build/default/production/_ext/1640433940/net_pres_enc_glue.o
LOAD build/default/production/_ext/1640433940/net_pres_cert_store.o
LOAD build/default/production/_ext/1984496892/plib_clock.o
LOAD build/default/production/_ext/1865131932/plib_cmcc.o
LOAD build/default/production/_ext/1986646378/plib_evsys.o
LOAD build/default/production/_ext/1865468468/plib_nvic.o
LOAD build/default/production/_ext/1593096446/plib_nvmctrl.o
LOAD build/default/production/_ext/1865521619/plib_port.o
LOAD build/default/production/_ext/1865600094/plib_sdhc1.o
LOAD build/default/production/_ext/504274921/plib_sercom1_usart.o
LOAD build/default/production/_ext/829342655/plib_tc0.o
LOAD build/default/production/_ext/163028504/xc32_monitor.o
LOAD build/default/production/_ext/1014039709/sys_cache.o
LOAD build/default/production/_ext/1832805299/sys_console.o
LOAD build/default/production/_ext/1832805299/sys_console_uart.o
LOAD build/default/production/_ext/944882569/sys_debug.o
LOAD build/default/production/_ext/411819097/ff.o
LOAD build/default/production/_ext/411819097/ffunicode.o
LOAD build/default/production/_ext/565198302/diskio.o
LOAD build/default/production/_ext/1269487135/sys_fs.o
LOAD build/default/production/_ext/1269487135/sys_fs_media_manager.o
LOAD build/default/production/_ext/1269487135/sys_fs_fat_interface.o
LOAD build/default/production/_ext/1881668453/sys_int.o
LOAD build/default/production/_ext/101884895/sys_time.o
LOAD build/default/production/_ext/753841488/sys_time_h2_adapter.o
LOAD build/default/production/_ext/753841488/sys_random_h2_adapter.o
LOAD build/default/production/_ext/1171490990/initialization.o
LOAD build/default/production/_ext/1171490990/interrupts.o
LOAD build/default/production/_ext/1171490990/exceptions.o
LOAD build/default/production/_ext/1171490990/startup_xc32.o
LOAD build/default/production/_ext/1171490990/libc_syscalls.o
LOAD build/default/production/_ext/1171490990/tasks.o
LOAD build/default/production/_ext/172253694/pic32mz-crypt.o
LOAD build/default/production/_ext/172253694/crypt_aes_sam6149.o
LOAD build/default/production/_ext/172253694/crypt_aes_u2238.o
LOAD build/default/production/_ext/172253694/crypt_ecc_ba414e.o
LOAD build/default/production/_ext/172253694/crypt_ecc_pukcl.o
LOAD build/default/production/_ext/172253694/crypt_pukcl_functions.o
LOAD build/default/production/_ext/172253694/crypt_rng_sam6334.o
LOAD build/default/production/_ext/172253694/crypt_rng_u2242.o
LOAD build/default/production/_ext/172253694/crypt_rsa_pukcl.o
LOAD build/default/production/_ext/172253694/crypt_sam_u2803.o
LOAD build/default/production/_ext/172253694/crypt_sha1_sam11105.o
LOAD build/default/production/_ext/172253694/crypt_sha1_sam6156.o
LOAD build/default/production/_ext/172253694/crypt_sha224_sam11105.o
LOAD build/default/production/_ext/172253694/crypt_sha224_sam6156.o
LOAD build/default/production/_ext/172253694/crypt_sha256_sam11105.o
LOAD build/default/production/_ext/172253694/crypt_sha256_sam6156.o
LOAD build/default/production/_ext/172253694/crypt_sha384_sam6156.o
LOAD build/default/production/_ext/172253694/crypt_sha512_sam6156.o
LOAD build/default/production/_ext/172253694/crypt_tdes_sam6150.o
LOAD build/default/production/_ext/172253694/crypt_wolfcryptcb.o
LOAD build/default/production/_ext/1664057780/arc4.o
LOAD build/default/production/_ext/1664057780/asm.o
LOAD build/default/production/_ext/1664057780/asn.o
LOAD build/default/production/_ext/1664057780/blake2b.o
LOAD build/default/production/_ext/1664057780/blake2s.o
LOAD build/default/production/_ext/1664057780/camellia.o
LOAD build/default/production/_ext/1664057780/chacha.o
LOAD build/default/production/_ext/1664057780/chacha20_poly1305.o
LOAD build/default/production/_ext/1664057780/cmac.o
LOAD build/default/production/_ext/1664057780/coding.o
LOAD build/default/production/_ext/1664057780/compress.o
LOAD build/default/production/_ext/1664057780/cpuid.o
LOAD build/default/production/_ext/1664057780/cryptocb.o
LOAD build/default/production/_ext/1664057780/curve25519.o
LOAD build/default/production/_ext/1664057780/curve448.o
LOAD build/default/production/_ext/1664057780/dh.o
LOAD build/default/production/_ext/1664057780/dsa.o
LOAD build/default/production/_ext/1664057780/ecc_fp.o
LOAD build/default/production/_ext/1664057780/ed25519.o
LOAD build/default/production/_ext/1664057780/ed448.o
LOAD build/default/production/_ext/1664057780/error.o
LOAD build/default/production/_ext/1664057780/fe_448.o
LOAD build/default/production/_ext/1664057780/fe_low_mem.o
LOAD build/default/production/_ext/1664057780/fe_operations.o
LOAD build/default/production/_ext/1664057780/ge_448.o
LOAD build/default/production/_ext/1664057780/ge_low_mem.o
LOAD build/default/production/_ext/1664057780/ge_operations.o
LOAD build/default/production/_ext/1664057780/hash.o
LOAD build/default/production/_ext/1664057780/hc128.o
LOAD build/default/production/_ext/1664057780/hmac.o
LOAD build/default/production/_ext/1664057780/idea.o
LOAD build/default/production/_ext/1664057780/integer.o
LOAD build/default/production/_ext/1664057780/logging.o
LOAD build/default/production/_ext/1664057780/md2.o
LOAD build/default/production/_ext/1664057780/md4.o
LOAD build/default/production/_ext/1664057780/md5.o
LOAD build/default/production/_ext/1664057780/memory.o
LOAD build/default/production/_ext/1664057780/pkcs12.o
LOAD build/default/production/_ext/1664057780/pkcs7.o
LOAD build/default/production/_ext/1664057780/poly1305.o
LOAD build/default/production/_ext/1664057780/pwdbased.o
LOAD build/default/production/_ext/1664057780/rabbit.o
LOAD build/default/production/_ext/1664057780/rc2.o
LOAD build/default/production/_ext/1664057780/ripemd.o
LOAD build/default/production/_ext/1664057780/rsa.o
LOAD build/default/production/_ext/1664057780/sha3.o
LOAD build/default/production/_ext/1664057780/signature.o
LOAD build/default/production/_ext/1664057780/sp_arm32.o
LOAD build/default/production/_ext/1664057780/sp_arm64.o
LOAD build/default/production/_ext/1664057780/sp_armthumb.o
LOAD build/default/production/_ext/1664057780/sp_c32.o
LOAD build/default/production/_ext/1664057780/sp_c64.o
LOAD build/default/production/_ext/1664057780/sp_cortexm.o
LOAD build/default/production/_ext/1664057780/sp_dsp32.o
LOAD build/default/production/_ext/1664057780/sp_int.o
LOAD build/default/production/_ext/1664057780/sp_x86_64.o
LOAD build/default/production/_ext/1664057780/srp.o
LOAD build/default/production/_ext/1664057780/tfm.o
LOAD build/default/production/_ext/1664057780/wc_dsp.o
LOAD build/default/production/_ext/1664057780/wc_encrypt.o
LOAD build/default/production/_ext/1664057780/wc_pkcs11.o
LOAD build/default/production/_ext/1664057780/wc_port.o
LOAD build/default/production/_ext/1664057780/wolfevent.o
LOAD build/default/production/_ext/1664057780/wolfmath.o
LOAD build/default/production/_ext/1664057780/aes.o
LOAD build/default/production/_ext/1664057780/des3.o
LOAD build/default/production/_ext/1664057780/random.o
LOAD build/default/production/_ext/1664057780/sha.o
LOAD build/default/production/_ext/1664057780/sha256.o
LOAD build/default/production/_ext/1664057780/sha512.o
LOAD build/default/production/_ext/1664057780/ecc.o
LOAD build/default/production/_ext/1360937237/main.o
LOAD build/default/production/_ext/1360937237/app.o
LOAD build/default/production/_ext/1664057780/misc.o
LOAD build/default/production/_ext/1664057780/evp.o
                0x00000001                __MPLAB_BUILD = 0x1
                0x00100000                __rom_end = (ORIGIN (rom) + LENGTH (rom))
                0x20040000                __ram_end = (ORIGIN (ram) + LENGTH (ram))

.config_00804000
 *(.config_00804000)

.config_00804008
 *(.config_00804008)

.config_00804004
 *(.config_00804004)

.vectors        0x00000000      0x264
                0x00000000                . = ALIGN (0x4)
                0x00000000                _sfixed = .
 *(.vectors .vectors.* .vectors_default .vectors_default.*)
 .vectors.exception_table
                0x00000000      0x264 build/default/production/_ext/1171490990/interrupts.o
                0x00000000                exception_table
 *(.isr_vector)
 *(.reset*)
 *(.after_vectors)

.text           0x00000264       0x20
                0x00000264                . = ALIGN (0x4)
 *(.glue_7t)
 .glue_7t       0x00000264        0x0 linker stubs
 *(.glue_7)
 .glue_7        0x00000264        0x0 linker stubs
 *(.gnu.linkonce.r.*)
 *(.ARM.extab* .gnu.linkonce.armextab.*)
                0x00000264                . = ALIGN (0x4)
 *(.init)
 .init          0x00000264        0x4 c:/program files/microchip/xc32/v4.00/bin/bin/../../lib/gcc/pic32c/8.3.1/thumb/v7e-m+fp/hard/crti.o
                0x00000264                _init
 .init          0x00000268        0x8 c:/program files/microchip/xc32/v4.00/bin/bin/../../lib/gcc/pic32c/8.3.1/thumb/v7e-m+fp/hard/crtn.o
                0x00000270                . = ALIGN (0x4)
                0x00000270                __preinit_array_start = .
 *(.preinit_array)
                0x00000270                __preinit_array_end = .
                0x00000270                . = ALIGN (0x4)
                0x00000270                __init_array_start = .
 *(SORT_BY_NAME(.init_array.*))
 *(.init_array)
 .init_array    0x00000270        0x4 c:/program files/microchip/xc32/v4.00/bin/bin/../../lib/gcc/pic32c/8.3.1/thumb/v7e-m+fp/hard/crtbegin.o
                0x00000274                __init_array_end = .
                0x00000274                . = ALIGN (0x4)
 *crtbegin.o(.ctors)
 *(EXCLUDE_FILE(*crtend.o) .ctors)
 *(SORT_BY_NAME(.ctors.*))
 *crtend.o(.ctors)
                0x00000274                . = ALIGN (0x4)
 *(.fini)
 .fini          0x00000274        0x4 c:/program files/microchip/xc32/v4.00/bin/bin/../../lib/gcc/pic32c/8.3.1/thumb/v7e-m+fp/hard/crti.o
                0x00000274                _fini
 .fini          0x00000278        0x8 c:/program files/microchip/xc32/v4.00/bin/bin/../../lib/gcc/pic32c/8.3.1/thumb/v7e-m+fp/hard/crtn.o
                0x00000280                . = ALIGN (0x4)
                0x00000280                __fini_array_start = .
 *(.fini_array)
 .fini_array    0x00000280        0x4 c:/program files/microchip/xc32/v4.00/bin/bin/../../lib/gcc/pic32c/8.3.1/thumb/v7e-m+fp/hard/crtbegin.o
 *(SORT_BY_NAME(.fini_array.*))
                0x00000284                __fini_array_end = .
 *crtbegin.o(.dtors)
 *(EXCLUDE_FILE(*crtend.o) .dtors)
 *(SORT_BY_NAME(.dtors.*))
 *crtend.o(.dtors)
                0x00000284                . = ALIGN (0x4)
                0x00000284                _efixed = .
                [!provide]                PROVIDE (__exidx_start = .)

.ARM.exidx      0x00000284        0x8
 *(.ARM.exidx* .gnu.linkonce.armexidx.*)
 .ARM.exidx     0x00000284        0x8 c:/program files/microchip/xc32/v4.00/bin/bin/../../lib/gcc/pic32c/8.3.1/thumb/v7e-m+fp/hard\libgcc.a(_udivmoddi4.o)
                [!provide]                PROVIDE (__exidx_end = .)
                0x0000028c                . = ALIGN (0x4)
                0x0000028c                _etext = .

.bss            0x20000000        0x0
                0x20000000                . = ALIGN (0x4)
                0x20000000                __bss_start__ = .
                0x20000000                _sbss = .
                0x20000000                _szero = .
 *(COMMON)
                0x20000000                . = ALIGN (0x4)
                0x20000000                __bss_end__ = .
                0x20000000                _ebss = .
                0x20000000                _ezero = .
                0x20000000                . = ALIGN (0x4)
                0x20000000                _end = .
                0x2003ffff                _ram_end_ = ((ORIGIN (ram) + LENGTH (ram)) - 0x1)

.bkupram_bss
 *(.bkupram_bss .bkupram_bss.*)
 *(.pbss .pbss.*)
                0x000186a0                _min_heap_size = 0x186a0
START GROUP
LOAD c:/program files/microchip/xc32/v4.00/bin/bin/../../lib/gcc/pic32c/8.3.1/../../../../pic32c/lib/thumb/v7e-m+fp/hard\libpic32c.a
LOAD c:/program files/microchip/xc32/v4.00/bin/bin/../../lib/gcc/pic32c/8.3.1/../../../../pic32c/lib/thumb/v7e-m+fp/hard\libm-emfloat.a
LOAD c:/program files/microchip/xc32/v4.00/bin/bin/../../lib/gcc/pic32c/8.3.1/../../../../pic32c/lib/thumb/v7e-m+fp/hard\libc-musl.a
LOAD c:/program files/microchip/xc32/v4.00/bin/bin/../../lib/gcc/pic32c/8.3.1/../../../../pic32c/lib/thumb/v7e-m+fp/hard\libm-emfloat.a
LOAD c:/program files/microchip/xc32/v4.00/bin/bin/../../lib/gcc/pic32c/8.3.1/thumb/v7e-m+fp/hard\libgcc.a
END GROUP
LOAD c:/program files/microchip/xc32/v4.00/bin/bin/../../lib/gcc/pic32c/8.3.1/thumb/v7e-m+fp/hard/crtend.o
LOAD c:/program files/microchip/xc32/v4.00/bin/bin/../../lib/gcc/pic32c/8.3.1/thumb/v7e-m+fp/hard/crtn.o
OUTPUT(dist/default/production/same54_cu_tcpip.X.production.elf elf32-littlearm)
LOAD stack
LOAD data_init

.ARM.attributes
                0x00000000       0x32
 .ARM.attributes
                0x00000000       0x1e c:/program files/microchip/xc32/v4.00/bin/bin/../../lib/gcc/pic32c/8.3.1/thumb/v7e-m+fp/hard/crti.o
 .ARM.attributes
                0x0000001e       0x34 c:/program files/microchip/xc32/v4.00/bin/bin/../../lib/gcc/pic32c/8.3.1/thumb/v7e-m+fp/hard/crtbegin.o
 .ARM.attributes
                0x00000052       0x34 build/default/production/_ext/444070925/drv_ethphy.o
 .ARM.attributes
                0x00000086       0x34 build/default/production/_ext/444070925/drv_extphy_ksz8061.o
 .ARM.attributes
                0x000000ba       0x34 build/default/production/_ext/1546807373/drv_gmac.o
 .ARM.attributes
                0x000000ee       0x34 build/default/production/_ext/1546807373/drv_gmac_lib_samE5x.o
 .ARM.attributes
                0x00000122       0x34 build/default/production/_ext/438849557/drv_miim.o
 .ARM.attributes
                0x00000156       0x34 build/default/production/_ext/20954303/drv_sdmmc_file_system.o
 .ARM.attributes
                0x0000018a       0x34 build/default/production/_ext/20954303/drv_sdmmc.o
 .ARM.attributes
                0x000001be       0x34 build/default/production/_ext/1751889202/sys_fs_shell.o
 .ARM.attributes
                0x000001f2       0x34 build/default/production/_ext/1033058136/helpers.o
 .ARM.attributes
                0x00000226       0x34 build/default/production/_ext/1033058136/tcp.o
 .ARM.attributes
                0x0000025a       0x34 build/default/production/_ext/1033058136/arp.o
 .ARM.attributes
                0x0000028e       0x34 build/default/production/_ext/1033058136/ipv4.o
 .ARM.attributes
                0x000002c2       0x34 build/default/production/_ext/1033058136/tcpip_heap_alloc.o
 .ARM.attributes
                0x000002f6       0x34 build/default/production/_ext/1033058136/tcpip_heap_internal.o
 .ARM.attributes
                0x0000032a       0x34 build/default/production/_ext/1033058136/dns.o
 .ARM.attributes
                0x0000035e       0x34 build/default/production/_ext/1033058136/hash_fnv.o
 .ARM.attributes
                0x00000392       0x34 build/default/production/_ext/1033058136/oahash.o
 .ARM.attributes
                0x000003c6       0x34 build/default/production/_ext/1033058136/tcpip_helpers.o
 .ARM.attributes
                0x000003fa       0x34 build/default/production/_ext/1033058136/tcpip_manager.o
 .ARM.attributes
                0x0000042e       0x34 build/default/production/_ext/1033058136/tcpip_notify.o
 .ARM.attributes
                0x00000462       0x34 build/default/production/_ext/1033058136/tcpip_packet.o
 .ARM.attributes
                0x00000496       0x34 build/default/production/_ext/1033058136/ftp.o
 .ARM.attributes
                0x000004ca       0x34 build/default/production/_ext/1033058136/icmp.o
 .ARM.attributes
                0x000004fe       0x34 build/default/production/_ext/1033058136/berkeley_api.o
 .ARM.attributes
                0x00000532       0x34 build/default/production/_ext/1033058136/tcpip_announce.o
 .ARM.attributes
                0x00000566       0x34 build/default/production/_ext/1033058136/udp.o
 .ARM.attributes
                0x0000059a       0x34 build/default/production/_ext/1508031553/net_pres.o
 .ARM.attributes
                0x000005ce       0x34 build/default/production/_ext/1984496892/plib_clock.o
 .ARM.attributes
                0x00000602       0x34 build/default/production/_ext/1986646378/plib_evsys.o
 .ARM.attributes
                0x00000636       0x34 build/default/production/_ext/1865468468/plib_nvic.o
 .ARM.attributes
                0x0000066a       0x34 build/default/production/_ext/1593096446/plib_nvmctrl.o
 .ARM.attributes
                0x0000069e       0x34 build/default/production/_ext/1865521619/plib_port.o
 .ARM.attributes
                0x000006d2       0x34 build/default/production/_ext/1865600094/plib_sdhc1.o
 .ARM.attributes
                0x00000706       0x34 build/default/production/_ext/504274921/plib_sercom1_usart.o
 .ARM.attributes
                0x0000073a       0x34 build/default/production/_ext/829342655/plib_tc0.o
 .ARM.attributes
                0x0000076e       0x34 build/default/production/_ext/1832805299/sys_console.o
 .ARM.attributes
                0x000007a2       0x34 build/default/production/_ext/1832805299/sys_console_uart.o
 .ARM.attributes
                0x000007d6       0x34 build/default/production/_ext/944882569/sys_debug.o
 .ARM.attributes
                0x0000080a       0x34 build/default/production/_ext/411819097/ff.o
 .ARM.attributes
                0x0000083e       0x34 build/default/production/_ext/411819097/ffunicode.o
 .ARM.attributes
                0x00000872       0x34 build/default/production/_ext/565198302/diskio.o
 .ARM.attributes
                0x000008a6       0x34 build/default/production/_ext/1269487135/sys_fs.o
 .ARM.attributes
                0x000008da       0x34 build/default/production/_ext/1269487135/sys_fs_media_manager.o
 .ARM.attributes
                0x0000090e       0x34 build/default/production/_ext/1269487135/sys_fs_fat_interface.o
 .ARM.attributes
                0x00000942       0x34 build/default/production/_ext/1881668453/sys_int.o
 .ARM.attributes
                0x00000976       0x34 build/default/production/_ext/101884895/sys_time.o
 .ARM.attributes
                0x000009aa       0x34 build/default/production/_ext/753841488/sys_time_h2_adapter.o
 .ARM.attributes
                0x000009de       0x34 build/default/production/_ext/1171490990/initialization.o
 .ARM.attributes
                0x00000a12       0x34 build/default/production/_ext/1171490990/interrupts.o
 .ARM.attributes
                0x00000a46       0x34 build/default/production/_ext/1171490990/exceptions.o
 .ARM.attributes
                0x00000a7a       0x34 build/default/production/_ext/1171490990/startup_xc32.o
 .ARM.attributes
                0x00000aae       0x34 build/default/production/_ext/1171490990/tasks.o
 .ARM.attributes
                0x00000ae2       0x34 build/default/production/_ext/172253694/crypt_wolfcryptcb.o
 .ARM.attributes
                0x00000b16       0x34 build/default/production/_ext/1664057780/cryptocb.o
 .ARM.attributes
                0x00000b4a       0x34 build/default/production/_ext/1360937237/main.o
 .ARM.attributes
                0x00000b7e       0x34 build/default/production/_ext/1360937237/app.o
 .ARM.attributes
                0x00000bb2       0x34 c:/program files/microchip/xc32/v4.00/bin/bin/../../lib/gcc/pic32c/8.3.1/../../../../pic32c/lib/thumb/v7e-m+fp/hard\libpic32c.a(data_init.o)
 .ARM.attributes
                0x00000be6       0x36 c:/program files/microchip/xc32/v4.00/bin/bin/../../lib/gcc/pic32c/8.3.1/../../../../pic32c/lib/thumb/v7e-m+fp/hard\libc-musl.a(isxdigit.o)
 .ARM.attributes
                0x00000c1c       0x36 c:/program files/microchip/xc32/v4.00/bin/bin/../../lib/gcc/pic32c/8.3.1/../../../../pic32c/lib/thumb/v7e-m+fp/hard\libc-musl.a(tolower.o)
 .ARM.attributes
                0x00000c52       0x36 c:/program files/microchip/xc32/v4.00/bin/bin/../../lib/gcc/pic32c/8.3.1/../../../../pic32c/lib/thumb/v7e-m+fp/hard\libc-musl.a(toupper.o)
 .ARM.attributes
                0x00000c88       0x36 c:/program files/microchip/xc32/v4.00/bin/bin/../../lib/gcc/pic32c/8.3.1/../../../../pic32c/lib/thumb/v7e-m+fp/hard\libc-musl.a(__libc_start_main.o)
 .ARM.attributes
                0x00000cbe       0x34 c:/program files/microchip/xc32/v4.00/bin/bin/../../lib/gcc/pic32c/8.3.1/../../../../pic32c/lib/thumb/v7e-m+fp/hard\libc-musl.a(__errno_location.o)
 .ARM.attributes
                0x00000cf2       0x34 c:/program files/microchip/xc32/v4.00/bin/bin/../../lib/gcc/pic32c/8.3.1/../../../../pic32c/lib/thumb/v7e-m+fp/hard\libc-musl.a(libc.o)
 .ARM.attributes
                0x00000d26       0x36 c:/program files/microchip/xc32/v4.00/bin/bin/../../lib/gcc/pic32c/8.3.1/../../../../pic32c/lib/thumb/v7e-m+fp/hard\libc-musl.a(calloc.o)
 .ARM.attributes
                0x00000d5c       0x36 c:/program files/microchip/xc32/v4.00/bin/bin/../../lib/gcc/pic32c/8.3.1/../../../../pic32c/lib/thumb/v7e-m+fp/hard\libc-musl.a(malloc.o)
 .ARM.attributes
                0x00000d92       0x36 c:/program files/microchip/xc32/v4.00/bin/bin/../../lib/gcc/pic32c/8.3.1/../../../../pic32c/lib/thumb/v7e-m+fp/hard\libc-musl.a(expand_heap.o)
 .ARM.attributes
                0x00000dc8       0x36 c:/program files/microchip/xc32/v4.00/bin/bin/../../lib/gcc/pic32c/8.3.1/../../../../pic32c/lib/thumb/v7e-m+fp/hard\libc-musl.a(rand.o)
 .ARM.attributes
                0x00000dfe       0x36 c:/program files/microchip/xc32/v4.00/bin/bin/../../lib/gcc/pic32c/8.3.1/../../../../pic32c/lib/thumb/v7e-m+fp/hard\libc-musl.a(vsnprintf.o)
 .ARM.attributes
                0x00000e34       0x36 c:/program files/microchip/xc32/v4.00/bin/bin/../../lib/gcc/pic32c/8.3.1/../../../../pic32c/lib/thumb/v7e-m+fp/hard\libc-musl.a(snprintf.o)
 .ARM.attributes
                0x00000e6a       0x36 c:/program files/microchip/xc32/v4.00/bin/bin/../../lib/gcc/pic32c/8.3.1/../../../../pic32c/lib/thumb/v7e-m+fp/hard\libc-musl.a(sprintf.o)
 .ARM.attributes
                0x00000ea0       0x36 c:/program files/microchip/xc32/v4.00/bin/bin/../../lib/gcc/pic32c/8.3.1/../../../../pic32c/lib/thumb/v7e-m+fp/hard\libc-musl.a(vsprintf.o)
 .ARM.attributes
                0x00000ed6       0x36 c:/program files/microchip/xc32/v4.00/bin/bin/../../lib/gcc/pic32c/8.3.1/../../../../pic32c/lib/thumb/v7e-m+fp/hard\libc-musl.a(atoi.o)
 .ARM.attributes
                0x00000f0c       0x36 c:/program files/microchip/xc32/v4.00/bin/bin/../../lib/gcc/pic32c/8.3.1/../../../../pic32c/lib/thumb/v7e-m+fp/hard\libc-musl.a(memcmp.o)
 .ARM.attributes
                0x00000f42       0x36 c:/program files/microchip/xc32/v4.00/bin/bin/../../lib/gcc/pic32c/8.3.1/../../../../pic32c/lib/thumb/v7e-m+fp/hard\libc-musl.a(memcpy.o)
 .ARM.attributes
                0x00000f78       0x36 c:/program files/microchip/xc32/v4.00/bin/bin/../../lib/gcc/pic32c/8.3.1/../../../../pic32c/lib/thumb/v7e-m+fp/hard\libc-musl.a(memset.o)
 .ARM.attributes
                0x00000fae       0x36 c:/program files/microchip/xc32/v4.00/bin/bin/../../lib/gcc/pic32c/8.3.1/../../../../pic32c/lib/thumb/v7e-m+fp/hard\libc-musl.a(strlen.o)
 .ARM.attributes
                0x00000fe4       0x36 c:/program files/microchip/xc32/v4.00/bin/bin/../../lib/gcc/pic32c/8.3.1/../../../../pic32c/lib/thumb/v7e-m+fp/hard\libc-musl.a(strstr.o)
 .ARM.attributes
                0x0000101a       0x36 c:/program files/microchip/xc32/v4.00/bin/bin/../../lib/gcc/pic32c/8.3.1/../../../../pic32c/lib/thumb/v7e-m+fp/hard\libc-musl.a(strchr.o)
 .ARM.attributes
                0x00001050       0x36 c:/program files/microchip/xc32/v4.00/bin/bin/../../lib/gcc/pic32c/8.3.1/../../../../pic32c/lib/thumb/v7e-m+fp/hard\libc-musl.a(strchrnul.o)
 .ARM.attributes
                0x00001086       0x36 c:/program files/microchip/xc32/v4.00/bin/bin/../../lib/gcc/pic32c/8.3.1/../../../../pic32c/lib/thumb/v7e-m+fp/hard\libc-musl.a(strcmp.o)
 .ARM.attributes
                0x000010bc       0x36 c:/program files/microchip/xc32/v4.00/bin/bin/../../lib/gcc/pic32c/8.3.1/../../../../pic32c/lib/thumb/v7e-m+fp/hard\libc-musl.a(strcpy.o)
 .ARM.attributes
                0x000010f2       0x36 c:/program files/microchip/xc32/v4.00/bin/bin/../../lib/gcc/pic32c/8.3.1/../../../../pic32c/lib/thumb/v7e-m+fp/hard\libc-musl.a(strncmp.o)
 .ARM.attributes
                0x00001128       0x36 c:/program files/microchip/xc32/v4.00/bin/bin/../../lib/gcc/pic32c/8.3.1/../../../../pic32c/lib/thumb/v7e-m+fp/hard\libc-musl.a(strncpy.o)
 .ARM.attributes
                0x0000115e       0x34 c:/program files/microchip/xc32/v4.00/bin/bin/../../lib/gcc/pic32c/8.3.1/../../../../pic32c/lib/thumb/v7e-m+fp/hard\libc-musl.a(__environ.o)
 .ARM.attributes
                0x00001192       0x36 c:/program files/microchip/xc32/v4.00/bin/bin/../../lib/gcc/pic32c/8.3.1/../../../../pic32c/lib/thumb/v7e-m+fp/hard\libc-musl.a(vfprintf.o)
 .ARM.attributes
                0x000011c8       0x36 c:/program files/microchip/xc32/v4.00/bin/bin/../../lib/gcc/pic32c/8.3.1/../../../../pic32c/lib/thumb/v7e-m+fp/hard\libc-musl.a(stpcpy.o)
 .ARM.attributes
                0x000011fe       0x36 c:/program files/microchip/xc32/v4.00/bin/bin/../../lib/gcc/pic32c/8.3.1/../../../../pic32c/lib/thumb/v7e-m+fp/hard\libc-musl.a(stpncpy.o)
 .ARM.attributes
                0x00001234       0x36 c:/program files/microchip/xc32/v4.00/bin/bin/../../lib/gcc/pic32c/8.3.1/../../../../pic32c/lib/thumb/v7e-m+fp/hard\libc-musl.a(__printf_core.o)
 .ARM.attributes
                0x0000126a       0x36 c:/program files/microchip/xc32/v4.00/bin/bin/../../lib/gcc/pic32c/8.3.1/../../../../pic32c/lib/thumb/v7e-m+fp/hard\libc-musl.a(__fmt_a.o)
 .ARM.attributes
                0x000012a0       0x36 c:/program files/microchip/xc32/v4.00/bin/bin/../../lib/gcc/pic32c/8.3.1/../../../../pic32c/lib/thumb/v7e-m+fp/hard\libc-musl.a(__fmt_d.o)
 .ARM.attributes
                0x000012d6       0x36 c:/program files/microchip/xc32/v4.00/bin/bin/../../lib/gcc/pic32c/8.3.1/../../../../pic32c/lib/thumb/v7e-m+fp/hard\libc-musl.a(__fmt_fp.o)
 .ARM.attributes
                0x0000130c       0x36 c:/program files/microchip/xc32/v4.00/bin/bin/../../lib/gcc/pic32c/8.3.1/../../../../pic32c/lib/thumb/v7e-m+fp/hard\libc-musl.a(__fmt_o.o)
 .ARM.attributes
                0x00001342       0x36 c:/program files/microchip/xc32/v4.00/bin/bin/../../lib/gcc/pic32c/8.3.1/../../../../pic32c/lib/thumb/v7e-m+fp/hard\libc-musl.a(__fmt_s.o)
 .ARM.attributes
                0x00001378       0x36 c:/program files/microchip/xc32/v4.00/bin/bin/../../lib/gcc/pic32c/8.3.1/../../../../pic32c/lib/thumb/v7e-m+fp/hard\libc-musl.a(__fmt_u.o)
 .ARM.attributes
                0x000013ae       0x36 c:/program files/microchip/xc32/v4.00/bin/bin/../../lib/gcc/pic32c/8.3.1/../../../../pic32c/lib/thumb/v7e-m+fp/hard\libc-musl.a(__fmt_x.o)
 .ARM.attributes
                0x000013e4       0x36 c:/program files/microchip/xc32/v4.00/bin/bin/../../lib/gcc/pic32c/8.3.1/../../../../pic32c/lib/thumb/v7e-m+fp/hard\libc-musl.a(__pop_float.o)
 .ARM.attributes
                0x0000141a       0x36 c:/program files/microchip/xc32/v4.00/bin/bin/../../lib/gcc/pic32c/8.3.1/../../../../pic32c/lib/thumb/v7e-m+fp/hard\libc-musl.a(__pop_int.o)
 .ARM.attributes
                0x00001450       0x36 c:/program files/microchip/xc32/v4.00/bin/bin/../../lib/gcc/pic32c/8.3.1/../../../../pic32c/lib/thumb/v7e-m+fp/hard\libc-musl.a(__pop_ptr.o)
 .ARM.attributes
                0x00001486       0x34 c:/program files/microchip/xc32/v4.00/bin/bin/../../lib/gcc/pic32c/8.3.1/../../../../pic32c/lib/thumb/v7e-m+fp/hard\libm-emfloat.a(lib_a-_FLOOR.o)
 .ARM.attributes
                0x000014ba       0x34 c:/program files/microchip/xc32/v4.00/bin/bin/../../lib/gcc/pic32c/8.3.1/../../../../pic32c/lib/thumb/v7e-m+fp/hard\libm-emfloat.a(lib_a-_FMA.o)
 .ARM.attributes
                0x000014ee       0x20 c:/program files/microchip/xc32/v4.00/bin/bin/../../lib/gcc/pic32c/8.3.1/../../../../pic32c/lib/thumb/v7e-m+fp/hard\libm-emfloat.a(floatasmops_arm.o)
 .ARM.attributes
                0x0000150e       0x1e c:/program files/microchip/xc32/v4.00/bin/bin/../../lib/gcc/pic32c/8.3.1/thumb/v7e-m+fp/hard\libgcc.a(_aeabi_uldivmod.o)
 .ARM.attributes
                0x0000152c       0x34 c:/program files/microchip/xc32/v4.00/bin/bin/../../lib/gcc/pic32c/8.3.1/thumb/v7e-m+fp/hard\libgcc.a(_udivmoddi4.o)
 .ARM.attributes
                0x00001560       0x1e c:/program files/microchip/xc32/v4.00/bin/bin/../../lib/gcc/pic32c/8.3.1/thumb/v7e-m+fp/hard\libgcc.a(_dvmd_tls.o)
 .ARM.attributes
                0x0000157e       0x34 c:/program files/microchip/xc32/v4.00/bin/bin/../../lib/gcc/pic32c/8.3.1/../../../../pic32c/lib/thumb/v7e-m+fp/hard\libpic32c.a(sbrk.o)
 .ARM.attributes
                0x000015b2       0x1e c:/program files/microchip/xc32/v4.00/bin/bin/../../lib/gcc/pic32c/8.3.1/thumb/v7e-m+fp/hard/crtn.o

.comment        0x00000000       0x53
 .comment       0x00000000       0x53 c:/program files/microchip/xc32/v4.00/bin/bin/../../lib/gcc/pic32c/8.3.1/thumb/v7e-m+fp/hard/crtbegin.o
                                 0x54 (size before relaxing)
 .comment       0x00000053       0x54 build/default/production/_ext/444070925/drv_ethphy.o
 .comment       0x00000053       0x54 build/default/production/_ext/444070925/drv_extphy_ksz8061.o
 .comment       0x00000053       0x54 build/default/production/_ext/1546807373/drv_gmac.o
 .comment       0x00000053       0x54 build/default/production/_ext/1546807373/drv_gmac_lib_samE5x.o
 .comment       0x00000053       0x54 build/default/production/_ext/438849557/drv_miim.o
 .comment       0x00000053       0x54 build/default/production/_ext/20954303/drv_sdmmc_file_system.o
 .comment       0x00000053       0x54 build/default/production/_ext/20954303/drv_sdmmc.o
 .comment       0x00000053       0x54 build/default/production/_ext/1751889202/sys_fs_shell.o
 .comment       0x00000053       0x54 build/default/production/_ext/1033058136/helpers.o
 .comment       0x00000053       0x54 build/default/production/_ext/1033058136/tcp.o
 .comment       0x00000053       0x54 build/default/production/_ext/1033058136/arp.o
 .comment       0x00000053       0x54 build/default/production/_ext/1033058136/ipv4.o
 .comment       0x00000053       0x54 build/default/production/_ext/1033058136/tcpip_heap_alloc.o
 .comment       0x00000053       0x54 build/default/production/_ext/1033058136/tcpip_heap_internal.o
 .comment       0x00000053       0x54 build/default/production/_ext/1033058136/dns.o
 .comment       0x00000053       0x54 build/default/production/_ext/1033058136/hash_fnv.o
 .comment       0x00000053       0x54 build/default/production/_ext/1033058136/oahash.o
 .comment       0x00000053       0x54 build/default/production/_ext/1033058136/tcpip_helpers.o
 .comment       0x00000053       0x54 build/default/production/_ext/1033058136/tcpip_manager.o
 .comment       0x00000053       0x54 build/default/production/_ext/1033058136/tcpip_notify.o
 .comment       0x00000053       0x54 build/default/production/_ext/1033058136/tcpip_packet.o
 .comment       0x00000053       0x54 build/default/production/_ext/1033058136/ftp.o
 .comment       0x00000053       0x54 build/default/production/_ext/1033058136/icmp.o
 .comment       0x00000053       0x54 build/default/production/_ext/1033058136/berkeley_api.o
 .comment       0x00000053       0x54 build/default/production/_ext/1033058136/tcpip_announce.o
 .comment       0x00000053       0x54 build/default/production/_ext/1033058136/udp.o
 .comment       0x00000053       0x54 build/default/production/_ext/1508031553/net_pres.o
 .comment       0x00000053       0x54 build/default/production/_ext/1984496892/plib_clock.o
 .comment       0x00000053       0x54 build/default/production/_ext/1986646378/plib_evsys.o
 .comment       0x00000053       0x54 build/default/production/_ext/1865468468/plib_nvic.o
 .comment       0x00000053       0x54 build/default/production/_ext/1593096446/plib_nvmctrl.o
 .comment       0x00000053       0x54 build/default/production/_ext/1865521619/plib_port.o
 .comment       0x00000053       0x54 build/default/production/_ext/1865600094/plib_sdhc1.o
 .comment       0x00000053       0x54 build/default/production/_ext/504274921/plib_sercom1_usart.o
 .comment       0x00000053       0x54 build/default/production/_ext/829342655/plib_tc0.o
 .comment       0x00000053       0x54 build/default/production/_ext/1832805299/sys_console.o
 .comment       0x00000053       0x54 build/default/production/_ext/1832805299/sys_console_uart.o
 .comment       0x00000053       0x54 build/default/production/_ext/944882569/sys_debug.o
 .comment       0x00000053       0x54 build/default/production/_ext/411819097/ff.o
 .comment       0x00000053       0x54 build/default/production/_ext/411819097/ffunicode.o
 .comment       0x00000053       0x54 build/default/production/_ext/565198302/diskio.o
 .comment       0x00000053       0x54 build/default/production/_ext/1269487135/sys_fs.o
 .comment       0x00000053       0x54 build/default/production/_ext/1269487135/sys_fs_media_manager.o
 .comment       0x00000053       0x54 build/default/production/_ext/1269487135/sys_fs_fat_interface.o
 .comment       0x00000053       0x54 build/default/production/_ext/1881668453/sys_int.o
 .comment       0x00000053       0x54 build/default/production/_ext/101884895/sys_time.o
 .comment       0x00000053       0x54 build/default/production/_ext/753841488/sys_time_h2_adapter.o
 .comment       0x00000053       0x54 build/default/production/_ext/1171490990/initialization.o
 .comment       0x00000053       0x54 build/default/production/_ext/1171490990/interrupts.o
 .comment       0x00000053       0x54 build/default/production/_ext/1171490990/exceptions.o
 .comment       0x00000053       0x54 build/default/production/_ext/1171490990/startup_xc32.o
 .comment       0x00000053       0x54 build/default/production/_ext/1171490990/tasks.o
 .comment       0x00000053       0x54 build/default/production/_ext/172253694/crypt_wolfcryptcb.o
 .comment       0x00000053       0x54 build/default/production/_ext/1664057780/cryptocb.o
 .comment       0x00000053       0x54 build/default/production/_ext/1360937237/main.o
 .comment       0x00000053       0x54 build/default/production/_ext/1360937237/app.o
 .comment       0x00000053       0x54 c:/program files/microchip/xc32/v4.00/bin/bin/../../lib/gcc/pic32c/8.3.1/../../../../pic32c/lib/thumb/v7e-m+fp/hard\libpic32c.a(data_init.o)
 .comment       0x00000053       0x54 c:/program files/microchip/xc32/v4.00/bin/bin/../../lib/gcc/pic32c/8.3.1/../../../../pic32c/lib/thumb/v7e-m+fp/hard\libc-musl.a(isxdigit.o)
 .comment       0x00000053       0x54 c:/program files/microchip/xc32/v4.00/bin/bin/../../lib/gcc/pic32c/8.3.1/../../../../pic32c/lib/thumb/v7e-m+fp/hard\libc-musl.a(tolower.o)
 .comment       0x00000053       0x54 c:/program files/microchip/xc32/v4.00/bin/bin/../../lib/gcc/pic32c/8.3.1/../../../../pic32c/lib/thumb/v7e-m+fp/hard\libc-musl.a(toupper.o)
 .comment       0x00000053       0x54 c:/program files/microchip/xc32/v4.00/bin/bin/../../lib/gcc/pic32c/8.3.1/../../../../pic32c/lib/thumb/v7e-m+fp/hard\libc-musl.a(__libc_start_main.o)
 .comment       0x00000053       0x54 c:/program files/microchip/xc32/v4.00/bin/bin/../../lib/gcc/pic32c/8.3.1/../../../../pic32c/lib/thumb/v7e-m+fp/hard\libc-musl.a(__errno_location.o)
 .comment       0x00000053       0x54 c:/program files/microchip/xc32/v4.00/bin/bin/../../lib/gcc/pic32c/8.3.1/../../../../pic32c/lib/thumb/v7e-m+fp/hard\libc-musl.a(libc.o)
 .comment       0x00000053       0x54 c:/program files/microchip/xc32/v4.00/bin/bin/../../lib/gcc/pic32c/8.3.1/../../../../pic32c/lib/thumb/v7e-m+fp/hard\libc-musl.a(calloc.o)
 .comment       0x00000053       0x54 c:/program files/microchip/xc32/v4.00/bin/bin/../../lib/gcc/pic32c/8.3.1/../../../../pic32c/lib/thumb/v7e-m+fp/hard\libc-musl.a(malloc.o)
 .comment       0x00000053       0x54 c:/program files/microchip/xc32/v4.00/bin/bin/../../lib/gcc/pic32c/8.3.1/../../../../pic32c/lib/thumb/v7e-m+fp/hard\libc-musl.a(expand_heap.o)
 .comment       0x00000053       0x54 c:/program files/microchip/xc32/v4.00/bin/bin/../../lib/gcc/pic32c/8.3.1/../../../../pic32c/lib/thumb/v7e-m+fp/hard\libc-musl.a(rand.o)
 .comment       0x00000053       0x54 c:/program files/microchip/xc32/v4.00/bin/bin/../../lib/gcc/pic32c/8.3.1/../../../../pic32c/lib/thumb/v7e-m+fp/hard\libc-musl.a(vsnprintf.o)
 .comment       0x00000053       0x54 c:/program files/microchip/xc32/v4.00/bin/bin/../../lib/gcc/pic32c/8.3.1/../../../../pic32c/lib/thumb/v7e-m+fp/hard\libc-musl.a(snprintf.o)
 .comment       0x00000053       0x54 c:/program files/microchip/xc32/v4.00/bin/bin/../../lib/gcc/pic32c/8.3.1/../../../../pic32c/lib/thumb/v7e-m+fp/hard\libc-musl.a(sprintf.o)
 .comment       0x00000053       0x54 c:/program files/microchip/xc32/v4.00/bin/bin/../../lib/gcc/pic32c/8.3.1/../../../../pic32c/lib/thumb/v7e-m+fp/hard\libc-musl.a(vsprintf.o)
 .comment       0x00000053       0x54 c:/program files/microchip/xc32/v4.00/bin/bin/../../lib/gcc/pic32c/8.3.1/../../../../pic32c/lib/thumb/v7e-m+fp/hard\libc-musl.a(atoi.o)
 .comment       0x00000053       0x54 c:/program files/microchip/xc32/v4.00/bin/bin/../../lib/gcc/pic32c/8.3.1/../../../../pic32c/lib/thumb/v7e-m+fp/hard\libc-musl.a(memcmp.o)
 .comment       0x00000053       0x54 c:/program files/microchip/xc32/v4.00/bin/bin/../../lib/gcc/pic32c/8.3.1/../../../../pic32c/lib/thumb/v7e-m+fp/hard\libc-musl.a(memcpy.o)
 .comment       0x00000053       0x54 c:/program files/microchip/xc32/v4.00/bin/bin/../../lib/gcc/pic32c/8.3.1/../../../../pic32c/lib/thumb/v7e-m+fp/hard\libc-musl.a(memset.o)
 .comment       0x00000053       0x54 c:/program files/microchip/xc32/v4.00/bin/bin/../../lib/gcc/pic32c/8.3.1/../../../../pic32c/lib/thumb/v7e-m+fp/hard\libc-musl.a(strlen.o)
 .comment       0x00000053       0x54 c:/program files/microchip/xc32/v4.00/bin/bin/../../lib/gcc/pic32c/8.3.1/../../../../pic32c/lib/thumb/v7e-m+fp/hard\libc-musl.a(strstr.o)
 .comment       0x00000053       0x54 c:/program files/microchip/xc32/v4.00/bin/bin/../../lib/gcc/pic32c/8.3.1/../../../../pic32c/lib/thumb/v7e-m+fp/hard\libc-musl.a(strchr.o)
 .comment       0x00000053       0x54 c:/program files/microchip/xc32/v4.00/bin/bin/../../lib/gcc/pic32c/8.3.1/../../../../pic32c/lib/thumb/v7e-m+fp/hard\libc-musl.a(strchrnul.o)
 .comment       0x00000053       0x54 c:/program files/microchip/xc32/v4.00/bin/bin/../../lib/gcc/pic32c/8.3.1/../../../../pic32c/lib/thumb/v7e-m+fp/hard\libc-musl.a(strcmp.o)
 .comment       0x00000053       0x54 c:/program files/microchip/xc32/v4.00/bin/bin/../../lib/gcc/pic32c/8.3.1/../../../../pic32c/lib/thumb/v7e-m+fp/hard\libc-musl.a(strcpy.o)
 .comment       0x00000053       0x54 c:/program files/microchip/xc32/v4.00/bin/bin/../../lib/gcc/pic32c/8.3.1/../../../../pic32c/lib/thumb/v7e-m+fp/hard\libc-musl.a(strncmp.o)
 .comment       0x00000053       0x54 c:/program files/microchip/xc32/v4.00/bin/bin/../../lib/gcc/pic32c/8.3.1/../../../../pic32c/lib/thumb/v7e-m+fp/hard\libc-musl.a(strncpy.o)
 .comment       0x00000053       0x54 c:/program files/microchip/xc32/v4.00/bin/bin/../../lib/gcc/pic32c/8.3.1/../../../../pic32c/lib/thumb/v7e-m+fp/hard\libc-musl.a(__environ.o)
 .comment       0x00000053       0x54 c:/program files/microchip/xc32/v4.00/bin/bin/../../lib/gcc/pic32c/8.3.1/../../../../pic32c/lib/thumb/v7e-m+fp/hard\libc-musl.a(vfprintf.o)
 .comment       0x00000053       0x54 c:/program files/microchip/xc32/v4.00/bin/bin/../../lib/gcc/pic32c/8.3.1/../../../../pic32c/lib/thumb/v7e-m+fp/hard\libc-musl.a(stpcpy.o)
 .comment       0x00000053       0x54 c:/program files/microchip/xc32/v4.00/bin/bin/../../lib/gcc/pic32c/8.3.1/../../../../pic32c/lib/thumb/v7e-m+fp/hard\libc-musl.a(stpncpy.o)
 .comment       0x00000053       0x54 c:/program files/microchip/xc32/v4.00/bin/bin/../../lib/gcc/pic32c/8.3.1/../../../../pic32c/lib/thumb/v7e-m+fp/hard\libc-musl.a(__printf_core.o)
 .comment       0x00000053       0x54 c:/program files/microchip/xc32/v4.00/bin/bin/../../lib/gcc/pic32c/8.3.1/../../../../pic32c/lib/thumb/v7e-m+fp/hard\libc-musl.a(__fmt_a.o)
 .comment       0x00000053       0x54 c:/program files/microchip/xc32/v4.00/bin/bin/../../lib/gcc/pic32c/8.3.1/../../../../pic32c/lib/thumb/v7e-m+fp/hard\libc-musl.a(__fmt_d.o)
 .comment       0x00000053       0x54 c:/program files/microchip/xc32/v4.00/bin/bin/../../lib/gcc/pic32c/8.3.1/../../../../pic32c/lib/thumb/v7e-m+fp/hard\libc-musl.a(__fmt_fp.o)
 .comment       0x00000053       0x54 c:/program files/microchip/xc32/v4.00/bin/bin/../../lib/gcc/pic32c/8.3.1/../../../../pic32c/lib/thumb/v7e-m+fp/hard\libc-musl.a(__fmt_o.o)
 .comment       0x00000053       0x54 c:/program files/microchip/xc32/v4.00/bin/bin/../../lib/gcc/pic32c/8.3.1/../../../../pic32c/lib/thumb/v7e-m+fp/hard\libc-musl.a(__fmt_s.o)
 .comment       0x00000053       0x54 c:/program files/microchip/xc32/v4.00/bin/bin/../../lib/gcc/pic32c/8.3.1/../../../../pic32c/lib/thumb/v7e-m+fp/hard\libc-musl.a(__fmt_u.o)
 .comment       0x00000053       0x54 c:/program files/microchip/xc32/v4.00/bin/bin/../../lib/gcc/pic32c/8.3.1/../../../../pic32c/lib/thumb/v7e-m+fp/hard\libc-musl.a(__fmt_x.o)
 .comment       0x00000053       0x54 c:/program files/microchip/xc32/v4.00/bin/bin/../../lib/gcc/pic32c/8.3.1/../../../../pic32c/lib/thumb/v7e-m+fp/hard\libc-musl.a(__pop_float.o)
 .comment       0x00000053       0x54 c:/program files/microchip/xc32/v4.00/bin/bin/../../lib/gcc/pic32c/8.3.1/../../../../pic32c/lib/thumb/v7e-m+fp/hard\libc-musl.a(__pop_int.o)
 .comment       0x00000053       0x54 c:/program files/microchip/xc32/v4.00/bin/bin/../../lib/gcc/pic32c/8.3.1/../../../../pic32c/lib/thumb/v7e-m+fp/hard\libc-musl.a(__pop_ptr.o)
 .comment       0x00000053       0x54 c:/program files/microchip/xc32/v4.00/bin/bin/../../lib/gcc/pic32c/8.3.1/../../../../pic32c/lib/thumb/v7e-m+fp/hard\libm-emfloat.a(lib_a-_FLOOR.o)
 .comment       0x00000053       0x54 c:/program files/microchip/xc32/v4.00/bin/bin/../../lib/gcc/pic32c/8.3.1/../../../../pic32c/lib/thumb/v7e-m+fp/hard\libm-emfloat.a(lib_a-_FMA.o)
 .comment       0x00000053       0x54 c:/program files/microchip/xc32/v4.00/bin/bin/../../lib/gcc/pic32c/8.3.1/thumb/v7e-m+fp/hard\libgcc.a(_udivmoddi4.o)
 .comment       0x00000053       0x54 c:/program files/microchip/xc32/v4.00/bin/bin/../../lib/gcc/pic32c/8.3.1/../../../../pic32c/lib/thumb/v7e-m+fp/hard\libpic32c.a(sbrk.o)

.debug_info     0x00000000    0xf41d9
 .debug_info    0x00000000     0x7fb1 build/default/production/_ext/444070925/drv_ethphy.o
 .debug_info    0x00007fb1     0x2328 build/default/production/_ext/444070925/drv_extphy_ksz8061.o
 .debug_info    0x0000a2d9     0xa311 build/default/production/_ext/1546807373/drv_gmac.o
 .debug_info    0x000145ea     0x8d64 build/default/production/_ext/1546807373/drv_gmac_lib_samE5x.o
 .debug_info    0x0001d34e     0x4dae build/default/production/_ext/438849557/drv_miim.o
 .debug_info    0x000220fc      0xc59 build/default/production/_ext/20954303/drv_sdmmc_file_system.o
 .debug_info    0x00022d55     0x4dc8 build/default/production/_ext/20954303/drv_sdmmc.o
 .debug_info    0x00027b1d     0x2189 build/default/production/_ext/1751889202/sys_fs_shell.o
 .debug_info    0x00029ca6      0x6d7 build/default/production/_ext/1033058136/helpers.o
 .debug_info    0x0002a37d     0xc1c7 build/default/production/_ext/1033058136/tcp.o
 .debug_info    0x00036544     0x72be build/default/production/_ext/1033058136/arp.o
 .debug_info    0x0003d802     0x7f12 build/default/production/_ext/1033058136/ipv4.o
 .debug_info    0x00045714     0x2a93 build/default/production/_ext/1033058136/tcpip_heap_alloc.o
 .debug_info    0x000481a7     0x3c2c build/default/production/_ext/1033058136/tcpip_heap_internal.o
 .debug_info    0x0004bdd3     0x8254 build/default/production/_ext/1033058136/dns.o
 .debug_info    0x00054027      0x435 build/default/production/_ext/1033058136/hash_fnv.o
 .debug_info    0x0005445c      0xc5f build/default/production/_ext/1033058136/oahash.o
 .debug_info    0x000550bb     0x751a build/default/production/_ext/1033058136/tcpip_helpers.o
 .debug_info    0x0005c5d5     0xcbb5 build/default/production/_ext/1033058136/tcpip_manager.o
 .debug_info    0x0006918a     0x2aea build/default/production/_ext/1033058136/tcpip_notify.o
 .debug_info    0x0006bc74     0x3b9a build/default/production/_ext/1033058136/tcpip_packet.o
 .debug_info    0x0006f80e     0x91b3 build/default/production/_ext/1033058136/ftp.o
 .debug_info    0x000789c1     0x3c16 build/default/production/_ext/1033058136/icmp.o
 .debug_info    0x0007c5d7     0x7c73 build/default/production/_ext/1033058136/berkeley_api.o
 .debug_info    0x0008424a     0x53b9 build/default/production/_ext/1033058136/tcpip_announce.o
 .debug_info    0x00089603     0x9b4a build/default/production/_ext/1033058136/udp.o
 .debug_info    0x0009314d     0x38c5 build/default/production/_ext/1508031553/net_pres.o
 .debug_info    0x00096a12      0xb8f build/default/production/_ext/1984496892/plib_clock.o
 .debug_info    0x000975a1      0x34c build/default/production/_ext/1986646378/plib_evsys.o
 .debug_info    0x000978ed     0x162f build/default/production/_ext/1865468468/plib_nvic.o
 .debug_info    0x00098f1c      0xe8a build/default/production/_ext/1593096446/plib_nvmctrl.o
 .debug_info    0x00099da6     0x10f6 build/default/production/_ext/1865521619/plib_port.o
 .debug_info    0x0009ae9c     0x1416 build/default/production/_ext/1865600094/plib_sdhc1.o
 .debug_info    0x0009c2b2     0x2127 build/default/production/_ext/504274921/plib_sercom1_usart.o
 .debug_info    0x0009e3d9      0xcb1 build/default/production/_ext/829342655/plib_tc0.o
 .debug_info    0x0009f08a     0x1514 build/default/production/_ext/1832805299/sys_console.o
 .debug_info    0x000a059e     0x5021 build/default/production/_ext/1832805299/sys_console_uart.o
 .debug_info    0x000a55bf      0x81f build/default/production/_ext/944882569/sys_debug.o
 .debug_info    0x000a5dde     0x6731 build/default/production/_ext/411819097/ff.o
 .debug_info    0x000ac50f      0x5e9 build/default/production/_ext/411819097/ffunicode.o
 .debug_info    0x000acaf8      0xfb8 build/default/production/_ext/565198302/diskio.o
 .debug_info    0x000adab0     0x4a49 build/default/production/_ext/1269487135/sys_fs.o
 .debug_info    0x000b24f9     0x24f8 build/default/production/_ext/1269487135/sys_fs_media_manager.o
 .debug_info    0x000b49f1     0x24b6 build/default/production/_ext/1269487135/sys_fs_fat_interface.o
 .debug_info    0x000b6ea7     0x11ce build/default/production/_ext/1881668453/sys_int.o
 .debug_info    0x000b8075     0x30d3 build/default/production/_ext/101884895/sys_time.o
 .debug_info    0x000bb148      0x689 build/default/production/_ext/753841488/sys_time_h2_adapter.o
 .debug_info    0x000bb7d1     0x9b63 build/default/production/_ext/1171490990/initialization.o
 .debug_info    0x000c5334     0x52b3 build/default/production/_ext/1171490990/interrupts.o
 .debug_info    0x000ca5e7     0x3d41 build/default/production/_ext/1171490990/exceptions.o
 .debug_info    0x000ce328      0x8c7 build/default/production/_ext/1171490990/startup_xc32.o
 .debug_info    0x000cebef     0x3d00 build/default/production/_ext/1171490990/tasks.o
 .debug_info    0x000d28ef     0x22d3 build/default/production/_ext/172253694/crypt_wolfcryptcb.o
 .debug_info    0x000d4bc2     0x4543 build/default/production/_ext/1664057780/cryptocb.o
 .debug_info    0x000d9105     0x3c98 build/default/production/_ext/1360937237/main.o
 .debug_info    0x000dcd9d     0x4754 build/default/production/_ext/1360937237/app.o
 .debug_info    0x000e14f1      0x2db c:/program files/microchip/xc32/v4.00/bin/bin/../../lib/gcc/pic32c/8.3.1/../../../../pic32c/lib/thumb/v7e-m+fp/hard\libpic32c.a(data_init.o)
 .debug_info    0x000e17cc      0x600 c:/program files/microchip/xc32/v4.00/bin/bin/../../lib/gcc/pic32c/8.3.1/../../../../pic32c/lib/thumb/v7e-m+fp/hard\libc-musl.a(isxdigit.o)
 .debug_info    0x000e1dcc      0x5fd c:/program files/microchip/xc32/v4.00/bin/bin/../../lib/gcc/pic32c/8.3.1/../../../../pic32c/lib/thumb/v7e-m+fp/hard\libc-musl.a(tolower.o)
 .debug_info    0x000e23c9      0x5fd c:/program files/microchip/xc32/v4.00/bin/bin/../../lib/gcc/pic32c/8.3.1/../../../../pic32c/lib/thumb/v7e-m+fp/hard\libc-musl.a(toupper.o)
 .debug_info    0x000e29c6      0x6b3 c:/program files/microchip/xc32/v4.00/bin/bin/../../lib/gcc/pic32c/8.3.1/../../../../pic32c/lib/thumb/v7e-m+fp/hard\libc-musl.a(__libc_start_main.o)
 .debug_info    0x000e3079      0x57a c:/program files/microchip/xc32/v4.00/bin/bin/../../lib/gcc/pic32c/8.3.1/../../../../pic32c/lib/thumb/v7e-m+fp/hard\libc-musl.a(__errno_location.o)
 .debug_info    0x000e35f3      0x5df c:/program files/microchip/xc32/v4.00/bin/bin/../../lib/gcc/pic32c/8.3.1/../../../../pic32c/lib/thumb/v7e-m+fp/hard\libc-musl.a(libc.o)
 .debug_info    0x000e3bd2      0x306 c:/program files/microchip/xc32/v4.00/bin/bin/../../lib/gcc/pic32c/8.3.1/../../../../pic32c/lib/thumb/v7e-m+fp/hard\libc-musl.a(calloc.o)
 .debug_info    0x000e3ed8     0x14aa c:/program files/microchip/xc32/v4.00/bin/bin/../../lib/gcc/pic32c/8.3.1/../../../../pic32c/lib/thumb/v7e-m+fp/hard\libc-musl.a(malloc.o)
 .debug_info    0x000e5382      0x682 c:/program files/microchip/xc32/v4.00/bin/bin/../../lib/gcc/pic32c/8.3.1/../../../../pic32c/lib/thumb/v7e-m+fp/hard\libc-musl.a(expand_heap.o)
 .debug_info    0x000e5a04      0x353 c:/program files/microchip/xc32/v4.00/bin/bin/../../lib/gcc/pic32c/8.3.1/../../../../pic32c/lib/thumb/v7e-m+fp/hard\libc-musl.a(rand.o)
 .debug_info    0x000e5d57      0x986 c:/program files/microchip/xc32/v4.00/bin/bin/../../lib/gcc/pic32c/8.3.1/../../../../pic32c/lib/thumb/v7e-m+fp/hard\libc-musl.a(vsnprintf.o)
 .debug_info    0x000e66dd      0x3dc c:/program files/microchip/xc32/v4.00/bin/bin/../../lib/gcc/pic32c/8.3.1/../../../../pic32c/lib/thumb/v7e-m+fp/hard\libc-musl.a(snprintf.o)
 .debug_info    0x000e6ab9      0x3b2 c:/program files/microchip/xc32/v4.00/bin/bin/../../lib/gcc/pic32c/8.3.1/../../../../pic32c/lib/thumb/v7e-m+fp/hard\libc-musl.a(sprintf.o)
 .debug_info    0x000e6e6b      0x3ac c:/program files/microchip/xc32/v4.00/bin/bin/../../lib/gcc/pic32c/8.3.1/../../../../pic32c/lib/thumb/v7e-m+fp/hard\libc-musl.a(vsprintf.o)
 .debug_info    0x000e7217      0x322 c:/program files/microchip/xc32/v4.00/bin/bin/../../lib/gcc/pic32c/8.3.1/../../../../pic32c/lib/thumb/v7e-m+fp/hard\libc-musl.a(atoi.o)
 .debug_info    0x000e7539      0x309 c:/program files/microchip/xc32/v4.00/bin/bin/../../lib/gcc/pic32c/8.3.1/../../../../pic32c/lib/thumb/v7e-m+fp/hard\libc-musl.a(memcmp.o)
 .debug_info    0x000e7842      0x31e c:/program files/microchip/xc32/v4.00/bin/bin/../../lib/gcc/pic32c/8.3.1/../../../../pic32c/lib/thumb/v7e-m+fp/hard\libc-musl.a(memcpy.o)
 .debug_info    0x000e7b60      0x2dc c:/program files/microchip/xc32/v4.00/bin/bin/../../lib/gcc/pic32c/8.3.1/../../../../pic32c/lib/thumb/v7e-m+fp/hard\libc-musl.a(memset.o)
 .debug_info    0x000e7e3c      0x2cd c:/program files/microchip/xc32/v4.00/bin/bin/../../lib/gcc/pic32c/8.3.1/../../../../pic32c/lib/thumb/v7e-m+fp/hard\libc-musl.a(strlen.o)
 .debug_info    0x000e8109      0x2e6 c:/program files/microchip/xc32/v4.00/bin/bin/../../lib/gcc/pic32c/8.3.1/../../../../pic32c/lib/thumb/v7e-m+fp/hard\libc-musl.a(strstr.o)
 .debug_info    0x000e83ef      0x2ef c:/program files/microchip/xc32/v4.00/bin/bin/../../lib/gcc/pic32c/8.3.1/../../../../pic32c/lib/thumb/v7e-m+fp/hard\libc-musl.a(strchr.o)
 .debug_info    0x000e86de      0x6d7 c:/program files/microchip/xc32/v4.00/bin/bin/../../lib/gcc/pic32c/8.3.1/../../../../pic32c/lib/thumb/v7e-m+fp/hard\libc-musl.a(strchrnul.o)
 .debug_info    0x000e8db5      0x2b1 c:/program files/microchip/xc32/v4.00/bin/bin/../../lib/gcc/pic32c/8.3.1/../../../../pic32c/lib/thumb/v7e-m+fp/hard\libc-musl.a(strcmp.o)
 .debug_info    0x000e9066      0x2db c:/program files/microchip/xc32/v4.00/bin/bin/../../lib/gcc/pic32c/8.3.1/../../../../pic32c/lib/thumb/v7e-m+fp/hard\libc-musl.a(strcpy.o)
 .debug_info    0x000e9341      0x317 c:/program files/microchip/xc32/v4.00/bin/bin/../../lib/gcc/pic32c/8.3.1/../../../../pic32c/lib/thumb/v7e-m+fp/hard\libc-musl.a(strncmp.o)
 .debug_info    0x000e9658      0x300 c:/program files/microchip/xc32/v4.00/bin/bin/../../lib/gcc/pic32c/8.3.1/../../../../pic32c/lib/thumb/v7e-m+fp/hard\libc-musl.a(strncpy.o)
 .debug_info    0x000e9958      0x596 c:/program files/microchip/xc32/v4.00/bin/bin/../../lib/gcc/pic32c/8.3.1/../../../../pic32c/lib/thumb/v7e-m+fp/hard\libc-musl.a(__environ.o)
 .debug_info    0x000e9eee      0x94d c:/program files/microchip/xc32/v4.00/bin/bin/../../lib/gcc/pic32c/8.3.1/../../../../pic32c/lib/thumb/v7e-m+fp/hard\libc-musl.a(vfprintf.o)
 .debug_info    0x000ea83b      0x5b9 c:/program files/microchip/xc32/v4.00/bin/bin/../../lib/gcc/pic32c/8.3.1/../../../../pic32c/lib/thumb/v7e-m+fp/hard\libc-musl.a(stpcpy.o)
 .debug_info    0x000eadf4      0x5e6 c:/program files/microchip/xc32/v4.00/bin/bin/../../lib/gcc/pic32c/8.3.1/../../../../pic32c/lib/thumb/v7e-m+fp/hard\libc-musl.a(stpncpy.o)
 .debug_info    0x000eb3da     0x1017 c:/program files/microchip/xc32/v4.00/bin/bin/../../lib/gcc/pic32c/8.3.1/../../../../pic32c/lib/thumb/v7e-m+fp/hard\libc-musl.a(__printf_core.o)
 .debug_info    0x000ec3f1      0xbf2 c:/program files/microchip/xc32/v4.00/bin/bin/../../lib/gcc/pic32c/8.3.1/../../../../pic32c/lib/thumb/v7e-m+fp/hard\libc-musl.a(__fmt_a.o)
 .debug_info    0x000ecfe3      0x8bc c:/program files/microchip/xc32/v4.00/bin/bin/../../lib/gcc/pic32c/8.3.1/../../../../pic32c/lib/thumb/v7e-m+fp/hard\libc-musl.a(__fmt_d.o)
 .debug_info    0x000ed89f      0xcda c:/program files/microchip/xc32/v4.00/bin/bin/../../lib/gcc/pic32c/8.3.1/../../../../pic32c/lib/thumb/v7e-m+fp/hard\libc-musl.a(__fmt_fp.o)
 .debug_info    0x000ee579      0x88d c:/program files/microchip/xc32/v4.00/bin/bin/../../lib/gcc/pic32c/8.3.1/../../../../pic32c/lib/thumb/v7e-m+fp/hard\libc-musl.a(__fmt_o.o)
 .debug_info    0x000eee06      0x833 c:/program files/microchip/xc32/v4.00/bin/bin/../../lib/gcc/pic32c/8.3.1/../../../../pic32c/lib/thumb/v7e-m+fp/hard\libc-musl.a(__fmt_s.o)
 .debug_info    0x000ef639      0x95a c:/program files/microchip/xc32/v4.00/bin/bin/../../lib/gcc/pic32c/8.3.1/../../../../pic32c/lib/thumb/v7e-m+fp/hard\libc-musl.a(__fmt_u.o)
 .debug_info    0x000eff93      0x8f3 c:/program files/microchip/xc32/v4.00/bin/bin/../../lib/gcc/pic32c/8.3.1/../../../../pic32c/lib/thumb/v7e-m+fp/hard\libc-musl.a(__fmt_x.o)
 .debug_info    0x000f0886      0x760 c:/program files/microchip/xc32/v4.00/bin/bin/../../lib/gcc/pic32c/8.3.1/../../../../pic32c/lib/thumb/v7e-m+fp/hard\libc-musl.a(__pop_float.o)
 .debug_info    0x000f0fe6      0x784 c:/program files/microchip/xc32/v4.00/bin/bin/../../lib/gcc/pic32c/8.3.1/../../../../pic32c/lib/thumb/v7e-m+fp/hard\libc-musl.a(__pop_int.o)
 .debug_info    0x000f176a      0x77b c:/program files/microchip/xc32/v4.00/bin/bin/../../lib/gcc/pic32c/8.3.1/../../../../pic32c/lib/thumb/v7e-m+fp/hard\libc-musl.a(__pop_ptr.o)
 .debug_info    0x000f1ee5       0x26 c:/program files/microchip/xc32/v4.00/bin/bin/../../lib/gcc/pic32c/8.3.1/thumb/v7e-m+fp/hard\libgcc.a(_aeabi_uldivmod.o)
 .debug_info    0x000f1f0b     0x1fea c:/program files/microchip/xc32/v4.00/bin/bin/../../lib/gcc/pic32c/8.3.1/thumb/v7e-m+fp/hard\libgcc.a(_udivmoddi4.o)
 .debug_info    0x000f3ef5       0x26 c:/program files/microchip/xc32/v4.00/bin/bin/../../lib/gcc/pic32c/8.3.1/thumb/v7e-m+fp/hard\libgcc.a(_dvmd_tls.o)
 .debug_info    0x000f3f1b      0x2be c:/program files/microchip/xc32/v4.00/bin/bin/../../lib/gcc/pic32c/8.3.1/../../../../pic32c/lib/thumb/v7e-m+fp/hard\libpic32c.a(sbrk.o)

.debug_abbrev   0x00000000    0x10a85
 .debug_abbrev  0x00000000      0x551 build/default/production/_ext/444070925/drv_ethphy.o
 .debug_abbrev  0x00000551      0x1ee build/default/production/_ext/444070925/drv_extphy_ksz8061.o
 .debug_abbrev  0x0000073f      0x669 build/default/production/_ext/1546807373/drv_gmac.o
 .debug_abbrev  0x00000da8      0x60c build/default/production/_ext/1546807373/drv_gmac_lib_samE5x.o
 .debug_abbrev  0x000013b4      0x694 build/default/production/_ext/438849557/drv_miim.o
 .debug_abbrev  0x00001a48      0x176 build/default/production/_ext/20954303/drv_sdmmc_file_system.o
 .debug_abbrev  0x00001bbe      0x63b build/default/production/_ext/20954303/drv_sdmmc.o
 .debug_abbrev  0x000021f9      0x38d build/default/production/_ext/1751889202/sys_fs_shell.o
 .debug_abbrev  0x00002586      0x1b2 build/default/production/_ext/1033058136/helpers.o
 .debug_abbrev  0x00002738      0x721 build/default/production/_ext/1033058136/tcp.o
 .debug_abbrev  0x00002e59      0x61d build/default/production/_ext/1033058136/arp.o
 .debug_abbrev  0x00003476      0x603 build/default/production/_ext/1033058136/ipv4.o
 .debug_abbrev  0x00003a79      0x2c7 build/default/production/_ext/1033058136/tcpip_heap_alloc.o
 .debug_abbrev  0x00003d40      0x535 build/default/production/_ext/1033058136/tcpip_heap_internal.o
 .debug_abbrev  0x00004275      0x5cf build/default/production/_ext/1033058136/dns.o
 .debug_abbrev  0x00004844       0xc7 build/default/production/_ext/1033058136/hash_fnv.o
 .debug_abbrev  0x0000490b      0x2ea build/default/production/_ext/1033058136/oahash.o
 .debug_abbrev  0x00004bf5      0x646 build/default/production/_ext/1033058136/tcpip_helpers.o
 .debug_abbrev  0x0000523b      0x7e0 build/default/production/_ext/1033058136/tcpip_manager.o
 .debug_abbrev  0x00005a1b      0x35b build/default/production/_ext/1033058136/tcpip_notify.o
 .debug_abbrev  0x00005d76      0x53e build/default/production/_ext/1033058136/tcpip_packet.o
 .debug_abbrev  0x000062b4      0x6db build/default/production/_ext/1033058136/ftp.o
 .debug_abbrev  0x0000698f      0x462 build/default/production/_ext/1033058136/icmp.o
 .debug_abbrev  0x00006df1      0x68d build/default/production/_ext/1033058136/berkeley_api.o
 .debug_abbrev  0x0000747e      0x520 build/default/production/_ext/1033058136/tcpip_announce.o
 .debug_abbrev  0x0000799e      0x6ad build/default/production/_ext/1033058136/udp.o
 .debug_abbrev  0x0000804b      0x4de build/default/production/_ext/1508031553/net_pres.o
 .debug_abbrev  0x00008529      0x135 build/default/production/_ext/1984496892/plib_clock.o
 .debug_abbrev  0x0000865e       0x64 build/default/production/_ext/1986646378/plib_evsys.o
 .debug_abbrev  0x000086c2      0x222 build/default/production/_ext/1865468468/plib_nvic.o
 .debug_abbrev  0x000088e4      0x258 build/default/production/_ext/1593096446/plib_nvmctrl.o
 .debug_abbrev  0x00008b3c      0x1e9 build/default/production/_ext/1865521619/plib_port.o
 .debug_abbrev  0x00008d25      0x332 build/default/production/_ext/1865600094/plib_sdhc1.o
 .debug_abbrev  0x00009057      0x489 build/default/production/_ext/504274921/plib_sercom1_usart.o
 .debug_abbrev  0x000094e0      0x1f9 build/default/production/_ext/829342655/plib_tc0.o
 .debug_abbrev  0x000096d9      0x437 build/default/production/_ext/1832805299/sys_console.o
 .debug_abbrev  0x00009b10      0x4e1 build/default/production/_ext/1832805299/sys_console_uart.o
 .debug_abbrev  0x00009ff1      0x1ae build/default/production/_ext/944882569/sys_debug.o
 .debug_abbrev  0x0000a19f      0x412 build/default/production/_ext/411819097/ff.o
 .debug_abbrev  0x0000a5b1      0x155 build/default/production/_ext/411819097/ffunicode.o
 .debug_abbrev  0x0000a706      0x315 build/default/production/_ext/565198302/diskio.o
 .debug_abbrev  0x0000aa1b      0x51f build/default/production/_ext/1269487135/sys_fs.o
 .debug_abbrev  0x0000af3a      0x500 build/default/production/_ext/1269487135/sys_fs_media_manager.o
 .debug_abbrev  0x0000b43a      0x337 build/default/production/_ext/1269487135/sys_fs_fat_interface.o
 .debug_abbrev  0x0000b771      0x253 build/default/production/_ext/1881668453/sys_int.o
 .debug_abbrev  0x0000b9c4      0x5c0 build/default/production/_ext/101884895/sys_time.o
 .debug_abbrev  0x0000bf84      0x17e build/default/production/_ext/753841488/sys_time_h2_adapter.o
 .debug_abbrev  0x0000c102      0x394 build/default/production/_ext/1171490990/initialization.o
 .debug_abbrev  0x0000c496      0x288 build/default/production/_ext/1171490990/interrupts.o
 .debug_abbrev  0x0000c71e      0x263 build/default/production/_ext/1171490990/exceptions.o
 .debug_abbrev  0x0000c981      0x1ee build/default/production/_ext/1171490990/startup_xc32.o
 .debug_abbrev  0x0000cb6f      0x295 build/default/production/_ext/1171490990/tasks.o
 .debug_abbrev  0x0000ce04      0x243 build/default/production/_ext/172253694/crypt_wolfcryptcb.o
 .debug_abbrev  0x0000d047      0x3fd build/default/production/_ext/1664057780/cryptocb.o
 .debug_abbrev  0x0000d444      0x29c build/default/production/_ext/1360937237/main.o
 .debug_abbrev  0x0000d6e0      0x342 build/default/production/_ext/1360937237/app.o
 .debug_abbrev  0x0000da22       0x2e c:/program files/microchip/xc32/v4.00/bin/bin/../../lib/gcc/pic32c/8.3.1/../../../../pic32c/lib/thumb/v7e-m+fp/hard\libpic32c.a(data_init.o)
 .debug_abbrev  0x0000da50      0x126 c:/program files/microchip/xc32/v4.00/bin/bin/../../lib/gcc/pic32c/8.3.1/../../../../pic32c/lib/thumb/v7e-m+fp/hard\libc-musl.a(isxdigit.o)
 .debug_abbrev  0x0000db76      0x126 c:/program files/microchip/xc32/v4.00/bin/bin/../../lib/gcc/pic32c/8.3.1/../../../../pic32c/lib/thumb/v7e-m+fp/hard\libc-musl.a(tolower.o)
 .debug_abbrev  0x0000dc9c      0x126 c:/program files/microchip/xc32/v4.00/bin/bin/../../lib/gcc/pic32c/8.3.1/../../../../pic32c/lib/thumb/v7e-m+fp/hard\libc-musl.a(toupper.o)
 .debug_abbrev  0x0000ddc2      0x126 c:/program files/microchip/xc32/v4.00/bin/bin/../../lib/gcc/pic32c/8.3.1/../../../../pic32c/lib/thumb/v7e-m+fp/hard\libc-musl.a(__libc_start_main.o)
 .debug_abbrev  0x0000dee8       0xba c:/program files/microchip/xc32/v4.00/bin/bin/../../lib/gcc/pic32c/8.3.1/../../../../pic32c/lib/thumb/v7e-m+fp/hard\libc-musl.a(__errno_location.o)
 .debug_abbrev  0x0000dfa2       0xc7 c:/program files/microchip/xc32/v4.00/bin/bin/../../lib/gcc/pic32c/8.3.1/../../../../pic32c/lib/thumb/v7e-m+fp/hard\libc-musl.a(libc.o)
 .debug_abbrev  0x0000e069       0xaa c:/program files/microchip/xc32/v4.00/bin/bin/../../lib/gcc/pic32c/8.3.1/../../../../pic32c/lib/thumb/v7e-m+fp/hard\libc-musl.a(calloc.o)
 .debug_abbrev  0x0000e113      0x413 c:/program files/microchip/xc32/v4.00/bin/bin/../../lib/gcc/pic32c/8.3.1/../../../../pic32c/lib/thumb/v7e-m+fp/hard\libc-musl.a(malloc.o)
 .debug_abbrev  0x0000e526      0x112 c:/program files/microchip/xc32/v4.00/bin/bin/../../lib/gcc/pic32c/8.3.1/../../../../pic32c/lib/thumb/v7e-m+fp/hard\libc-musl.a(expand_heap.o)
 .debug_abbrev  0x0000e638       0x8b c:/program files/microchip/xc32/v4.00/bin/bin/../../lib/gcc/pic32c/8.3.1/../../../../pic32c/lib/thumb/v7e-m+fp/hard\libc-musl.a(rand.o)
 .debug_abbrev  0x0000e6c3      0x168 c:/program files/microchip/xc32/v4.00/bin/bin/../../lib/gcc/pic32c/8.3.1/../../../../pic32c/lib/thumb/v7e-m+fp/hard\libc-musl.a(vsnprintf.o)
 .debug_abbrev  0x0000e82b      0x126 c:/program files/microchip/xc32/v4.00/bin/bin/../../lib/gcc/pic32c/8.3.1/../../../../pic32c/lib/thumb/v7e-m+fp/hard\libc-musl.a(snprintf.o)
 .debug_abbrev  0x0000e951      0x126 c:/program files/microchip/xc32/v4.00/bin/bin/../../lib/gcc/pic32c/8.3.1/../../../../pic32c/lib/thumb/v7e-m+fp/hard\libc-musl.a(sprintf.o)
 .debug_abbrev  0x0000ea77       0xee c:/program files/microchip/xc32/v4.00/bin/bin/../../lib/gcc/pic32c/8.3.1/../../../../pic32c/lib/thumb/v7e-m+fp/hard\libc-musl.a(vsprintf.o)
 .debug_abbrev  0x0000eb65       0xbb c:/program files/microchip/xc32/v4.00/bin/bin/../../lib/gcc/pic32c/8.3.1/../../../../pic32c/lib/thumb/v7e-m+fp/hard\libc-musl.a(atoi.o)
 .debug_abbrev  0x0000ec20       0x8b c:/program files/microchip/xc32/v4.00/bin/bin/../../lib/gcc/pic32c/8.3.1/../../../../pic32c/lib/thumb/v7e-m+fp/hard\libc-musl.a(memcmp.o)
 .debug_abbrev  0x0000ecab       0x9c c:/program files/microchip/xc32/v4.00/bin/bin/../../lib/gcc/pic32c/8.3.1/../../../../pic32c/lib/thumb/v7e-m+fp/hard\libc-musl.a(memcpy.o)
 .debug_abbrev  0x0000ed47       0x97 c:/program files/microchip/xc32/v4.00/bin/bin/../../lib/gcc/pic32c/8.3.1/../../../../pic32c/lib/thumb/v7e-m+fp/hard\libc-musl.a(memset.o)
 .debug_abbrev  0x0000edde       0x86 c:/program files/microchip/xc32/v4.00/bin/bin/../../lib/gcc/pic32c/8.3.1/../../../../pic32c/lib/thumb/v7e-m+fp/hard\libc-musl.a(strlen.o)
 .debug_abbrev  0x0000ee64       0xa6 c:/program files/microchip/xc32/v4.00/bin/bin/../../lib/gcc/pic32c/8.3.1/../../../../pic32c/lib/thumb/v7e-m+fp/hard\libc-musl.a(strstr.o)
 .debug_abbrev  0x0000ef0a       0xa2 c:/program files/microchip/xc32/v4.00/bin/bin/../../lib/gcc/pic32c/8.3.1/../../../../pic32c/lib/thumb/v7e-m+fp/hard\libc-musl.a(strchr.o)
 .debug_abbrev  0x0000efac      0x158 c:/program files/microchip/xc32/v4.00/bin/bin/../../lib/gcc/pic32c/8.3.1/../../../../pic32c/lib/thumb/v7e-m+fp/hard\libc-musl.a(strchrnul.o)
 .debug_abbrev  0x0000f104       0x63 c:/program files/microchip/xc32/v4.00/bin/bin/../../lib/gcc/pic32c/8.3.1/../../../../pic32c/lib/thumb/v7e-m+fp/hard\libc-musl.a(strcmp.o)
 .debug_abbrev  0x0000f167       0x8e c:/program files/microchip/xc32/v4.00/bin/bin/../../lib/gcc/pic32c/8.3.1/../../../../pic32c/lib/thumb/v7e-m+fp/hard\libc-musl.a(strcpy.o)
 .debug_abbrev  0x0000f1f5       0x86 c:/program files/microchip/xc32/v4.00/bin/bin/../../lib/gcc/pic32c/8.3.1/../../../../pic32c/lib/thumb/v7e-m+fp/hard\libc-musl.a(strncmp.o)
 .debug_abbrev  0x0000f27b       0x9d c:/program files/microchip/xc32/v4.00/bin/bin/../../lib/gcc/pic32c/8.3.1/../../../../pic32c/lib/thumb/v7e-m+fp/hard\libc-musl.a(strncpy.o)
 .debug_abbrev  0x0000f318       0xc7 c:/program files/microchip/xc32/v4.00/bin/bin/../../lib/gcc/pic32c/8.3.1/../../../../pic32c/lib/thumb/v7e-m+fp/hard\libc-musl.a(__environ.o)
 .debug_abbrev  0x0000f3df      0x180 c:/program files/microchip/xc32/v4.00/bin/bin/../../lib/gcc/pic32c/8.3.1/../../../../pic32c/lib/thumb/v7e-m+fp/hard\libc-musl.a(vfprintf.o)
 .debug_abbrev  0x0000f55f       0xdf c:/program files/microchip/xc32/v4.00/bin/bin/../../lib/gcc/pic32c/8.3.1/../../../../pic32c/lib/thumb/v7e-m+fp/hard\libc-musl.a(stpcpy.o)
 .debug_abbrev  0x0000f63e       0xf3 c:/program files/microchip/xc32/v4.00/bin/bin/../../lib/gcc/pic32c/8.3.1/../../../../pic32c/lib/thumb/v7e-m+fp/hard\libc-musl.a(stpncpy.o)
 .debug_abbrev  0x0000f731      0x2e8 c:/program files/microchip/xc32/v4.00/bin/bin/../../lib/gcc/pic32c/8.3.1/../../../../pic32c/lib/thumb/v7e-m+fp/hard\libc-musl.a(__printf_core.o)
 .debug_abbrev  0x0000fa19      0x1e3 c:/program files/microchip/xc32/v4.00/bin/bin/../../lib/gcc/pic32c/8.3.1/../../../../pic32c/lib/thumb/v7e-m+fp/hard\libc-musl.a(__fmt_a.o)
 .debug_abbrev  0x0000fbfc      0x16f c:/program files/microchip/xc32/v4.00/bin/bin/../../lib/gcc/pic32c/8.3.1/../../../../pic32c/lib/thumb/v7e-m+fp/hard\libc-musl.a(__fmt_d.o)
 .debug_abbrev  0x0000fd6b      0x202 c:/program files/microchip/xc32/v4.00/bin/bin/../../lib/gcc/pic32c/8.3.1/../../../../pic32c/lib/thumb/v7e-m+fp/hard\libc-musl.a(__fmt_fp.o)
 .debug_abbrev  0x0000ff6d      0x16f c:/program files/microchip/xc32/v4.00/bin/bin/../../lib/gcc/pic32c/8.3.1/../../../../pic32c/lib/thumb/v7e-m+fp/hard\libc-musl.a(__fmt_o.o)
 .debug_abbrev  0x000100dc      0x14f c:/program files/microchip/xc32/v4.00/bin/bin/../../lib/gcc/pic32c/8.3.1/../../../../pic32c/lib/thumb/v7e-m+fp/hard\libc-musl.a(__fmt_s.o)
 .debug_abbrev  0x0001022b      0x1b2 c:/program files/microchip/xc32/v4.00/bin/bin/../../lib/gcc/pic32c/8.3.1/../../../../pic32c/lib/thumb/v7e-m+fp/hard\libc-musl.a(__fmt_u.o)
 .debug_abbrev  0x000103dd      0x15e c:/program files/microchip/xc32/v4.00/bin/bin/../../lib/gcc/pic32c/8.3.1/../../../../pic32c/lib/thumb/v7e-m+fp/hard\libc-musl.a(__fmt_x.o)
 .debug_abbrev  0x0001053b      0x11b c:/program files/microchip/xc32/v4.00/bin/bin/../../lib/gcc/pic32c/8.3.1/../../../../pic32c/lib/thumb/v7e-m+fp/hard\libc-musl.a(__pop_float.o)
 .debug_abbrev  0x00010656      0x11b c:/program files/microchip/xc32/v4.00/bin/bin/../../lib/gcc/pic32c/8.3.1/../../../../pic32c/lib/thumb/v7e-m+fp/hard\libc-musl.a(__pop_int.o)
 .debug_abbrev  0x00010771      0x12c c:/program files/microchip/xc32/v4.00/bin/bin/../../lib/gcc/pic32c/8.3.1/../../../../pic32c/lib/thumb/v7e-m+fp/hard\libc-musl.a(__pop_ptr.o)
 .debug_abbrev  0x0001089d       0x14 c:/program files/microchip/xc32/v4.00/bin/bin/../../lib/gcc/pic32c/8.3.1/thumb/v7e-m+fp/hard\libgcc.a(_aeabi_uldivmod.o)
 .debug_abbrev  0x000108b1      0x192 c:/program files/microchip/xc32/v4.00/bin/bin/../../lib/gcc/pic32c/8.3.1/thumb/v7e-m+fp/hard\libgcc.a(_udivmoddi4.o)
 .debug_abbrev  0x00010a43       0x14 c:/program files/microchip/xc32/v4.00/bin/bin/../../lib/gcc/pic32c/8.3.1/thumb/v7e-m+fp/hard\libgcc.a(_dvmd_tls.o)
 .debug_abbrev  0x00010a57       0x2e c:/program files/microchip/xc32/v4.00/bin/bin/../../lib/gcc/pic32c/8.3.1/../../../../pic32c/lib/thumb/v7e-m+fp/hard\libpic32c.a(sbrk.o)

.debug_loc      0x00000000    0x6519c
 .debug_loc     0x00000000     0x4a04 build/default/production/_ext/444070925/drv_ethphy.o
 .debug_loc     0x00004a04       0x94 build/default/production/_ext/444070925/drv_extphy_ksz8061.o
 .debug_loc     0x00004a98     0x3014 build/default/production/_ext/1546807373/drv_gmac.o
 .debug_loc     0x00007aac     0x2a14 build/default/production/_ext/1546807373/drv_gmac_lib_samE5x.o
 .debug_loc     0x0000a4c0     0x2baa build/default/production/_ext/438849557/drv_miim.o
 .debug_loc     0x0000d06a       0x45 build/default/production/_ext/20954303/drv_sdmmc_file_system.o
 .debug_loc     0x0000d0af     0x30ed build/default/production/_ext/20954303/drv_sdmmc.o
 .debug_loc     0x0001019c     0x1b0d build/default/production/_ext/1751889202/sys_fs_shell.o
 .debug_loc     0x00011ca9      0x568 build/default/production/_ext/1033058136/helpers.o
 .debug_loc     0x00012211     0x80a5 build/default/production/_ext/1033058136/tcp.o
 .debug_loc     0x0001a2b6     0x3b6e build/default/production/_ext/1033058136/arp.o
 .debug_loc     0x0001de24     0x2e6d build/default/production/_ext/1033058136/ipv4.o
 .debug_loc     0x00020c91      0x207 build/default/production/_ext/1033058136/tcpip_heap_alloc.o
 .debug_loc     0x00020e98     0x1568 build/default/production/_ext/1033058136/tcpip_heap_internal.o
 .debug_loc     0x00022400     0x40ae build/default/production/_ext/1033058136/dns.o
 .debug_loc     0x000264ae      0x21b build/default/production/_ext/1033058136/hash_fnv.o
 .debug_loc     0x000266c9      0x5f3 build/default/production/_ext/1033058136/oahash.o
 .debug_loc     0x00026cbc     0x53a5 build/default/production/_ext/1033058136/tcpip_helpers.o
 .debug_loc     0x0002c061     0x7ca9 build/default/production/_ext/1033058136/tcpip_manager.o
 .debug_loc     0x00033d0a      0x458 build/default/production/_ext/1033058136/tcpip_notify.o
 .debug_loc     0x00034162      0xbe0 build/default/production/_ext/1033058136/tcpip_packet.o
 .debug_loc     0x00034d42     0x23c5 build/default/production/_ext/1033058136/ftp.o
 .debug_loc     0x00037107      0x3ec build/default/production/_ext/1033058136/icmp.o
 .debug_loc     0x000374f3     0x3628 build/default/production/_ext/1033058136/berkeley_api.o
 .debug_loc     0x0003ab1b      0xc61 build/default/production/_ext/1033058136/tcpip_announce.o
 .debug_loc     0x0003b77c     0x5233 build/default/production/_ext/1033058136/udp.o
 .debug_loc     0x000409af     0x301a build/default/production/_ext/1508031553/net_pres.o
 .debug_loc     0x000439c9      0x27b build/default/production/_ext/1865468468/plib_nvic.o
 .debug_loc     0x00043c44      0x868 build/default/production/_ext/1593096446/plib_nvmctrl.o
 .debug_loc     0x000444ac      0x1bc build/default/production/_ext/1865521619/plib_port.o
 .debug_loc     0x00044668      0x5af build/default/production/_ext/1865600094/plib_sdhc1.o
 .debug_loc     0x00044c17      0xd41 build/default/production/_ext/504274921/plib_sercom1_usart.o
 .debug_loc     0x00045958       0x5f build/default/production/_ext/829342655/plib_tc0.o
 .debug_loc     0x000459b7      0xd24 build/default/production/_ext/1832805299/sys_console.o
 .debug_loc     0x000466db      0x9f9 build/default/production/_ext/1832805299/sys_console_uart.o
 .debug_loc     0x000470d4       0xa1 build/default/production/_ext/944882569/sys_debug.o
 .debug_loc     0x00047175     0x9fe9 build/default/production/_ext/411819097/ff.o
 .debug_loc     0x0005115e      0x575 build/default/production/_ext/411819097/ffunicode.o
 .debug_loc     0x000516d3      0x58b build/default/production/_ext/565198302/diskio.o
 .debug_loc     0x00051c5e     0x5a22 build/default/production/_ext/1269487135/sys_fs.o
 .debug_loc     0x00057680     0x1696 build/default/production/_ext/1269487135/sys_fs_media_manager.o
 .debug_loc     0x00058d16     0x1c60 build/default/production/_ext/1269487135/sys_fs_fat_interface.o
 .debug_loc     0x0005a976      0x182 build/default/production/_ext/1881668453/sys_int.o
 .debug_loc     0x0005aaf8     0x2341 build/default/production/_ext/101884895/sys_time.o
 .debug_loc     0x0005ce39      0x152 build/default/production/_ext/753841488/sys_time_h2_adapter.o
 .debug_loc     0x0005cf8b       0x7d build/default/production/_ext/1171490990/initialization.o
 .debug_loc     0x0005d008       0x4a build/default/production/_ext/1171490990/startup_xc32.o
 .debug_loc     0x0005d052       0x20 build/default/production/_ext/1171490990/tasks.o
 .debug_loc     0x0005d072       0x45 build/default/production/_ext/172253694/crypt_wolfcryptcb.o
 .debug_loc     0x0005d0b7     0x27ea build/default/production/_ext/1664057780/cryptocb.o
 .debug_loc     0x0005f8a1       0x20 build/default/production/_ext/1360937237/main.o
 .debug_loc     0x0005f8c1      0x1db build/default/production/_ext/1360937237/app.o
 .debug_loc     0x0005fa9c       0x14 c:/program files/microchip/xc32/v4.00/bin/bin/../../lib/gcc/pic32c/8.3.1/../../../../pic32c/lib/thumb/v7e-m+fp/hard\libpic32c.a(data_init.o)
 .debug_loc     0x0005fab0       0x65 c:/program files/microchip/xc32/v4.00/bin/bin/../../lib/gcc/pic32c/8.3.1/../../../../pic32c/lib/thumb/v7e-m+fp/hard\libc-musl.a(isxdigit.o)
 .debug_loc     0x0005fb15       0x4a c:/program files/microchip/xc32/v4.00/bin/bin/../../lib/gcc/pic32c/8.3.1/../../../../pic32c/lib/thumb/v7e-m+fp/hard\libc-musl.a(tolower.o)
 .debug_loc     0x0005fb5f       0x4a c:/program files/microchip/xc32/v4.00/bin/bin/../../lib/gcc/pic32c/8.3.1/../../../../pic32c/lib/thumb/v7e-m+fp/hard\libc-musl.a(toupper.o)
 .debug_loc     0x0005fba9       0x51 c:/program files/microchip/xc32/v4.00/bin/bin/../../lib/gcc/pic32c/8.3.1/../../../../pic32c/lib/thumb/v7e-m+fp/hard\libc-musl.a(__libc_start_main.o)
 .debug_loc     0x0005fbfa       0x74 c:/program files/microchip/xc32/v4.00/bin/bin/../../lib/gcc/pic32c/8.3.1/../../../../pic32c/lib/thumb/v7e-m+fp/hard\libc-musl.a(calloc.o)
 .debug_loc     0x0005fc6e      0xccc c:/program files/microchip/xc32/v4.00/bin/bin/../../lib/gcc/pic32c/8.3.1/../../../../pic32c/lib/thumb/v7e-m+fp/hard\libc-musl.a(malloc.o)
 .debug_loc     0x0006093a       0x7c c:/program files/microchip/xc32/v4.00/bin/bin/../../lib/gcc/pic32c/8.3.1/../../../../pic32c/lib/thumb/v7e-m+fp/hard\libc-musl.a(expand_heap.o)
 .debug_loc     0x000609b6       0x24 c:/program files/microchip/xc32/v4.00/bin/bin/../../lib/gcc/pic32c/8.3.1/../../../../pic32c/lib/thumb/v7e-m+fp/hard\libc-musl.a(rand.o)
 .debug_loc     0x000609da       0xeb c:/program files/microchip/xc32/v4.00/bin/bin/../../lib/gcc/pic32c/8.3.1/../../../../pic32c/lib/thumb/v7e-m+fp/hard\libc-musl.a(vsnprintf.o)
 .debug_loc     0x00060ac5       0xaf c:/program files/microchip/xc32/v4.00/bin/bin/../../lib/gcc/pic32c/8.3.1/../../../../pic32c/lib/thumb/v7e-m+fp/hard\libc-musl.a(snprintf.o)
 .debug_loc     0x00060b74       0x8a c:/program files/microchip/xc32/v4.00/bin/bin/../../lib/gcc/pic32c/8.3.1/../../../../pic32c/lib/thumb/v7e-m+fp/hard\libc-musl.a(sprintf.o)
 .debug_loc     0x00060bfe       0x6c c:/program files/microchip/xc32/v4.00/bin/bin/../../lib/gcc/pic32c/8.3.1/../../../../pic32c/lib/thumb/v7e-m+fp/hard\libc-musl.a(vsprintf.o)
 .debug_loc     0x00060c6a       0xd8 c:/program files/microchip/xc32/v4.00/bin/bin/../../lib/gcc/pic32c/8.3.1/../../../../pic32c/lib/thumb/v7e-m+fp/hard\libc-musl.a(atoi.o)
 .debug_loc     0x00060d42      0x10c c:/program files/microchip/xc32/v4.00/bin/bin/../../lib/gcc/pic32c/8.3.1/../../../../pic32c/lib/thumb/v7e-m+fp/hard\libc-musl.a(memcmp.o)
 .debug_loc     0x00060e4e       0xba c:/program files/microchip/xc32/v4.00/bin/bin/../../lib/gcc/pic32c/8.3.1/../../../../pic32c/lib/thumb/v7e-m+fp/hard\libc-musl.a(memcpy.o)
 .debug_loc     0x00060f08       0x56 c:/program files/microchip/xc32/v4.00/bin/bin/../../lib/gcc/pic32c/8.3.1/../../../../pic32c/lib/thumb/v7e-m+fp/hard\libc-musl.a(memset.o)
 .debug_loc     0x00060f5e       0x47 c:/program files/microchip/xc32/v4.00/bin/bin/../../lib/gcc/pic32c/8.3.1/../../../../pic32c/lib/thumb/v7e-m+fp/hard\libc-musl.a(strlen.o)
 .debug_loc     0x00060fa5       0x83 c:/program files/microchip/xc32/v4.00/bin/bin/../../lib/gcc/pic32c/8.3.1/../../../../pic32c/lib/thumb/v7e-m+fp/hard\libc-musl.a(strstr.o)
 .debug_loc     0x00061028       0x8c c:/program files/microchip/xc32/v4.00/bin/bin/../../lib/gcc/pic32c/8.3.1/../../../../pic32c/lib/thumb/v7e-m+fp/hard\libc-musl.a(strchr.o)
 .debug_loc     0x000610b4      0x14c c:/program files/microchip/xc32/v4.00/bin/bin/../../lib/gcc/pic32c/8.3.1/../../../../pic32c/lib/thumb/v7e-m+fp/hard\libc-musl.a(strchrnul.o)
 .debug_loc     0x00061200       0x76 c:/program files/microchip/xc32/v4.00/bin/bin/../../lib/gcc/pic32c/8.3.1/../../../../pic32c/lib/thumb/v7e-m+fp/hard\libc-musl.a(strcmp.o)
 .debug_loc     0x00061276       0x67 c:/program files/microchip/xc32/v4.00/bin/bin/../../lib/gcc/pic32c/8.3.1/../../../../pic32c/lib/thumb/v7e-m+fp/hard\libc-musl.a(strcpy.o)
 .debug_loc     0x000612dd      0x1a6 c:/program files/microchip/xc32/v4.00/bin/bin/../../lib/gcc/pic32c/8.3.1/../../../../pic32c/lib/thumb/v7e-m+fp/hard\libc-musl.a(strncmp.o)
 .debug_loc     0x00061483       0x8c c:/program files/microchip/xc32/v4.00/bin/bin/../../lib/gcc/pic32c/8.3.1/../../../../pic32c/lib/thumb/v7e-m+fp/hard\libc-musl.a(strncpy.o)
 .debug_loc     0x0006150f       0x88 c:/program files/microchip/xc32/v4.00/bin/bin/../../lib/gcc/pic32c/8.3.1/../../../../pic32c/lib/thumb/v7e-m+fp/hard\libc-musl.a(vfprintf.o)
 .debug_loc     0x00061597       0x60 c:/program files/microchip/xc32/v4.00/bin/bin/../../lib/gcc/pic32c/8.3.1/../../../../pic32c/lib/thumb/v7e-m+fp/hard\libc-musl.a(stpcpy.o)
 .debug_loc     0x000615f7      0x15b c:/program files/microchip/xc32/v4.00/bin/bin/../../lib/gcc/pic32c/8.3.1/../../../../pic32c/lib/thumb/v7e-m+fp/hard\libc-musl.a(stpncpy.o)
 .debug_loc     0x00061752      0x638 c:/program files/microchip/xc32/v4.00/bin/bin/../../lib/gcc/pic32c/8.3.1/../../../../pic32c/lib/thumb/v7e-m+fp/hard\libc-musl.a(__printf_core.o)
 .debug_loc     0x00061d8a      0xac1 c:/program files/microchip/xc32/v4.00/bin/bin/../../lib/gcc/pic32c/8.3.1/../../../../pic32c/lib/thumb/v7e-m+fp/hard\libc-musl.a(__fmt_a.o)
 .debug_loc     0x0006284b      0x1ef c:/program files/microchip/xc32/v4.00/bin/bin/../../lib/gcc/pic32c/8.3.1/../../../../pic32c/lib/thumb/v7e-m+fp/hard\libc-musl.a(__fmt_d.o)
 .debug_loc     0x00062a3a      0x9e3 c:/program files/microchip/xc32/v4.00/bin/bin/../../lib/gcc/pic32c/8.3.1/../../../../pic32c/lib/thumb/v7e-m+fp/hard\libc-musl.a(__fmt_fp.o)
 .debug_loc     0x0006341d      0x10a c:/program files/microchip/xc32/v4.00/bin/bin/../../lib/gcc/pic32c/8.3.1/../../../../pic32c/lib/thumb/v7e-m+fp/hard\libc-musl.a(__fmt_o.o)
 .debug_loc     0x00063527      0x157 c:/program files/microchip/xc32/v4.00/bin/bin/../../lib/gcc/pic32c/8.3.1/../../../../pic32c/lib/thumb/v7e-m+fp/hard\libc-musl.a(__fmt_s.o)
 .debug_loc     0x0006367e      0x2a2 c:/program files/microchip/xc32/v4.00/bin/bin/../../lib/gcc/pic32c/8.3.1/../../../../pic32c/lib/thumb/v7e-m+fp/hard\libc-musl.a(__fmt_u.o)
 .debug_loc     0x00063920      0x2a8 c:/program files/microchip/xc32/v4.00/bin/bin/../../lib/gcc/pic32c/8.3.1/../../../../pic32c/lib/thumb/v7e-m+fp/hard\libc-musl.a(__fmt_x.o)
 .debug_loc     0x00063bc8       0xa6 c:/program files/microchip/xc32/v4.00/bin/bin/../../lib/gcc/pic32c/8.3.1/../../../../pic32c/lib/thumb/v7e-m+fp/hard\libc-musl.a(__pop_float.o)
 .debug_loc     0x00063c6e      0x312 c:/program files/microchip/xc32/v4.00/bin/bin/../../lib/gcc/pic32c/8.3.1/../../../../pic32c/lib/thumb/v7e-m+fp/hard\libc-musl.a(__pop_int.o)
 .debug_loc     0x00063f80      0x1db c:/program files/microchip/xc32/v4.00/bin/bin/../../lib/gcc/pic32c/8.3.1/../../../../pic32c/lib/thumb/v7e-m+fp/hard\libc-musl.a(__pop_ptr.o)
 .debug_loc     0x0006415b     0x1041 c:/program files/microchip/xc32/v4.00/bin/bin/../../lib/gcc/pic32c/8.3.1/thumb/v7e-m+fp/hard\libgcc.a(_udivmoddi4.o)

.debug_aranges  0x00000000     0x3048
 .debug_aranges
                0x00000000      0x248 build/default/production/_ext/444070925/drv_ethphy.o
 .debug_aranges
                0x00000248       0x30 build/default/production/_ext/444070925/drv_extphy_ksz8061.o
 .debug_aranges
                0x00000278      0x280 build/default/production/_ext/1546807373/drv_gmac.o
 .debug_aranges
                0x000004f8      0x140 build/default/production/_ext/1546807373/drv_gmac_lib_samE5x.o
 .debug_aranges
                0x00000638       0xe0 build/default/production/_ext/438849557/drv_miim.o
 .debug_aranges
                0x00000718       0x20 build/default/production/_ext/20954303/drv_sdmmc_file_system.o
 .debug_aranges
                0x00000738       0xb0 build/default/production/_ext/20954303/drv_sdmmc.o
 .debug_aranges
                0x000007e8       0xc0 build/default/production/_ext/1751889202/sys_fs_shell.o
 .debug_aranges
                0x000008a8       0x48 build/default/production/_ext/1033058136/helpers.o
 .debug_aranges
                0x000008f0      0x228 build/default/production/_ext/1033058136/tcp.o
 .debug_aranges
                0x00000b18      0x110 build/default/production/_ext/1033058136/arp.o
 .debug_aranges
                0x00000c28       0xf0 build/default/production/_ext/1033058136/ipv4.o
 .debug_aranges
                0x00000d18       0x48 build/default/production/_ext/1033058136/tcpip_heap_alloc.o
 .debug_aranges
                0x00000d60       0x68 build/default/production/_ext/1033058136/tcpip_heap_internal.o
 .debug_aranges
                0x00000dc8      0x130 build/default/production/_ext/1033058136/dns.o
 .debug_aranges
                0x00000ef8       0x28 build/default/production/_ext/1033058136/hash_fnv.o
 .debug_aranges
                0x00000f20       0x58 build/default/production/_ext/1033058136/oahash.o
 .debug_aranges
                0x00000f78      0x218 build/default/production/_ext/1033058136/tcpip_helpers.o
 .debug_aranges
                0x00001190      0x398 build/default/production/_ext/1033058136/tcpip_manager.o
 .debug_aranges
                0x00001528       0x48 build/default/production/_ext/1033058136/tcpip_notify.o
 .debug_aranges
                0x00001570       0x88 build/default/production/_ext/1033058136/tcpip_packet.o
 .debug_aranges
                0x000015f8       0x70 build/default/production/_ext/1033058136/ftp.o
 .debug_aranges
                0x00001668       0x38 build/default/production/_ext/1033058136/icmp.o
 .debug_aranges
                0x000016a0      0x160 build/default/production/_ext/1033058136/berkeley_api.o
 .debug_aranges
                0x00001800       0x88 build/default/production/_ext/1033058136/tcpip_announce.o
 .debug_aranges
                0x00001888      0x1b8 build/default/production/_ext/1033058136/udp.o
 .debug_aranges
                0x00001a40      0x120 build/default/production/_ext/1508031553/net_pres.o
 .debug_aranges
                0x00001b60       0x20 build/default/production/_ext/1984496892/plib_clock.o
 .debug_aranges
                0x00001b80       0x20 build/default/production/_ext/1986646378/plib_evsys.o
 .debug_aranges
                0x00001ba0       0x38 build/default/production/_ext/1865468468/plib_nvic.o
 .debug_aranges
                0x00001bd8       0xd8 build/default/production/_ext/1593096446/plib_nvmctrl.o
 .debug_aranges
                0x00001cb0       0x70 build/default/production/_ext/1865521619/plib_port.o
 .debug_aranges
                0x00001d20       0xc0 build/default/production/_ext/1865600094/plib_sdhc1.o
 .debug_aranges
                0x00001de0       0xc0 build/default/production/_ext/504274921/plib_sercom1_usart.o
 .debug_aranges
                0x00001ea0       0x78 build/default/production/_ext/829342655/plib_tc0.o
 .debug_aranges
                0x00001f18       0x88 build/default/production/_ext/1832805299/sys_console.o
 .debug_aranges
                0x00001fa0       0x68 build/default/production/_ext/1832805299/sys_console_uart.o
 .debug_aranges
                0x00002008       0x48 build/default/production/_ext/944882569/sys_debug.o
 .debug_aranges
                0x00002050      0x210 build/default/production/_ext/411819097/ff.o
 .debug_aranges
                0x00002260       0x30 build/default/production/_ext/411819097/ffunicode.o
 .debug_aranges
                0x00002290       0x58 build/default/production/_ext/565198302/diskio.o
 .debug_aranges
                0x000022e8      0x170 build/default/production/_ext/1269487135/sys_fs.o
 .debug_aranges
                0x00002458       0x98 build/default/production/_ext/1269487135/sys_fs_media_manager.o
 .debug_aranges
                0x000024f0      0x130 build/default/production/_ext/1269487135/sys_fs_fat_interface.o
 .debug_aranges
                0x00002620       0x40 build/default/production/_ext/1881668453/sys_int.o
 .debug_aranges
                0x00002660      0x128 build/default/production/_ext/101884895/sys_time.o
 .debug_aranges
                0x00002788       0x40 build/default/production/_ext/753841488/sys_time_h2_adapter.o
 .debug_aranges
                0x000027c8       0x28 build/default/production/_ext/1171490990/initialization.o
 .debug_aranges
                0x000027f0       0x20 build/default/production/_ext/1171490990/interrupts.o
 .debug_aranges
                0x00002810       0x48 build/default/production/_ext/1171490990/exceptions.o
 .debug_aranges
                0x00002858       0x28 build/default/production/_ext/1171490990/startup_xc32.o
 .debug_aranges
                0x00002880       0x20 build/default/production/_ext/1171490990/tasks.o
 .debug_aranges
                0x000028a0       0x28 build/default/production/_ext/172253694/crypt_wolfcryptcb.o
 .debug_aranges
                0x000028c8       0xd8 build/default/production/_ext/1664057780/cryptocb.o
 .debug_aranges
                0x000029a0       0x20 build/default/production/_ext/1360937237/main.o
 .debug_aranges
                0x000029c0       0x28 build/default/production/_ext/1360937237/app.o
 .debug_aranges
                0x000029e8       0x20 c:/program files/microchip/xc32/v4.00/bin/bin/../../lib/gcc/pic32c/8.3.1/../../../../pic32c/lib/thumb/v7e-m+fp/hard\libpic32c.a(data_init.o)
 .debug_aranges
                0x00002a08       0x28 c:/program files/microchip/xc32/v4.00/bin/bin/../../lib/gcc/pic32c/8.3.1/../../../../pic32c/lib/thumb/v7e-m+fp/hard\libc-musl.a(isxdigit.o)
 .debug_aranges
                0x00002a30       0x28 c:/program files/microchip/xc32/v4.00/bin/bin/../../lib/gcc/pic32c/8.3.1/../../../../pic32c/lib/thumb/v7e-m+fp/hard\libc-musl.a(tolower.o)
 .debug_aranges
                0x00002a58       0x28 c:/program files/microchip/xc32/v4.00/bin/bin/../../lib/gcc/pic32c/8.3.1/../../../../pic32c/lib/thumb/v7e-m+fp/hard\libc-musl.a(toupper.o)
 .debug_aranges
                0x00002a80       0x28 c:/program files/microchip/xc32/v4.00/bin/bin/../../lib/gcc/pic32c/8.3.1/../../../../pic32c/lib/thumb/v7e-m+fp/hard\libc-musl.a(__libc_start_main.o)
 .debug_aranges
                0x00002aa8       0x18 c:/program files/microchip/xc32/v4.00/bin/bin/../../lib/gcc/pic32c/8.3.1/../../../../pic32c/lib/thumb/v7e-m+fp/hard\libc-musl.a(__errno_location.o)
 .debug_aranges
                0x00002ac0       0x18 c:/program files/microchip/xc32/v4.00/bin/bin/../../lib/gcc/pic32c/8.3.1/../../../../pic32c/lib/thumb/v7e-m+fp/hard\libc-musl.a(libc.o)
 .debug_aranges
                0x00002ad8       0x20 c:/program files/microchip/xc32/v4.00/bin/bin/../../lib/gcc/pic32c/8.3.1/../../../../pic32c/lib/thumb/v7e-m+fp/hard\libc-musl.a(calloc.o)
 .debug_aranges
                0x00002af8       0x70 c:/program files/microchip/xc32/v4.00/bin/bin/../../lib/gcc/pic32c/8.3.1/../../../../pic32c/lib/thumb/v7e-m+fp/hard\libc-musl.a(malloc.o)
 .debug_aranges
                0x00002b68       0x20 c:/program files/microchip/xc32/v4.00/bin/bin/../../lib/gcc/pic32c/8.3.1/../../../../pic32c/lib/thumb/v7e-m+fp/hard\libc-musl.a(expand_heap.o)
 .debug_aranges
                0x00002b88       0x28 c:/program files/microchip/xc32/v4.00/bin/bin/../../lib/gcc/pic32c/8.3.1/../../../../pic32c/lib/thumb/v7e-m+fp/hard\libc-musl.a(rand.o)
 .debug_aranges
                0x00002bb0       0x20 c:/program files/microchip/xc32/v4.00/bin/bin/../../lib/gcc/pic32c/8.3.1/../../../../pic32c/lib/thumb/v7e-m+fp/hard\libc-musl.a(vsnprintf.o)
 .debug_aranges
                0x00002bd0       0x20 c:/program files/microchip/xc32/v4.00/bin/bin/../../lib/gcc/pic32c/8.3.1/../../../../pic32c/lib/thumb/v7e-m+fp/hard\libc-musl.a(snprintf.o)
 .debug_aranges
                0x00002bf0       0x20 c:/program files/microchip/xc32/v4.00/bin/bin/../../lib/gcc/pic32c/8.3.1/../../../../pic32c/lib/thumb/v7e-m+fp/hard\libc-musl.a(sprintf.o)
 .debug_aranges
                0x00002c10       0x20 c:/program files/microchip/xc32/v4.00/bin/bin/../../lib/gcc/pic32c/8.3.1/../../../../pic32c/lib/thumb/v7e-m+fp/hard\libc-musl.a(vsprintf.o)
 .debug_aranges
                0x00002c30       0x20 c:/program files/microchip/xc32/v4.00/bin/bin/../../lib/gcc/pic32c/8.3.1/../../../../pic32c/lib/thumb/v7e-m+fp/hard\libc-musl.a(atoi.o)
 .debug_aranges
                0x00002c50       0x20 c:/program files/microchip/xc32/v4.00/bin/bin/../../lib/gcc/pic32c/8.3.1/../../../../pic32c/lib/thumb/v7e-m+fp/hard\libc-musl.a(memcmp.o)
 .debug_aranges
                0x00002c70       0x20 c:/program files/microchip/xc32/v4.00/bin/bin/../../lib/gcc/pic32c/8.3.1/../../../../pic32c/lib/thumb/v7e-m+fp/hard\libc-musl.a(memcpy.o)
 .debug_aranges
                0x00002c90       0x20 c:/program files/microchip/xc32/v4.00/bin/bin/../../lib/gcc/pic32c/8.3.1/../../../../pic32c/lib/thumb/v7e-m+fp/hard\libc-musl.a(memset.o)
 .debug_aranges
                0x00002cb0       0x20 c:/program files/microchip/xc32/v4.00/bin/bin/../../lib/gcc/pic32c/8.3.1/../../../../pic32c/lib/thumb/v7e-m+fp/hard\libc-musl.a(strlen.o)
 .debug_aranges
                0x00002cd0       0x20 c:/program files/microchip/xc32/v4.00/bin/bin/../../lib/gcc/pic32c/8.3.1/../../../../pic32c/lib/thumb/v7e-m+fp/hard\libc-musl.a(strstr.o)
 .debug_aranges
                0x00002cf0       0x20 c:/program files/microchip/xc32/v4.00/bin/bin/../../lib/gcc/pic32c/8.3.1/../../../../pic32c/lib/thumb/v7e-m+fp/hard\libc-musl.a(strchr.o)
 .debug_aranges