Archive member included to satisfy reference by file (symbol)

c:/program files/microchip/xc32/v4.00/bin/bin/../../lib/gcc/pic32c/8.3.1/../../../../pic32c/lib/thumb/v7e-m+fp/hard\libpic32c.a(data_init.o)
                              build/default/production/_ext/1171490990/startup_xc32.o (__pic32c_data_initialization)
c:/program files/microchip/xc32/v4.00/bin/bin/../../lib/gcc/pic32c/8.3.1/../../../../pic32c/lib/thumb/v7e-m+fp/hard\libm-emfloat.a(floatasmops_arm.o)
                              build/default/production/_ext/1033058136/iperf.o (__aeabi_dadd)
c:/program files/microchip/xc32/v4.00/bin/bin/../../lib/gcc/pic32c/8.3.1/../../../../pic32c/lib/thumb/v7e-m+fp/hard\libc-musl.a(isxdigit.o)
                              build/default/production/_ext/1033058136/tcpip_helpers.o (isxdigit)
c:/program files/microchip/xc32/v4.00/bin/bin/../../lib/gcc/pic32c/8.3.1/../../../../pic32c/lib/thumb/v7e-m+fp/hard\libc-musl.a(tolower.o)
                              build/default/production/_ext/1033058136/helpers.o (tolower)
c:/program files/microchip/xc32/v4.00/bin/bin/../../lib/gcc/pic32c/8.3.1/../../../../pic32c/lib/thumb/v7e-m+fp/hard\libc-musl.a(toupper.o)
                              build/default/production/_ext/1033058136/tcpip_helpers.o (toupper)
c:/program files/microchip/xc32/v4.00/bin/bin/../../lib/gcc/pic32c/8.3.1/../../../../pic32c/lib/thumb/v7e-m+fp/hard\libc-musl.a(__libc_start_main.o)
                              build/default/production/_ext/1171490990/startup_xc32.o (__libc_init_array)
c:/program files/microchip/xc32/v4.00/bin/bin/../../lib/gcc/pic32c/8.3.1/../../../../pic32c/lib/thumb/v7e-m+fp/hard\libc-musl.a(__errno_location.o)
                              build/default/production/_ext/1033058136/berkeley_api.o (__errno_val)
c:/program files/microchip/xc32/v4.00/bin/bin/../../lib/gcc/pic32c/8.3.1/../../../../pic32c/lib/thumb/v7e-m+fp/hard\libc-musl.a(libc.o)
                              c:/program files/microchip/xc32/v4.00/bin/bin/../../lib/gcc/pic32c/8.3.1/../../../../pic32c/lib/thumb/v7e-m+fp/hard\libc-musl.a(__libc_start_main.o) (__progname_full)
c:/program files/microchip/xc32/v4.00/bin/bin/../../lib/gcc/pic32c/8.3.1/../../../../pic32c/lib/thumb/v7e-m+fp/hard\libc-musl.a(calloc.o)
                              build/default/production/_ext/1033058136/berkeley_api.o (calloc)
c:/program files/microchip/xc32/v4.00/bin/bin/../../lib/gcc/pic32c/8.3.1/../../../../pic32c/lib/thumb/v7e-m+fp/hard\libc-musl.a(malloc.o)
                              build/default/production/_ext/1645245335/crypto.o (free)
c:/program files/microchip/xc32/v4.00/bin/bin/../../lib/gcc/pic32c/8.3.1/../../../../pic32c/lib/thumb/v7e-m+fp/hard\libc-musl.a(expand_heap.o)
                              c:/program files/microchip/xc32/v4.00/bin/bin/../../lib/gcc/pic32c/8.3.1/../../../../pic32c/lib/thumb/v7e-m+fp/hard\libc-musl.a(malloc.o) (__expand_heap)
c:/program files/microchip/xc32/v4.00/bin/bin/../../lib/gcc/pic32c/8.3.1/../../../../pic32c/lib/thumb/v7e-m+fp/hard\libc-musl.a(rand.o)
                              build/default/production/_ext/1664057780/random.o (srand)
c:/program files/microchip/xc32/v4.00/bin/bin/../../lib/gcc/pic32c/8.3.1/../../../../pic32c/lib/thumb/v7e-m+fp/hard\libc-musl.a(vsnprintf.o)
                              build/default/production/_ext/1376093119/sys_command.o (vsnprintf)
c:/program files/microchip/xc32/v4.00/bin/bin/../../lib/gcc/pic32c/8.3.1/../../../../pic32c/lib/thumb/v7e-m+fp/hard\libc-musl.a(snprintf.o)
                              (snprintf)
c:/program files/microchip/xc32/v4.00/bin/bin/../../lib/gcc/pic32c/8.3.1/../../../../pic32c/lib/thumb/v7e-m+fp/hard\libc-musl.a(sprintf.o)
                              (sprintf)
c:/program files/microchip/xc32/v4.00/bin/bin/../../lib/gcc/pic32c/8.3.1/../../../../pic32c/lib/thumb/v7e-m+fp/hard\libc-musl.a(vsprintf.o)
                              c:/program files/microchip/xc32/v4.00/bin/bin/../../lib/gcc/pic32c/8.3.1/../../../../pic32c/lib/thumb/v7e-m+fp/hard\libc-musl.a(sprintf.o) (vsprintf)
c:/program files/microchip/xc32/v4.00/bin/bin/../../lib/gcc/pic32c/8.3.1/../../../../pic32c/lib/thumb/v7e-m+fp/hard\libc-musl.a(atoi.o)
                              build/default/production/_ext/1033058136/ftp.o (atoi)
c:/program files/microchip/xc32/v4.00/bin/bin/../../lib/gcc/pic32c/8.3.1/../../../../pic32c/lib/thumb/v7e-m+fp/hard\libc-musl.a(strtol.o)
                              build/default/production/_ext/1033058136/tcpip_helpers.o (strtol)
c:/program files/microchip/xc32/v4.00/bin/bin/../../lib/gcc/pic32c/8.3.1/../../../../pic32c/lib/thumb/v7e-m+fp/hard\libc-musl.a(memcmp.o)
                              build/default/production/_ext/1546807373/drv_gmac.o (memcmp)
c:/program files/microchip/xc32/v4.00/bin/bin/../../lib/gcc/pic32c/8.3.1/../../../../pic32c/lib/thumb/v7e-m+fp/hard\libc-musl.a(memcpy.o)
                              build/default/production/_ext/1751889202/sys_fs_shell.o (memcpy)
[...]
Memory Configuration

Name             Origin             Length             Attributes
rom              0x00000000         0x00100000         xrl
ram              0x20000000         0x00040000         xw !r
tcm              0x03000000         0x00000000         xw
bkupram          0x47000000         0x00002000
config_00804000  0x00804000         0x00000004
config_00804008  0x00804008         0x00000004
config_00804004  0x00804004         0x00000004
*default*        0x00000000         0xffffffff

Linker script and memory map

LOAD c:/program files/microchip/xc32/v4.00/bin/bin/../../lib/gcc/pic32c/8.3.1/thumb/v7e-m+fp/hard/crti.o
LOAD c:/program files/microchip/xc32/v4.00/bin/bin/../../lib/gcc/pic32c/8.3.1/thumb/v7e-m+fp/hard/crtbegin.o
LOAD build/default/production/_ext/1645245335/crypto.o
LOAD build/default/production/_ext/444070925/drv_ethphy.o
LOAD build/default/production/_ext/444070925/drv_extphy_ksz8061.o
LOAD build/default/production/_ext/1546807373/drv_gmac.o
LOAD build/default/production/_ext/1546807373/drv_gmac_lib_samE5x.o
LOAD build/default/production/_ext/438849557/drv_miim.o
LOAD build/default/production/_ext/20954303/drv_sdmmc_file_system.o
LOAD build/default/production/_ext/20954303/drv_sdmmc.o
LOAD build/default/production/_ext/1751889202/sys_fs_shell.o
LOAD build/default/production/_ext/1033058136/helpers.o
LOAD build/default/production/_ext/1033058136/tcp.o
LOAD build/default/production/_ext/1033058136/arp.o
LOAD build/default/production/_ext/1033058136/ipv4.o
LOAD build/default/production/_ext/1033058136/tcpip_heap_alloc.o
LOAD build/default/production/_ext/1033058136/tcpip_heap_internal.o
LOAD build/default/production/_ext/1033058136/dhcp.o
LOAD build/default/production/_ext/1033058136/dns.o
LOAD build/default/production/_ext/1033058136/hash_fnv.o
LOAD build/default/production/_ext/1033058136/oahash.o
LOAD build/default/production/_ext/1033058136/tcpip_helpers.o
LOAD build/default/production/_ext/1033058136/tcpip_manager.o
LOAD build/default/production/_ext/1033058136/tcpip_notify.o
LOAD build/default/production/_ext/1033058136/tcpip_packet.o
LOAD build/default/production/_ext/1033058136/ftp.o
LOAD build/default/production/_ext/1033058136/icmp.o
LOAD build/default/production/_ext/1033058136/berkeley_api.o
LOAD build/default/production/_ext/1033058136/tcpip_announce.o
LOAD build/default/production/_ext/1033058136/udp.o
LOAD build/default/production/_ext/1033058136/iperf.o
LOAD build/default/production/_ext/1508031553/net_pres.o
LOAD build/default/production/_ext/1640433940/net_pres_enc_glue.o
LOAD build/default/production/_ext/1640433940/net_pres_cert_store.o
LOAD build/default/production/_ext/1984496892/plib_clock.o
LOAD build/default/production/_ext/1865131932/plib_cmcc.o
LOAD build/default/production/_ext/1986646378/plib_evsys.o
LOAD build/default/production/_ext/1865468468/plib_nvic.o
LOAD build/default/production/_ext/1593096446/plib_nvmctrl.o
LOAD build/default/production/_ext/1865521619/plib_port.o
LOAD build/default/production/_ext/1865600094/plib_sdhc1.o
LOAD build/default/production/_ext/504274921/plib_sercom1_usart.o
LOAD build/default/production/_ext/829342655/plib_tc0.o
LOAD build/default/production/_ext/163028504/xc32_monitor.o
LOAD build/default/production/_ext/1014039709/sys_cache.o
LOAD build/default/production/_ext/1376093119/sys_command.o
LOAD build/default/production/_ext/1832805299/sys_console.o
LOAD build/default/production/_ext/1832805299/sys_console_uart.o
LOAD build/default/production/_ext/944882569/sys_debug.o
LOAD build/default/production/_ext/411819097/ff.o
LOAD build/default/production/_ext/411819097/ffunicode.o
LOAD build/default/production/_ext/565198302/diskio.o
LOAD build/default/production/_ext/1269487135/sys_fs.o
LOAD build/default/production/_ext/1269487135/sys_fs_media_manager.o
LOAD build/default/production/_ext/1269487135/sys_fs_fat_interface.o
LOAD build/default/production/_ext/1881668453/sys_int.o
LOAD build/default/production/_ext/1000052432/sys_reset.o
LOAD build/default/production/_ext/101884895/sys_time.o
LOAD build/default/production/_ext/753841488/sys_time_h2_adapter.o
LOAD build/default/production/_ext/753841488/sys_random_h2_adapter.o
LOAD build/default/production/_ext/1171490990/initialization.o
LOAD build/default/production/_ext/1171490990/interrupts.o
LOAD build/default/production/_ext/1171490990/exceptions.o
LOAD build/default/production/_ext/1171490990/startup_xc32.o
LOAD build/default/production/_ext/1171490990/libc_syscalls.o
LOAD build/default/production/_ext/1171490990/tasks.o
LOAD build/default/production/_ext/172253694/pic32mz-crypt.o
LOAD build/default/production/_ext/172253694/crypt_aes_sam6149.o
LOAD build/default/production/_ext/172253694/crypt_aes_u2238.o
LOAD build/default/production/_ext/172253694/crypt_ecc_ba414e.o
LOAD build/default/production/_ext/172253694/crypt_ecc_pukcl.o
LOAD build/default/production/_ext/172253694/crypt_pukcl_functions.o
LOAD build/default/production/_ext/172253694/crypt_rng_sam6334.o
LOAD build/default/production/_ext/172253694/crypt_rng_u2242.o
LOAD build/default/production/_ext/172253694/crypt_rsa_pukcl.o
LOAD build/default/production/_ext/172253694/crypt_sam_u2803.o
LOAD build/default/production/_ext/172253694/crypt_sha1_sam11105.o
LOAD build/default/production/_ext/172253694/crypt_sha1_sam6156.o
LOAD build/default/production/_ext/172253694/crypt_sha224_sam11105.o
LOAD build/default/production/_ext/172253694/crypt_sha224_sam6156.o
LOAD build/default/production/_ext/172253694/crypt_sha256_sam11105.o
LOAD build/default/production/_ext/172253694/crypt_sha256_sam6156.o
LOAD build/default/production/_ext/172253694/crypt_sha384_sam6156.o
LOAD build/default/production/_ext/172253694/crypt_sha512_sam6156.o
LOAD build/default/production/_ext/172253694/crypt_tdes_sam6150.o
LOAD build/default/production/_ext/172253694/crypt_wolfcryptcb.o
LOAD build/default/production/_ext/1664057780/arc4.o
LOAD build/default/production/_ext/1664057780/asm.o
LOAD build/default/production/_ext/1664057780/asn.o
LOAD build/default/production/_ext/1664057780/blake2b.o
LOAD build/default/production/_ext/1664057780/blake2s.o
LOAD build/default/production/_ext/1664057780/camellia.o
LOAD build/default/production/_ext/1664057780/chacha.o
LOAD build/default/production/_ext/1664057780/chacha20_poly1305.o
LOAD build/default/production/_ext/1664057780/cmac.o
LOAD build/default/production/_ext/1664057780/coding.o
LOAD build/default/production/_ext/1664057780/compress.o
LOAD build/default/production/_ext/1664057780/cpuid.o
LOAD build/default/production/_ext/1664057780/cryptocb.o
LOAD build/default/production/_ext/1664057780/curve25519.o
LOAD build/default/production/_ext/1664057780/curve448.o
LOAD build/default/production/_ext/1664057780/dh.o
LOAD build/default/production/_ext/1664057780/dsa.o
LOAD build/default/production/_ext/1664057780/ecc_fp.o
LOAD build/default/production/_ext/1664057780/ed25519.o
LOAD build/default/production/_ext/1664057780/ed448.o
LOAD build/default/production/_ext/1664057780/error.o
LOAD build/default/production/_ext/1664057780/fe_448.o
LOAD build/default/production/_ext/1664057780/fe_low_mem.o
LOAD build/default/production/_ext/1664057780/fe_operations.o
LOAD build/default/production/_ext/1664057780/ge_448.o
LOAD build/default/production/_ext/1664057780/ge_low_mem.o
LOAD build/default/production/_ext/1664057780/ge_operations.o
LOAD build/default/production/_ext/1664057780/hash.o
LOAD build/default/production/_ext/1664057780/hc128.o
LOAD build/default/production/_ext/1664057780/hmac.o
LOAD build/default/production/_ext/1664057780/idea.o
LOAD build/default/production/_ext/1664057780/integer.o
LOAD build/default/production/_ext/1664057780/logging.o
LOAD build/default/production/_ext/1664057780/md2.o
LOAD build/default/production/_ext/1664057780/md4.o
LOAD build/default/production/_ext/1664057780/md5.o
LOAD build/default/production/_ext/1664057780/memory.o
LOAD build/default/production/_ext/1664057780/pkcs12.o
LOAD build/default/production/_ext/1664057780/pkcs7.o
LOAD build/default/production/_ext/1664057780/poly1305.o
LOAD build/default/production/_ext/1664057780/pwdbased.o
LOAD build/default/production/_ext/1664057780/rabbit.o
LOAD build/default/production/_ext/1664057780/rc2.o
LOAD build/default/production/_ext/1664057780/ripemd.o
LOAD build/default/production/_ext/1664057780/rsa.o
LOAD build/default/production/_ext/1664057780/sha3.o
LOAD build/default/production/_ext/1664057780/signature.o
LOAD build/default/production/_ext/1664057780/sp_arm32.o
LOAD build/default/production/_ext/1664057780/sp_arm64.o
LOAD build/default/production/_ext/1664057780/sp_armthumb.o
LOAD build/default/production/_ext/1664057780/sp_c32.o
LOAD build/default/production/_ext/1664057780/sp_c64.o
LOAD build/default/production/_ext/1664057780/sp_cortexm.o
LOAD build/default/production/_ext/1664057780/sp_dsp32.o
LOAD build/default/production/_ext/1664057780/sp_int.o
LOAD build/default/production/_ext/1664057780/sp_x86_64.o
LOAD build/default/production/_ext/1664057780/srp.o
LOAD build/default/production/_ext/1664057780/tfm.o
LOAD build/default/production/_ext/1664057780/wc_dsp.o
LOAD build/default/production/_ext/1664057780/wc_encrypt.o
LOAD build/default/production/_ext/1664057780/wc_pkcs11.o
LOAD build/default/production/_ext/1664057780/wc_port.o
LOAD build/default/production/_ext/1664057780/wolfevent.o
LOAD build/default/production/_ext/1664057780/wolfmath.o
LOAD build/default/production/_ext/1664057780/aes.o
LOAD build/default/production/_ext/1664057780/des3.o
LOAD build/default/production/_ext/1664057780/random.o
LOAD build/default/production/_ext/1664057780/sha.o
LOAD build/default/production/_ext/1664057780/sha256.o
LOAD build/default/production/_ext/1664057780/sha512.o
LOAD build/default/production/_ext/1664057780/ecc.o
LOAD build/default/production/_ext/1360937237/main.o
LOAD build/default/production/_ext/1360937237/app.o
LOAD build/default/production/_ext/1664057780/misc.o
LOAD build/default/production/_ext/1664057780/evp.o
                0x00000001                __MPLAB_BUILD = 0x1
                0x00100000                __rom_end = (ORIGIN (rom) + LENGTH (rom))
                0x20040000                __ram_end = (ORIGIN (ram) + LENGTH (ram))

.config_00804000
 *(.config_00804000)

.config_00804008
 *(.config_00804008)

.config_00804004
 *(.config_00804004)

.vectors        0x00000000      0x264
                0x00000000                . = ALIGN (0x4)
                0x00000000                _sfixed = .
 *(.vectors .vectors.* .vectors_default .vectors_default.*)
 .vectors.exception_table
                0x00000000      0x264 build/default/production/_ext/1171490990/interrupts.o
                0x00000000                exception_table
 *(.isr_vector)
 *(.reset*)
 *(.after_vectors)

.text           0x00000264       0x20
                0x00000264                . = ALIGN (0x4)
 *(.glue_7t)
 .glue_7t       0x00000264        0x0 linker stubs
 *(.glue_7)
 .glue_7        0x00000264        0x0 linker stubs
 *(.gnu.linkonce.r.*)
 *(.ARM.extab* .gnu.linkonce.armextab.*)
                0x00000264                . = ALIGN (0x4)
 *(.init)
 .init          0x00000264        0x4 c:/program files/microchip/xc32/v4.00/bin/bin/../../lib/gcc/pic32c/8.3.1/thumb/v7e-m+fp/hard/crti.o
                0x00000264                _init
 .init          0x00000268        0x8 c:/program files/microchip/xc32/v4.00/bin/bin/../../lib/gcc/pic32c/8.3.1/thumb/v7e-m+fp/hard/crtn.o
                0x00000270                . = ALIGN (0x4)
                0x00000270                __preinit_array_start = .
 *(.preinit_array)
                0x00000270                __preinit_array_end = .
                0x00000270                . = ALIGN (0x4)
                0x00000270                __init_array_start = .
 *(SORT_BY_NAME(.init_array.*))
 *(.init_array)
 .init_array    0x00000270        0x4 c:/program files/microchip/xc32/v4.00/bin/bin/../../lib/gcc/pic32c/8.3.1/thumb/v7e-m+fp/hard/crtbegin.o
                0x00000274                __init_array_end = .
                0x00000274                . = ALIGN (0x4)
 *crtbegin.o(.ctors)
 *(EXCLUDE_FILE(*crtend.o) .ctors)
 *(SORT_BY_NAME(.ctors.*))
 *crtend.o(.ctors)
                0x00000274                . = ALIGN (0x4)
 *(.fini)
 .fini          0x00000274        0x4 c:/program files/microchip/xc32/v4.00/bin/bin/../../lib/gcc/pic32c/8.3.1/thumb/v7e-m+fp/hard/crti.o
                0x00000274                _fini
 .fini          0x00000278        0x8 c:/program files/microchip/xc32/v4.00/bin/bin/../../lib/gcc/pic32c/8.3.1/thumb/v7e-m+fp/hard/crtn.o
                0x00000280                . = ALIGN (0x4)
                0x00000280                __fini_array_start = .
 *(.fini_array)
 .fini_array    0x00000280        0x4 c:/program files/microchip/xc32/v4.00/bin/bin/../../lib/gcc/pic32c/8.3.1/thumb/v7e-m+fp/hard/crtbegin.o
 *(SORT_BY_NAME(.fini_array.*))
                0x00000284                __fini_array_end = .
 *crtbegin.o(.dtors)
 *(EXCLUDE_FILE(*crtend.o) .dtors)
 *(SORT_BY_NAME(.dtors.*))
 *crtend.o(.dtors)
                0x00000284                . = ALIGN (0x4)
                0x00000284                _efixed = .
                [!provide]                PROVIDE (__exidx_start = .)

.ARM.exidx      0x00000284        0x8
 *(.ARM.exidx* .gnu.linkonce.armexidx.*)
 .ARM.exidx     0x00000284        0x8 c:/program files/microchip/xc32/v4.00/bin/bin/../../lib/gcc/pic32c/8.3.1/thumb/v7e-m+fp/hard\libgcc.a(_udivmoddi4.o)
                [!provide]                PROVIDE (__exidx_end = .)
                0x0000028c                . = ALIGN (0x4)
                0x0000028c                _etext = .

.bss            0x20000000        0x0
                0x20000000                . = ALIGN (0x4)
                0x20000000                __bss_start__ = .
                0x20000000                _sbss = .
                0x20000000                _szero = .
 *(COMMON)
                0x20000000                . = ALIGN (0x4)
                0x20000000                __bss_end__ = .
                0x20000000                _ebss = .
                0x20000000                _ezero = .
                0x20000000                . = ALIGN (0x4)
                0x20000000                _end = .
                0x2003ffff                _ram_end_ = ((ORIGIN (ram) + LENGTH (ram)) - 0x1)

.bkupram_bss
 *(.bkupram_bss .bkupram_bss.*)
 *(.pbss .pbss.*)
                0x000186a0                _min_heap_size = 0x186a0
START GROUP
LOAD c:/program files/microchip/xc32/v4.00/bin/bin/../../lib/gcc/pic32c/8.3.1/../../../../pic32c/lib/thumb/v7e-m+fp/hard\libpic32c.a
LOAD c:/program files/microchip/xc32/v4.00/bin/bin/../../lib/gcc/pic32c/8.3.1/../../../../pic32c/lib/thumb/v7e-m+fp/hard\libm-emfloat.a
LOAD c:/program files/microchip/xc32/v4.00/bin/bin/../../lib/gcc/pic32c/8.3.1/../../../../pic32c/lib/thumb/v7e-m+fp/hard\libc-musl.a
LOAD c:/program files/microchip/xc32/v4.00/bin/bin/../../lib/gcc/pic32c/8.3.1/../../../../pic32c/lib/thumb/v7e-m+fp/hard\libm-emfloat.a
LOAD c:/program files/microchip/xc32/v4.00/bin/bin/../../lib/gcc/pic32c/8.3.1/thumb/v7e-m+fp/hard\libgcc.a
END GROUP
LOAD c:/program files/microchip/xc32/v4.00/bin/bin/../../lib/gcc/pic32c/8.3.1/thumb/v7e-m+fp/hard/crtend.o
LOAD c:/program files/microchip/xc32/v4.00/bin/bin/../../lib/gcc/pic32c/8.3.1/thumb/v7e-m+fp/hard/crtn.o
OUTPUT(dist/default/production/same54_cu_tcpip.X.production.elf elf32-littlearm)
LOAD stack
LOAD data_init

.ARM.attributes
                0x00000000       0x32
 .ARM.attributes
                0x00000000       0x1e c:/program files/microchip/xc32/v4.00/bin/bin/../../lib/gcc/pic32c/8.3.1/thumb/v7e-m+fp/hard/crti.o
 .ARM.attributes
                0x0000001e       0x34 c:/program files/microchip/xc32/v4.00/bin/bin/../../lib/gcc/pic32c/8.3.1/thumb/v7e-m+fp/hard/crtbegin.o
 .ARM.attributes
                0x00000052       0x34 build/default/production/_ext/444070925/drv_ethphy.o
 .ARM.attributes
                0x00000086       0x34 build/default/production/_ext/444070925/drv_extphy_ksz8061.o
 .ARM.attributes
                0x000000ba       0x34 build/default/production/_ext/1546807373/drv_gmac.o
 .ARM.attributes
                0x000000ee       0x34 build/default/production/_ext/1546807373/drv_gmac_lib_samE5x.o
 .ARM.attributes
                0x00000122       0x34 build/default/production/_ext/438849557/drv_miim.o
 .ARM.attributes
                0x00000156       0x34 build/default/production/_ext/20954303/drv_sdmmc_file_system.o
 .ARM.attributes
                0x0000018a       0x34 build/default/production/_ext/20954303/drv_sdmmc.o
 .ARM.attributes
                0x000001be       0x34 build/default/production/_ext/1751889202/sys_fs_shell.o
 .ARM.attributes
                0x000001f2       0x34 build/default/production/_ext/1033058136/helpers.o
 .ARM.attributes
                0x00000226       0x34 build/default/production/_ext/1033058136/tcp.o
 .ARM.attributes
                0x0000025a       0x34 build/default/production/_ext/1033058136/arp.o
 .ARM.attributes
                0x0000028e       0x34 build/default/production/_ext/1033058136/ipv4.o
 .ARM.attributes
                0x000002c2       0x34 build/default/production/_ext/1033058136/tcpip_heap_alloc.o
 .ARM.attributes
                0x000002f6       0x34 build/default/production/_ext/1033058136/tcpip_heap_internal.o
 .ARM.attributes
                0x0000032a       0x34 build/default/production/_ext/1033058136/dns.o
 .ARM.attributes
                0x0000035e       0x34 build/default/production/_ext/1033058136/hash_fnv.o
 .ARM.attributes
                0x00000392       0x34 build/default/production/_ext/1033058136/oahash.o
 .ARM.attributes
                0x000003c6       0x34 build/default/production/_ext/1033058136/tcpip_helpers.o
 .ARM.attributes
                0x000003fa       0x34 build/default/production/_ext/1033058136/tcpip_manager.o
 .ARM.attributes
                0x0000042e       0x34 build/default/production/_ext/1033058136/tcpip_notify.o
 .ARM.attributes
                0x00000462       0x34 build/default/production/_ext/1033058136/tcpip_packet.o
 .ARM.attributes
                0x00000496       0x34 build/default/production/_ext/1033058136/ftp.o
 .ARM.attributes
                0x000004ca       0x34 build/default/production/_ext/1033058136/icmp.o
 .ARM.attributes
                0x000004fe       0x34 build/default/production/_ext/1033058136/berkeley_api.o
 .ARM.attributes
                0x00000532       0x34 build/default/production/_ext/1033058136/tcpip_announce.o
 .ARM.attributes
                0x00000566       0x34 build/default/production/_ext/1033058136/udp.o
 .ARM.attributes
                0x0000059a       0x34 build/default/production/_ext/1033058136/iperf.o
 .ARM.attributes
                0x000005ce       0x34 build/default/production/_ext/1508031553/net_pres.o
 .ARM.attributes
                0x00000602       0x34 build/default/production/_ext/1984496892/plib_clock.o
 .ARM.attributes
                0x00000636       0x34 build/default/production/_ext/1986646378/plib_evsys.o
 .ARM.attributes
                0x0000066a       0x34 build/default/production/_ext/1865468468/plib_nvic.o
 .ARM.attributes
                0x0000069e       0x34 build/default/production/_ext/1593096446/plib_nvmctrl.o
 .ARM.attributes
                0x000006d2       0x34 build/default/production/_ext/1865521619/plib_port.o
 .ARM.attributes
                0x00000706       0x34 build/default/production/_ext/1865600094/plib_sdhc1.o
 .ARM.attributes
                0x0000073a       0x34 build/default/production/_ext/504274921/plib_sercom1_usart.o
 .ARM.attributes
                0x0000076e       0x34 build/default/production/_ext/829342655/plib_tc0.o
 .ARM.attributes
                0x000007a2       0x34 build/default/production/_ext/1376093119/sys_command.o
 .ARM.attributes
                0x000007d6       0x34 build/default/production/_ext/1832805299/sys_console.o
 .ARM.attributes
                0x0000080a       0x34 build/default/production/_ext/1832805299/sys_console_uart.o
 .ARM.attributes
                0x0000083e       0x34 build/default/production/_ext/944882569/sys_debug.o
 .ARM.attributes
                0x00000872       0x34 build/default/production/_ext/411819097/ff.o
 .ARM.attributes
                0x000008a6       0x34 build/default/production/_ext/411819097/ffunicode.o
 .ARM.attributes
                0x000008da       0x34 build/default/production/_ext/565198302/diskio.o
 .ARM.attributes
                0x0000090e       0x34 build/default/production/_ext/1269487135/sys_fs.o
 .ARM.attributes
                0x00000942       0x34 build/default/production/_ext/1269487135/sys_fs_media_manager.o
 .ARM.attributes
                0x00000976       0x34 build/default/production/_ext/1269487135/sys_fs_fat_interface.o
 .ARM.attributes
                0x000009aa       0x34 build/default/production/_ext/1881668453/sys_int.o
 .ARM.attributes
                0x000009de       0x34 build/default/production/_ext/1000052432/sys_reset.o
 .ARM.attributes
                0x00000a12       0x34 build/default/production/_ext/101884895/sys_time.o
 .ARM.attributes
                0x00000a46       0x34 build/default/production/_ext/753841488/sys_time_h2_adapter.o
 .ARM.attributes
                0x00000a7a       0x34 build/default/production/_ext/1171490990/initialization.o
 .ARM.attributes
                0x00000aae       0x34 build/default/production/_ext/1171490990/interrupts.o
 .ARM.attributes
                0x00000ae2       0x34 build/default/production/_ext/1171490990/exceptions.o
 .ARM.attributes
                0x00000b16       0x34 build/default/production/_ext/1171490990/startup_xc32.o
 .ARM.attributes
                0x00000b4a       0x34 build/default/production/_ext/1171490990/tasks.o
 .ARM.attributes
                0x00000b7e       0x34 build/default/production/_ext/172253694/crypt_wolfcryptcb.o
 .ARM.attributes
                0x00000bb2       0x34 build/default/production/_ext/1664057780/cryptocb.o
 .ARM.attributes
                0x00000be6       0x34 build/default/production/_ext/1360937237/main.o
 .ARM.attributes
                0x00000c1a       0x34 build/default/production/_ext/1360937237/app.o
 .ARM.attributes
                0x00000c4e       0x34 c:/program files/microchip/xc32/v4.00/bin/bin/../../lib/gcc/pic32c/8.3.1/../../../../pic32c/lib/thumb/v7e-m+fp/hard\libpic32c.a(data_init.o)
 .ARM.attributes
                0x00000c82       0x20 c:/program files/microchip/xc32/v4.00/bin/bin/../../lib/gcc/pic32c/8.3.1/../../../../pic32c/lib/thumb/v7e-m+fp/hard\libm-emfloat.a(floatasmops_arm.o)
 .ARM.attributes
                0x00000ca2       0x36 c:/program files/microchip/xc32/v4.00/bin/bin/../../lib/gcc/pic32c/8.3.1/../../../../pic32c/lib/thumb/v7e-m+fp/hard\libc-musl.a(isxdigit.o)
 .ARM.attributes
                0x00000cd8       0x36 c:/program files/microchip/xc32/v4.00/bin/bin/../../lib/gcc/pic32c/8.3.1/../../../../pic32c/lib/thumb/v7e-m+fp/hard\libc-musl.a(tolower.o)
 .ARM.attributes
                0x00000d0e       0x36 c:/program files/microchip/xc32/v4.00/bin/bin/../../lib/gcc/pic32c/8.3.1/../../../../pic32c/lib/thumb/v7e-m+fp/hard\libc-musl.a(toupper.o)
 .ARM.attributes
                0x00000d44       0x36 c:/program files/microchip/xc32/v4.00/bin/bin/../../lib/gcc/pic32c/8.3.1/../../../../pic32c/lib/thumb/v7e-m+fp/hard\libc-musl.a(__libc_start_main.o)
 .ARM.attributes
                0x00000d7a       0x34 c:/program files/microchip/xc32/v4.00/bin/bin/../../lib/gcc/pic32c/8.3.1/../../../../pic32c/lib/thumb/v7e-m+fp/hard\libc-musl.a(__errno_location.o)
 .ARM.attributes
                0x00000dae       0x34 c:/program files/microchip/xc32/v4.00/bin/bin/../../lib/gcc/pic32c/8.3.1/../../../../pic32c/lib/thumb/v7e-m+fp/hard\libc-musl.a(libc.o)
 .ARM.attributes
                0x00000de2       0x36 c:/program files/microchip/xc32/v4.00/bin/bin/../../lib/gcc/pic32c/8.3.1/../../../../pic32c/lib/thumb/v7e-m+fp/hard\libc-musl.a(calloc.o)
 .ARM.attributes
                0x00000e18       0x36 c:/program files/microchip/xc32/v4.00/bin/bin/../../lib/gcc/pic32c/8.3.1/../../../../pic32c/lib/thumb/v7e-m+fp/hard\libc-musl.a(malloc.o)
 .ARM.attributes
                0x00000e4e       0x36 c:/program files/microchip/xc32/v4.00/bin/bin/../../lib/gcc/pic32c/8.3.1/../../../../pic32c/lib/thumb/v7e-m+fp/hard\libc-musl.a(expand_heap.o)
 .ARM.attributes
                0x00000e84       0x36 c:/program files/microchip/xc32/v4.00/bin/bin/../../lib/gcc/pic32c/8.3.1/../../../../pic32c/lib/thumb/v7e-m+fp/hard\libc-musl.a(rand.o)
 .ARM.attributes
                0x00000eba       0x36 c:/program files/microchip/xc32/v4.00/bin/bin/../../lib/gcc/pic32c/8.3.1/../../../../pic32c/lib/thumb/v7e-m+fp/hard\libc-musl.a(vsnprintf.o)
 .ARM.attributes
                0x00000ef0       0x36 c:/program files/microchip/xc32/v4.00/bin/bin/../../lib/gcc/pic32c/8.3.1/../../../../pic32c/lib/thumb/v7e-m+fp/hard\libc-musl.a(snprintf.o)
 .ARM.attributes
                0x00000f26       0x36 c:/program files/microchip/xc32/v4.00/bin/bin/../../lib/gcc/pic32c/8.3.1/../../../../pic32c/lib/thumb/v7e-m+fp/hard\libc-musl.a(sprintf.o)
 .ARM.attributes
                0x00000f5c       0x36 c:/program files/microchip/xc32/v4.00/bin/bin/../../lib/gcc/pic32c/8.3.1/../../../../pic32c/lib/thumb/v7e-m+fp/hard\libc-musl.a(vsprintf.o)
 .ARM.attributes
                0x00000f92       0x36 c:/program files/microchip/xc32/v4.00/bin/bin/../../lib/gcc/pic32c/8.3.1/../../../../pic32c/lib/thumb/v7e-m+fp/hard\libc-musl.a(atoi.o)
 .ARM.attributes
                0x00000fc8       0x36 c:/program files/microchip/xc32/v4.00/bin/bin/../../lib/gcc/pic32c/8.3.1/../../../../pic32c/lib/thumb/v7e-m+fp/hard\libc-musl.a(memcmp.o)
 .ARM.attributes
                0x00000ffe       0x36 c:/program files/microchip/xc32/v4.00/bin/bin/../../lib/gcc/pic32c/8.3.1/../../../../pic32c/lib/thumb/v7e-m+fp/hard\libc-musl.a(memcpy.o)
 .ARM.attributes
                0x00001034       0x36 c:/program files/microchip/xc32/v4.00/bin/bin/../../lib/gcc/pic32c/8.3.1/../../../../pic32c/lib/thumb/v7e-m+fp/hard\libc-musl.a(memset.o)
 .ARM.attributes
                0x0000106a       0x36 c:/program files/microchip/xc32/v4.00/bin/bin/../../lib/gcc/pic32c/8.3.1/../../../../pic32c/lib/thumb/v7e-m+fp/hard\libc-musl.a(strlen.o)
 .ARM.attributes
                0x000010a0       0x36 c:/program files/microchip/xc32/v4.00/bin/bin/../../lib/gcc/pic32c/8.3.1/../../../../pic32c/lib/thumb/v7e-m+fp/hard\libc-musl.a(strstr.o)
 .ARM.attributes
                0x000010d6       0x36 c:/program files/microchip/xc32/v4.00/bin/bin/../../lib/gcc/pic32c/8.3.1/../../../../pic32c/lib/thumb/v7e-m+fp/hard\libc-musl.a(strchr.o)
 .ARM.attributes
                0x0000110c       0x36 c:/program files/microchip/xc32/v4.00/bin/bin/../../lib/gcc/pic32c/8.3.1/../../../../pic32c/lib/thumb/v7e-m+fp/hard\libc-musl.a(strchrnul.o)
 .ARM.attributes
                0x00001142       0x36 c:/program files/microchip/xc32/v4.00/bin/bin/../../lib/gcc/pic32c/8.3.1/../../../../pic32c/lib/thumb/v7e-m+fp/hard\libc-musl.a(strcmp.o)
 .ARM.attributes
                0x00001178       0x36 c:/program files/microchip/xc32/v4.00/bin/bin/../../lib/gcc/pic32c/8.3.1/../../../../pic32c/lib/thumb/v7e-m+fp/hard\libc-musl.a(strcpy.o)
 .ARM.attributes
                0x000011ae       0x36 c:/program files/microchip/xc32/v4.00/bin/bin/../../lib/gcc/pic32c/8.3.1/../../../../pic32c/lib/thumb/v7e-m+fp/hard\libc-musl.a(strncmp.o)
 .ARM.attributes
                0x000011e4       0x36 c:/program files/microchip/xc32/v4.00/bin/bin/../../lib/gcc/pic32c/8.3.1/../../../../pic32c/lib/thumb/v7e-m+fp/hard\libc-musl.a(strncpy.o)
 .ARM.attributes
                0x0000121a       0x36 c:/program files/microchip/xc32/v4.00/bin/bin/../../lib/gcc/pic32c/8.3.1/../../../../pic32c/lib/thumb/v7e-m+fp/hard\libc-musl.a(strtok.o)
 .ARM.attributes
                0x00001250       0x34 c:/program files/microchip/xc32/v4.00/bin/bin/../../lib/gcc/pic32c/8.3.1/../../../../pic32c/lib/thumb/v7e-m+fp/hard\libc-musl.a(__environ.o)
 .ARM.attributes
                0x00001284       0x36 c:/program files/microchip/xc32/v4.00/bin/bin/../../lib/gcc/pic32c/8.3.1/../../../../pic32c/lib/thumb/v7e-m+fp/hard\libc-musl.a(vfprintf.o)
 .ARM.attributes
                0x000012ba       0x36 c:/program files/microchip/xc32/v4.00/bin/bin/../../lib/gcc/pic32c/8.3.1/../../../../pic32c/lib/thumb/v7e-m+fp/hard\libc-musl.a(stpcpy.o)
 .ARM.attributes
                0x000012f0       0x36 c:/program files/microchip/xc32/v4.00/bin/bin/../../lib/gcc/pic32c/8.3.1/../../../../pic32c/lib/thumb/v7e-m+fp/hard\libc-musl.a(stpncpy.o)
 .ARM.attributes
                0x00001326       0x36 c:/program files/microchip/xc32/v4.00/bin/bin/../../lib/gcc/pic32c/8.3.1/../../../../pic32c/lib/thumb/v7e-m+fp/hard\libc-musl.a(strcspn.o)
 .ARM.attributes
                0x0000135c       0x36 c:/program files/microchip/xc32/v4.00/bin/bin/../../lib/gcc/pic32c/8.3.1/../../../../pic32c/lib/thumb/v7e-m+fp/hard\libc-musl.a(strspn.o)
 .ARM.attributes
                0x00001392       0x36 c:/program files/microchip/xc32/v4.00/bin/bin/../../lib/gcc/pic32c/8.3.1/../../../../pic32c/lib/thumb/v7e-m+fp/hard\libc-musl.a(__printf_core.o)
 .ARM.attributes
                0x000013c8       0x36 c:/program files/microchip/xc32/v4.00/bin/bin/../../lib/gcc/pic32c/8.3.1/../../../../pic32c/lib/thumb/v7e-m+fp/hard\libc-musl.a(__fmt_a.o)
 .ARM.attributes
                0x000013fe       0x36 c:/program files/microchip/xc32/v4.00/bin/bin/../../lib/gcc/pic32c/8.3.1/../../../../pic32c/lib/thumb/v7e-m+fp/hard\libc-musl.a(__fmt_d.o)
 .ARM.attributes
                0x00001434       0x36 c:/program files/microchip/xc32/v4.00/bin/bin/../../lib/gcc/pic32c/8.3.1/../../../../pic32c/lib/thumb/v7e-m+fp/hard\libc-musl.a(__fmt_fp.o)
 .ARM.attributes
                0x0000146a       0x36 c:/program files/microchip/xc32/v4.00/bin/bin/../../lib/gcc/pic32c/8.3.1/../../../../pic32c/lib/thumb/v7e-m+fp/hard\libc-musl.a(__fmt_o.o)
 .ARM.attributes
                0x000014a0       0x36 c:/program files/microchip/xc32/v4.00/bin/bin/../../lib/gcc/pic32c/8.3.1/../../../../pic32c/lib/thumb/v7e-m+fp/hard\libc-musl.a(__fmt_s.o)
 .ARM.attributes
                0x000014d6       0x36 c:/program files/microchip/xc32/v4.00/bin/bin/../../lib/gcc/pic32c/8.3.1/../../../../pic32c/lib/thumb/v7e-m+fp/hard\libc-musl.a(__fmt_u.o)
 .ARM.attributes
                0x0000150c       0x36 c:/program files/microchip/xc32/v4.00/bin/bin/../../lib/gcc/pic32c/8.3.1/../../../../pic32c/lib/thumb/v7e-m+fp/hard\libc-musl.a(__fmt_x.o)
 .ARM.attributes
                0x00001542       0x36 c:/program files/microchip/xc32/v4.00/bin/bin/../../lib/gcc/pic32c/8.3.1/../../../../pic32c/lib/thumb/v7e-m+fp/hard\libc-musl.a(__pop_float.o)
 .ARM.attributes
                0x00001578       0x36 c:/program files/microchip/xc32/v4.00/bin/bin/../../lib/gcc/pic32c/8.3.1/../../../../pic32c/lib/thumb/v7e-m+fp/hard\libc-musl.a(__pop_int.o)
 .ARM.attributes
                0x000015ae       0x36 c:/program files/microchip/xc32/v4.00/bin/bin/../../lib/gcc/pic32c/8.3.1/../../../../pic32c/lib/thumb/v7e-m+fp/hard\libc-musl.a(__pop_ptr.o)
 .ARM.attributes
                0x000015e4       0x34 c:/program files/microchip/xc32/v4.00/bin/bin/../../lib/gcc/pic32c/8.3.1/../../../../pic32c/lib/thumb/v7e-m+fp/hard\libm-emfloat.a(lib_a-_FLOOR.o)
 .ARM.attributes
                0x00001618       0x34 c:/program files/microchip/xc32/v4.00/bin/bin/../../lib/gcc/pic32c/8.3.1/../../../../pic32c/lib/thumb/v7e-m+fp/hard\libm-emfloat.a(lib_a-_FMA.o)
 .ARM.attributes
                0x0000164c       0x1e c:/program files/microchip/xc32/v4.00/bin/bin/../../lib/gcc/pic32c/8.3.1/thumb/v7e-m+fp/hard\libgcc.a(_aeabi_uldivmod.o)
 .ARM.attributes
                0x0000166a       0x34 c:/program files/microchip/xc32/v4.00/bin/bin/../../lib/gcc/pic32c/8.3.1/thumb/v7e-m+fp/hard\libgcc.a(_udivmoddi4.o)
 .ARM.attributes
                0x0000169e       0x1e c:/program files/microchip/xc32/v4.00/bin/bin/../../lib/gcc/pic32c/8.3.1/thumb/v7e-m+fp/hard\libgcc.a(_dvmd_tls.o)
 .ARM.attributes
                0x000016bc       0x34 c:/program files/microchip/xc32/v4.00/bin/bin/../../lib/gcc/pic32c/8.3.1/../../../../pic32c/lib/thumb/v7e-m+fp/hard\libpic32c.a(sbrk.o)
 .ARM.attributes
                0x000016f0       0x1e c:/program files/microchip/xc32/v4.00/bin/bin/../../lib/gcc/pic32c/8.3.1/thumb/v7e-m+fp/hard/crtn.o

.comment        0x00000000       0x53
 .comment       0x00000000       0x53 c:/program files/microchip/xc32/v4.00/bin/bin/../../lib/gcc/pic32c/8.3.1/thumb/v7e-m+fp/hard/crtbegin.o
                                 0x54 (size before relaxing)
 .comment       0x00000053       0x54 build/default/production/_ext/444070925/drv_ethphy.o
 .comment       0x00000053       0x54 build/default/production/_ext/444070925/drv_extphy_ksz8061.o
 .comment       0x00000053       0x54 build/default/production/_ext/1546807373/drv_gmac.o
 .comment       0x00000053       0x54 build/default/production/_ext/1546807373/drv_gmac_lib_samE5x.o
 .comment       0x00000053       0x54 build/default/production/_ext/438849557/drv_miim.o
 .comment       0x00000053       0x54 build/default/production/_ext/20954303/drv_sdmmc_file_system.o
 .comment       0x00000053       0x54 build/default/production/_ext/20954303/drv_sdmmc.o
 .comment       0x00000053       0x54 build/default/production/_ext/1751889202/sys_fs_shell.o
 .comment       0x00000053       0x54 build/default/production/_ext/1033058136/helpers.o
 .comment       0x00000053       0x54 build/default/production/_ext/1033058136/tcp.o
 .comment       0x00000053       0x54 build/default/production/_ext/1033058136/arp.o
 .comment       0x00000053       0x54 build/default/production/_ext/1033058136/ipv4.o
 .comment       0x00000053       0x54 build/default/production/_ext/1033058136/tcpip_heap_alloc.o
 .comment       0x00000053       0x54 build/default/production/_ext/1033058136/tcpip_heap_internal.o
 .comment       0x00000053       0x54 build/default/production/_ext/1033058136/dns.o
 .comment       0x00000053       0x54 build/default/production/_ext/1033058136/hash_fnv.o
 .comment       0x00000053       0x54 build/default/production/_ext/1033058136/oahash.o
 .comment       0x00000053       0x54 build/default/production/_ext/1033058136/tcpip_helpers.o
 .comment       0x00000053       0x54 build/default/production/_ext/1033058136/tcpip_manager.o
 .comment       0x00000053       0x54 build/default/production/_ext/1033058136/tcpip_notify.o
 .comment       0x00000053       0x54 build/default/production/_ext/1033058136/tcpip_packet.o
 .comment       0x00000053       0x54 build/default/production/_ext/1033058136/ftp.o
 .comment       0x00000053       0x54 build/default/production/_ext/1033058136/icmp.o
 .comment       0x00000053       0x54 build/default/production/_ext/1033058136/berkeley_api.o
 .comment       0x00000053       0x54 build/default/production/_ext/1033058136/tcpip_announce.o
 .comment       0x00000053       0x54 build/default/production/_ext/1033058136/udp.o
 .comment       0x00000053       0x54 build/default/production/_ext/1033058136/iperf.o
 .comment       0x00000053       0x54 build/default/production/_ext/1508031553/net_pres.o
 .comment       0x00000053       0x54 build/default/production/_ext/1984496892/plib_clock.o
 .comment       0x00000053       0x54 build/default/production/_ext/1986646378/plib_evsys.o
 .comment       0x00000053       0x54 build/default/production/_ext/1865468468/plib_nvic.o
 .comment       0x00000053       0x54 build/default/production/_ext/1593096446/plib_nvmctrl.o
 .comment       0x00000053       0x54 build/default/production/_ext/1865521619/plib_port.o
 .comment       0x00000053       0x54 build/default/production/_ext/1865600094/plib_sdhc1.o
 .comment       0x00000053       0x54 build/default/production/_ext/504274921/plib_sercom1_usart.o
 .comment       0x00000053       0x54 build/default/production/_ext/829342655/plib_tc0.o
 .comment       0x00000053       0x54 build/default/production/_ext/1376093119/sys_command.o
 .comment       0x00000053       0x54 build/default/production/_ext/1832805299/sys_console.o
 .comment       0x00000053       0x54 build/default/production/_ext/1832805299/sys_console_uart.o
 .comment       0x00000053       0x54 build/default/production/_ext/944882569/sys_debug.o
 .comment       0x00000053       0x54 build/default/production/_ext/411819097/ff.o
 .comment       0x00000053       0x54 build/default/production/_ext/411819097/ffunicode.o
 .comment       0x00000053       0x54 build/default/production/_ext/565198302/diskio.o
 .comment       0x00000053       0x54 build/default/production/_ext/1269487135/sys_fs.o
 .comment       0x00000053       0x54 build/default/production/_ext/1269487135/sys_fs_media_manager.o
 .comment       0x00000053       0x54 build/default/production/_ext/1269487135/sys_fs_fat_interface.o
 .comment       0x00000053       0x54 build/default/production/_ext/1881668453/sys_int.o
 .comment       0x00000053       0x54 build/default/production/_ext/1000052432/sys_reset.o
 .comment       0x00000053       0x54 build/default/production/_ext/101884895/sys_time.o
 .comment       0x00000053       0x54 build/default/production/_ext/753841488/sys_time_h2_adapter.o
 .comment       0x00000053       0x54 build/default/production/_ext/1171490990/initialization.o
 .comment       0x00000053       0x54 build/default/production/_ext/1171490990/interrupts.o
 .comment       0x00000053       0x54 build/default/production/_ext/1171490990/exceptions.o
 .comment       0x00000053       0x54 build/default/production/_ext/1171490990/startup_xc32.o
 .comment       0x00000053       0x54 build/default/production/_ext/1171490990/tasks.o
 .comment       0x00000053       0x54 build/default/production/_ext/172253694/crypt_wolfcryptcb.o
 .comment       0x00000053       0x54 build/default/production/_ext/1664057780/cryptocb.o
 .comment       0x00000053       0x54 build/default/production/_ext/1360937237/main.o
 .comment       0x00000053       0x54 build/default/production/_ext/1360937237/app.o
 .comment       0x00000053       0x54 c:/program files/microchip/xc32/v4.00/bin/bin/../../lib/gcc/pic32c/8.3.1/../../../../pic32c/lib/thumb/v7e-m+fp/hard\libpic32c.a(data_init.o)
 .comment       0x00000053       0x54 c:/program files/microchip/xc32/v4.00/bin/bin/../../lib/gcc/pic32c/8.3.1/../../../../pic32c/lib/thumb/v7e-m+fp/hard\libc-musl.a(isxdigit.o)
 .comment       0x00000053       0x54 c:/program files/microchip/xc32/v4.00/bin/bin/../../lib/gcc/pic32c/8.3.1/../../../../pic32c/lib/thumb/v7e-m+fp/hard\libc-musl.a(tolower.o)
 .comment       0x00000053       0x54 c:/program files/microchip/xc32/v4.00/bin/bin/../../lib/gcc/pic32c/8.3.1/../../../../pic32c/lib/thumb/v7e-m+fp/hard\libc-musl.a(toupper.o)
 .comment       0x00000053       0x54 c:/program files/microchip/xc32/v4.00/bin/bin/../../lib/gcc/pic32c/8.3.1/../../../../pic32c/lib/thumb/v7e-m+fp/hard\libc-musl.a(__libc_start_main.o)
 .comment       0x00000053       0x54 c:/program files/microchip/xc32/v4.00/bin/bin/../../lib/gcc/pic32c/8.3.1/../../../../pic32c/lib/thumb/v7e-m+fp/hard\libc-musl.a(__errno_location.o)
 .comment       0x00000053       0x54 c:/program files/microchip/xc32/v4.00/bin/bin/../../lib/gcc/pic32c/8.3.1/../../../../pic32c/lib/thumb/v7e-m+fp/hard\libc-musl.a(libc.o)
 .comment       0x00000053       0x54 c:/program files/microchip/xc32/v4.00/bin/bin/../../lib/gcc/pic32c/8.3.1/../../../../pic32c/lib/thumb/v7e-m+fp/hard\libc-musl.a(calloc.o)
 .comment       0x00000053       0x54 c:/program files/microchip/xc32/v4.00/bin/bin/../../lib/gcc/pic32c/8.3.1/../../../../pic32c/lib/thumb/v7e-m+fp/hard\libc-musl.a(malloc.o)
 .comment       0x00000053       0x54 c:/program files/microchip/xc32/v4.00/bin/bin/../../lib/gcc/pic32c/8.3.1/../../../../pic32c/lib/thumb/v7e-m+fp/hard\libc-musl.a(expand_heap.o)
 .comment       0x00000053       0x54 c:/program files/microchip/xc32/v4.00/bin/bin/../../lib/gcc/pic32c/8.3.1/../../../../pic32c/lib/thumb/v7e-m+fp/hard\libc-musl.a(rand.o)
 .comment       0x00000053       0x54 c:/program files/microchip/xc32/v4.00/bin/bin/../../lib/gcc/pic32c/8.3.1/../../../../pic32c/lib/thumb/v7e-m+fp/hard\libc-musl.a(vsnprintf.o)
 .comment       0x00000053       0x54 c:/program files/microchip/xc32/v4.00/bin/bin/../../lib/gcc/pic32c/8.3.1/../../../../pic32c/lib/thumb/v7e-m+fp/hard\libc-musl.a(snprintf.o)
 .comment       0x00000053       0x54 c:/program files/microchip/xc32/v4.00/bin/bin/../../lib/gcc/pic32c/8.3.1/../../../../pic32c/lib/thumb/v7e-m+fp/hard\libc-musl.a(sprintf.o)
 .comment       0x00000053       0x54 c:/program files/microchip/xc32/v4.00/bin/bin/../../lib/gcc/pic32c/8.3.1/../../../../pic32c/lib/thumb/v7e-m+fp/hard\libc-musl.a(vsprintf.o)
 .comment       0x00000053       0x54 c:/program files/microchip/xc32/v4.00/bin/bin/../../lib/gcc/pic32c/8.3.1/../../../../pic32c/lib/thumb/v7e-m+fp/hard\libc-musl.a(atoi.o)
 .comment       0x00000053       0x54 c:/program files/microchip/xc32/v4.00/bin/bin/../../lib/gcc/pic32c/8.3.1/../../../../pic32c/lib/thumb/v7e-m+fp/hard\libc-musl.a(memcmp.o)
 .comment       0x00000053       0x54 c:/program files/microchip/xc32/v4.00/bin/bin/../../lib/gcc/pic32c/8.3.1/../../../../pic32c/lib/thumb/v7e-m+fp/hard\libc-musl.a(memcpy.o)
 .comment       0x00000053       0x54 c:/program files/microchip/xc32/v4.00/bin/bin/../../lib/gcc/pic32c/8.3.1/../../../../pic32c/lib/thumb/v7e-m+fp/hard\libc-musl.a(memset.o)
 .comment       0x00000053       0x54 c:/program files/microchip/xc32/v4.00/bin/bin/../../lib/gcc/pic32c/8.3.1/../../../../pic32c/lib/thumb/v7e-m+fp/hard\libc-musl.a(strlen.o)
 .comment       0x00000053       0x54 c:/program files/microchip/xc32/v4.00/bin/bin/../../lib/gcc/pic32c/8.3.1/../../../../pic32c/lib/thumb/v7e-m+fp/hard\libc-musl.a(strstr.o)
 .comment       0x00000053       0x54 c:/program files/microchip/xc32/v4.00/bin/bin/../../lib/gcc/pic32c/8.3.1/../../../../pic32c/lib/thumb/v7e-m+fp/hard\libc-musl.a(strchr.o)
 .comment       0x00000053       0x54 c:/program files/microchip/xc32/v4.00/bin/bin/../../lib/gcc/pic32c/8.3.1/../../../../pic32c/lib/thumb/v7e-m+fp/hard\libc-musl.a(strchrnul.o)
 .comment       0x00000053       0x54 c:/program files/microchip/xc32/v4.00/bin/bin/../../lib/gcc/pic32c/8.3.1/../../../../pic32c/lib/thumb/v7e-m+fp/hard\libc-musl.a(strcmp.o)
 .comment       0x00000053       0x54 c:/program files/microchip/xc32/v4.00/bin/bin/../../lib/gcc/pic32c/8.3.1/../../../../pic32c/lib/thumb/v7e-m+fp/hard\libc-musl.a(strcpy.o)
 .comment       0x00000053       0x54 c:/program files/microchip/xc32/v4.00/bin/bin/../../lib/gcc/pic32c/8.3.1/../../../../pic32c/lib/thumb/v7e-m+fp/hard\libc-musl.a(strncmp.o)
 .comment       0x00000053       0x54 c:/program files/microchip/xc32/v4.00/bin/bin/../../lib/gcc/pic32c/8.3.1/../../../../pic32c/lib/thumb/v7e-m+fp/hard\libc-musl.a(strncpy.o)
 .comment       0x00000053       0x54 c:/program files/microchip/xc32/v4.00/bin/bin/../../lib/gcc/pic32c/8.3.1/../../../../pic32c/lib/thumb/v7e-m+fp/hard\libc-musl.a(strtok.o)
 .comment       0x00000053       0x54 c:/program files/microchip/xc32/v4.00/bin/bin/../../lib/gcc/pic32c/8.3.1/../../../../pic32c/lib/thumb/v7e-m+fp/hard\libc-musl.a(__environ.o)
 .comment       0x00000053       0x54 c:/program files/microchip/xc32/v4.00/bin/bin/../../lib/gcc/pic32c/8.3.1/../../../../pic32c/lib/thumb/v7e-m+fp/hard\libc-musl.a(vfprintf.o)
 .comment       0x00000053       0x54 c:/program files/microchip/xc32/v4.00/bin/bin/../../lib/gcc/pic32c/8.3.1/../../../../pic32c/lib/thumb/v7e-m+fp/hard\libc-musl.a(stpcpy.o)
 .comment       0x00000053       0x54 c:/program files/microchip/xc32/v4.00/bin/bin/../../lib/gcc/pic32c/8.3.1/../../../../pic32c/lib/thumb/v7e-m+fp/hard\libc-musl.a(stpncpy.o)
 .comment       0x00000053       0x54 c:/program files/microchip/xc32/v4.00/bin/bin/../../lib/gcc/pic32c/8.3.1/../../../../pic32c/lib/thumb/v7e-m+fp/hard\libc-musl.a(strcspn.o)
 .comment       0x00000053       0x54 c:/program files/microchip/xc32/v4.00/bin/bin/../../lib/gcc/pic32c/8.3.1/../../../../pic32c/lib/thumb/v7e-m+fp/hard\libc-musl.a(strspn.o)
 .comment       0x00000053       0x54 c:/program files/microchip/xc32/v4.00/bin/bin/../../lib/gcc/pic32c/8.3.1/../../../../pic32c/lib/thumb/v7e-m+fp/hard\libc-musl.a(__printf_core.o)
 .comment       0x00000053       0x54 c:/program files/microchip/xc32/v4.00/bin/bin/../../lib/gcc/pic32c/8.3.1/../../../../pic32c/lib/thumb/v7e-m+fp/hard\libc-musl.a(__fmt_a.o)
 .comment       0x00000053       0x54 c:/program files/microchip/xc32/v4.00/bin/bin/../../lib/gcc/pic32c/8.3.1/../../../../pic32c/lib/thumb/v7e-m+fp/hard\libc-musl.a(__fmt_d.o)
 .comment       0x00000053       0x54 c:/program files/microchip/xc32/v4.00/bin/bin/../../lib/gcc/pic32c/8.3.1/../../../../pic32c/lib/thumb/v7e-m+fp/hard\libc-musl.a(__fmt_fp.o)
 .comment       0x00000053       0x54 c:/program files/microchip/xc32/v4.00/bin/bin/../../lib/gcc/pic32c/8.3.1/../../../../pic32c/lib/thumb/v7e-m+fp/hard\libc-musl.a(__fmt_o.o)
 .comment       0x00000053       0x54 c:/program files/microchip/xc32/v4.00/bin/bin/../../lib/gcc/pic32c/8.3.1/../../../../pic32c/lib/thumb/v7e-m+fp/hard\libc-musl.a(__fmt_s.o)
 .comment       0x00000053       0x54 c:/program files/microchip/xc32/v4.00/bin/bin/../../lib/gcc/pic32c/8.3.1/../../../../pic32c/lib/thumb/v7e-m+fp/hard\libc-musl.a(__fmt_u.o)
 .comment       0x00000053       0x54 c:/program files/microchip/xc32/v4.00/bin/bin/../../lib/gcc/pic32c/8.3.1/../../../../pic32c/lib/thumb/v7e-m+fp/hard\libc-musl.a(__fmt_x.o)
 .comment       0x00000053       0x54 c:/program files/microchip/xc32/v4.00/bin/bin/../../lib/gcc/pic32c/8.3.1/../../../../pic32c/lib/thumb/v7e-m+fp/hard\libc-musl.a(__pop_float.o)
 .comment       0x00000053       0x54 c:/program files/microchip/xc32/v4.00/bin/bin/../../lib/gcc/pic32c/8.3.1/../../../../pic32c/lib/thumb/v7e-m+fp/hard\libc-musl.a(__pop_int.o)
 .comment       0x00000053       0x54 c:/program files/microchip/xc32/v4.00/bin/bin/../../lib/gcc/pic32c/8.3.1/../../../../pic32c/lib/thumb/v7e-m+fp/hard\libc-musl.a(__pop_ptr.o)
 .comment       0x00000053       0x54 c:/program files/microchip/xc32/v4.00/bin/bin/../../lib/gcc/pic32c/8.3.1/../../../../pic32c/lib/thumb/v7e-m+fp/hard\libm-emfloat.a(lib_a-_FLOOR.o)
 .comment       0x00000053       0x54 c:/program files/microchip/xc32/v4.00/bin/bin/../../lib/gcc/pic32c/8.3.1/../../../../pic32c/lib/thumb/v7e-m+fp/hard\libm-emfloat.a(lib_a-_FMA.o)
 .comment       0x00000053       0x54 c:/program files/microchip/xc32/v4.00/bin/bin/../../lib/gcc/pic32c/8.3.1/thumb/v7e-m+fp/hard\libgcc.a(_udivmoddi4.o)
 .comment       0x00000053       0x54 c:/program files/microchip/xc32/v4.00/bin/bin/../../lib/gcc/pic32c/8.3.1/../../../../pic32c/lib/thumb/v7e-m+fp/hard\libpic32c.a(sbrk.o)

.debug_info     0x00000000   0x1002d1
 .debug_info    0x00000000     0x7fd5 build/default/production/_ext/444070925/drv_ethphy.o
 .debug_info    0x00007fd5     0x234c build/default/production/_ext/444070925/drv_extphy_ksz8061.o
 .debug_info    0x0000a321     0xa335 build/default/production/_ext/1546807373/drv_gmac.o
 .debug_info    0x00014656     0x8d88 build/default/production/_ext/1546807373/drv_gmac_lib_samE5x.o
 .debug_info    0x0001d3de     0x4dd2 build/default/production/_ext/438849557/drv_miim.o
 .debug_info    0x000221b0      0xc7d build/default/production/_ext/20954303/drv_sdmmc_file_system.o
 .debug_info    0x00022e2d     0x4dec build/default/production/_ext/20954303/drv_sdmmc.o
 .debug_info    0x00027c19     0x21ad build/default/production/_ext/1751889202/sys_fs_shell.o
 .debug_info    0x00029dc6      0x6fb build/default/production/_ext/1033058136/helpers.o
 .debug_info    0x0002a4c1     0xc1eb build/default/production/_ext/1033058136/tcp.o
 .debug_info    0x000366ac     0x72e2 build/default/production/_ext/1033058136/arp.o
 .debug_info    0x0003d98e     0x7f36 build/default/production/_ext/1033058136/ipv4.o
 .debug_info    0x000458c4     0x2ab7 build/default/production/_ext/1033058136/tcpip_heap_alloc.o
 .debug_info    0x0004837b     0x3c50 build/default/production/_ext/1033058136/tcpip_heap_internal.o
 .debug_info    0x0004bfcb     0x8278 build/default/production/_ext/1033058136/dns.o
 .debug_info    0x00054243      0x459 build/default/production/_ext/1033058136/hash_fnv.o
 .debug_info    0x0005469c      0xc83 build/default/production/_ext/1033058136/oahash.o
 .debug_info    0x0005531f     0x753e build/default/production/_ext/1033058136/tcpip_helpers.o
 .debug_info    0x0005c85d     0xcbd9 build/default/production/_ext/1033058136/tcpip_manager.o
 .debug_info    0x00069436     0x2b0e build/default/production/_ext/1033058136/tcpip_notify.o
 .debug_info    0x0006bf44     0x3bbe build/default/production/_ext/1033058136/tcpip_packet.o
 .debug_info    0x0006fb02     0x91d7 build/default/production/_ext/1033058136/ftp.o
 .debug_info    0x00078cd9     0x3c3a build/default/production/_ext/1033058136/icmp.o
 .debug_info    0x0007c913     0x7c97 build/default/production/_ext/1033058136/berkeley_api.o
 .debug_info    0x000845aa     0x53dd build/default/production/_ext/1033058136/tcpip_announce.o
 .debug_info    0x00089987     0x9b6e build/default/production/_ext/1033058136/udp.o
 .debug_info    0x000934f5     0x7fed build/default/production/_ext/1033058136/iperf.o
 .debug_info    0x0009b4e2     0x38e9 build/default/production/_ext/1508031553/net_pres.o
 .debug_info    0x0009edcb      0xbb3 build/default/production/_ext/1984496892/plib_clock.o
 .debug_info    0x0009f97e      0x370 build/default/production/_ext/1986646378/plib_evsys.o
 .debug_info    0x0009fcee     0x1653 build/default/production/_ext/1865468468/plib_nvic.o
 .debug_info    0x000a1341      0xeae build/default/production/_ext/1593096446/plib_nvmctrl.o
 .debug_info    0x000a21ef     0x111a build/default/production/_ext/1865521619/plib_port.o
 .debug_info    0x000a3309     0x143a build/default/production/_ext/1865600094/plib_sdhc1.o
 .debug_info    0x000a4743     0x214b build/default/production/_ext/504274921/plib_sercom1_usart.o
 .debug_info    0x000a688e      0xcd5 build/default/production/_ext/829342655/plib_tc0.o
 .debug_info    0x000a7563     0x28bc build/default/production/_ext/1376093119/sys_command.o
 .debug_info    0x000a9e1f     0x1538 build/default/production/_ext/1832805299/sys_console.o
 .debug_info    0x000ab357     0x5045 build/default/production/_ext/1832805299/sys_console_uart.o
 .debug_info    0x000b039c      0x843 build/default/production/_ext/944882569/sys_debug.o
 .debug_info    0x000b0bdf     0x6755 build/default/production/_ext/411819097/ff.o
 .debug_info    0x000b7334      0x60d build/default/production/_ext/411819097/ffunicode.o
 .debug_info    0x000b7941      0xfdc build/default/production/_ext/565198302/diskio.o
 .debug_info    0x000b891d     0x4a6d build/default/production/_ext/1269487135/sys_fs.o
 .debug_info    0x000bd38a     0x251c build/default/production/_ext/1269487135/sys_fs_media_manager.o
 .debug_info    0x000bf8a6     0x24da build/default/production/_ext/1269487135/sys_fs_fat_interface.o
 .debug_info    0x000c1d80     0x11f2 build/default/production/_ext/1881668453/sys_int.o
 .debug_info    0x000c2f72      0x5fe build/default/production/_ext/1000052432/sys_reset.o
 .debug_info    0x000c3570     0x30f7 build/default/production/_ext/101884895/sys_time.o
 .debug_info    0x000c6667      0x6ad build/default/production/_ext/753841488/sys_time_h2_adapter.o
 .debug_info    0x000c6d14     0x9c64 build/default/production/_ext/1171490990/initialization.o
 .debug_info    0x000d0978     0x52d7 build/default/production/_ext/1171490990/interrupts.o
 .debug_info    0x000d5c4f     0x3d65 build/default/production/_ext/1171490990/exceptions.o
 .debug_info    0x000d99b4      0x8eb build/default/production/_ext/1171490990/startup_xc32.o
 .debug_info    0x000da29f     0x3d3c build/default/production/_ext/1171490990/tasks.o
 .debug_info    0x000ddfdb     0x22f7 build/default/production/_ext/172253694/crypt_wolfcryptcb.o
 .debug_info    0x000e02d2     0x4567 build/default/production/_ext/1664057780/cryptocb.o
 .debug_info    0x000e4839     0x3cbc build/default/production/_ext/1360937237/main.o
 .debug_info    0x000e84f5     0x476e build/default/production/_ext/1360937237/app.o
 .debug_info    0x000ecc63      0x2db c:/program files/microchip/xc32/v4.00/bin/bin/../../lib/gcc/pic32c/8.3.1/../../../../pic32c/lib/thumb/v7e-m+fp/hard\libpic32c.a(data_init.o)
 .debug_info    0x000ecf3e      0x600 c:/program files/microchip/xc32/v4.00/bin/bin/../../lib/gcc/pic32c/8.3.1/../../../../pic32c/lib/thumb/v7e-m+fp/hard\libc-musl.a(isxdigit.o)
 .debug_info    0x000ed53e      0x5fd c:/program files/microchip/xc32/v4.00/bin/bin/../../lib/gcc/pic32c/8.3.1/../../../../pic32c/lib/thumb/v7e-m+fp/hard\libc-musl.a(tolower.o)
 .debug_info    0x000edb3b      0x5fd c:/program files/microchip/xc32/v4.00/bin/bin/../../lib/gcc/pic32c/8.3.1/../../../../pic32c/lib/thumb/v7e-m+fp/hard\libc-musl.a(toupper.o)
 .debug_info    0x000ee138      0x6b3 c:/program files/microchip/xc32/v4.00/bin/bin/../../lib/gcc/pic32c/8.3.1/../../../../pic32c/lib/thumb/v7e-m+fp/hard\libc-musl.a(__libc_start_main.o)
 .debug_info    0x000ee7eb      0x57a c:/program files/microchip/xc32/v4.00/bin/bin/../../lib/gcc/pic32c/8.3.1/../../../../pic32c/lib/thumb/v7e-m+fp/hard\libc-musl.a(__errno_location.o)
 .debug_info    0x000eed65      0x5df c:/program files/microchip/xc32/v4.00/bin/bin/../../lib/gcc/pic32c/8.3.1/../../../../pic32c/lib/thumb/v7e-m+fp/hard\libc-musl.a(libc.o)
 .debug_info    0x000ef344      0x306 c:/program files/microchip/xc32/v4.00/bin/bin/../../lib/gcc/pic32c/8.3.1/../../../../pic32c/lib/thumb/v7e-m+fp/hard\libc-musl.a(calloc.o)
 .debug_info    0x000ef64a     0x14aa c:/program files/microchip/xc32/v4.00/bin/bin/../../lib/gcc/pic32c/8.3.1/../../../../pic32c/lib/thumb/v7e-m+fp/hard\libc-musl.a(malloc.o)
 .debug_info    0x000f0af4      0x682 c:/program files/microchip/xc32/v4.00/bin/bin/../../lib/gcc/pic32c/8.3.1/../../../../pic32c/lib/thumb/v7e-m+fp/hard\libc-musl.a(expand_heap.o)
 .debug_info    0x000f1176      0x353 c:/program files/microchip/xc32/v4.00/bin/bin/../../lib/gcc/pic32c/8.3.1/../../../../pic32c/lib/thumb/v7e-m+fp/hard\libc-musl.a(rand.o)
 .debug_info    0x000f14c9      0x986 c:/program files/microchip/xc32/v4.00/bin/bin/../../lib/gcc/pic32c/8.3.1/../../../../pic32c/lib/thumb/v7e-m+fp/hard\libc-musl.a(vsnprintf.o)
 .debug_info    0x000f1e4f      0x3dc c:/program files/microchip/xc32/v4.00/bin/bin/../../lib/gcc/pic32c/8.3.1/../../../../pic32c/lib/thumb/v7e-m+fp/hard\libc-musl.a(snprintf.o)
 .debug_info    0x000f222b      0x3b2 c:/program files/microchip/xc32/v4.00/bin/bin/../../lib/gcc/pic32c/8.3.1/../../../../pic32c/lib/thumb/v7e-m+fp/hard\libc-musl.a(sprintf.o)
 .debug_info    0x000f25dd      0x3ac c:/program files/microchip/xc32/v4.00/bin/bin/../../lib/gcc/pic32c/8.3.1/../../../../pic32c/lib/thumb/v7e-m+fp/hard\libc-musl.a(vsprintf.o)
 .debug_info    0x000f2989      0x322 c:/program files/microchip/xc32/v4.00/bin/bin/../../lib/gcc/pic32c/8.3.1/../../../../pic32c/lib/thumb/v7e-m+fp/hard\libc-musl.a(atoi.o)
 .debug_info    0x000f2cab      0x309 c:/program files/microchip/xc32/v4.00/bin/bin/../../lib/gcc/pic32c/8.3.1/../../../../pic32c/lib/thumb/v7e-m+fp/hard\libc-musl.a(memcmp.o)
 .debug_info    0x000f2fb4      0x31e c:/program files/microchip/xc32/v4.00/bin/bin/../../lib/gcc/pic32c/8.3.1/../../../../pic32c/lib/thumb/v7e-m+fp/hard\libc-musl.a(memcpy.o)
 .debug_info    0x000f32d2      0x2dc c:/program files/microchip/xc32/v4.00/bin/bin/../../lib/gcc/pic32c/8.3.1/../../../../pic32c/lib/thumb/v7e-m+fp/hard\libc-musl.a(memset.o)
 .debug_info    0x000f35ae      0x2cd c:/program files/microchip/xc32/v4.00/bin/bin/../../lib/gcc/pic32c/8.3.1/../../../../pic32c/lib/thumb/v7e-m+fp/hard\libc-musl.a(strlen.o)
 .debug_info    0x000f387b      0x2e6 c:/program files/microchip/xc32/v4.00/bin/bin/../../lib/gcc/pic32c/8.3.1/../../../../pic32c/lib/thumb/v7e-m+fp/hard\libc-musl.a(strstr.o)
 .debug_info    0x000f3b61      0x2ef c:/program files/microchip/xc32/v4.00/bin/bin/../../lib/gcc/pic32c/8.3.1/../../../../pic32c/lib/thumb/v7e-m+fp/hard\libc-musl.a(strchr.o)
 .debug_info    0x000f3e50      0x6d7 c:/program files/microchip/xc32/v4.00/bin/bin/../../lib/gcc/pic32c/8.3.1/../../../../pic32c/lib/thumb/v7e-m+fp/hard\libc-musl.a(strchrnul.o)
 .debug_info    0x000f4527      0x2b1 c:/program files/microchip/xc32/v4.00/bin/bin/../../lib/gcc/pic32c/8.3.1/../../../../pic32c/lib/thumb/v7e-m+fp/hard\libc-musl.a(strcmp.o)
 .debug_info    0x000f47d8      0x2db c:/program files/microchip/xc32/v4.00/bin/bin/../../lib/gcc/pic32c/8.3.1/../../../../pic32c/lib/thumb/v7e-m+fp/hard\libc-musl.a(strcpy.o)
 .debug_info    0x000f4ab3      0x317 c:/program files/microchip/xc32/v4.00/bin/bin/../../lib/gcc/pic32c/8.3.1/../../../../pic32c/lib/thumb/v7e-m+fp/hard\libc-musl.a(strncmp.o)
 .debug_info    0x000f4dca      0x300 c:/program files/microchip/xc32/v4.00/bin/bin/../../lib/gcc/pic32c/8.3.1/../../../../pic32c/lib/thumb/v7e-m+fp/hard\libc-musl.a(strncpy.o)
 .debug_info    0x000f50ca      0x31d c:/program files/microchip/xc32/v4.00/bin/bin/../../lib/gcc/pic32c/8.3.1/../../../../pic32c/lib/thumb/v7e-m+fp/hard\libc-musl.a(strtok.o)
 .debug_info    0x000f53e7      0x596 c:/program files/microchip/xc32/v4.00/bin/bin/../../lib/gcc/pic32c/8.3.1/../../../../pic32c/lib/thumb/v7e-m+fp/hard\libc-musl.a(__environ.o)
 .debug_info    0x000f597d      0x94d c:/program files/microchip/xc32/v4.00/bin/bin/../../lib/gcc/pic32c/8.3.1/../../../../pic32c/lib/thumb/v7e-m+fp/hard\libc-musl.a(vfprintf.o)
 .debug_info    0x000f62ca      0x5b9 c:/program files/microchip/xc32/v4.00/bin/bin/../../lib/gcc/pic32c/8.3.1/../../../../pic32c/lib/thumb/v7e-m+fp/hard\libc-musl.a(stpcpy.o)
 .debug_info    0x000f6883      0x5e6 c:/program files/microchip/xc32/v4.00/bin/bin/../../lib/gcc/pic32c/8.3.1/../../../../pic32c/lib/thumb/v7e-m+fp/hard\libc-musl.a(stpncpy.o)
 .debug_info    0x000f6e69      0x342 c:/program files/microchip/xc32/v4.00/bin/bin/../../lib/gcc/pic32c/8.3.1/../../../../pic32c/lib/thumb/v7e-m+fp/hard\libc-musl.a(strcspn.o)
 .debug_info    0x000f71ab      0x327 c:/program files/microchip/xc32/v4.00/bin/bin/../../lib/gcc/pic32c/8.3.1/../../../../pic32c/lib/thumb/v7e-m+fp/hard\libc-musl.a(strspn.o)
 .debug_info    0x000f74d2     0x1017 c:/program files/microchip/xc32/v4.00/bin/bin/../../lib/gcc/pic32c/8.3.1/../../../../pic32c/lib/thumb/v7e-m+fp/hard\libc-musl.a(__printf_core.o)
 .debug_info    0x000f84e9      0xbf2 c:/program files/microchip/xc32/v4.00/bin/bin/../../lib/gcc/pic32c/8.3.1/../../../../pic32c/lib/thumb/v7e-m+fp/hard\libc-musl.a(__fmt_a.o)
 .debug_info    0x000f90db      0x8bc c:/program files/microchip/xc32/v4.00/bin/bin/../../lib/gcc/pic32c/8.3.1/../../../../pic32c/lib/thumb/v7e-m+fp/hard\libc-musl.a(__fmt_d.o)
 .debug_info    0x000f9997      0xcda c:/program files/microchip/xc32/v4.00/bin/bin/../../lib/gcc/pic32c/8.3.1/../../../../pic32c/lib/thumb/v7e-m+fp/hard\libc-musl.a(__fmt_fp.o)
 .debug_info    0x000fa671      0x88d c:/program files/microchip/xc32/v4.00/bin/bin/../../lib/gcc/pic32c/8.3.1/../../../../pic32c/lib/thumb/v7e-m+fp/hard\libc-musl.a(__fmt_o.o)
 .debug_info    0x000faefe      0x833 c:/program files/microchip/xc32/v4.00/bin/bin/../../lib/gcc/pic32c/8.3.1/../../../../pic32c/lib/thumb/v7e-m+fp/hard\libc-musl.a(__fmt_s.o)
 .debug_info    0x000fb731      0x95a c:/program files/microchip/xc32/v4.00/bin/bin/../../lib/gcc/pic32c/8.3.1/../../../../pic32c/lib/thumb/v7e-m+fp/hard\libc-musl.a(__fmt_u.o)
 .debug_info    0x000fc08b      0x8f3 c:/program files/microchip/xc32/v4.00/bin/bin/../../lib/gcc/pic32c/8.3.1/../../../../pic32c/lib/thumb/v7e-m+fp/hard\libc-musl.a(__fmt_x.o)
 .debug_info    0x000fc97e      0x760 c:/program files/microchip/xc32/v4.00/bin/bin/../../lib/gcc/pic32c/8.3.1/../../../../pic32c/lib/thumb/v7e-m+fp/hard\libc-musl.a(__pop_float.o)
 .debug_info    0x000fd0de      0x784 c:/program files/microchip/xc32/v4.00/bin/bin/../../lib/gcc/pic32c/8.3.1/../../../../pic32c/lib/thumb/v7e-m+fp/hard\libc-musl.a(__pop_int.o)
 .debug_info    0x000fd862      0x77b c:/program files/microchip/xc32/v4.00/bin/bin/../../lib/gcc/pic32c/8.3.1/../../../../pic32c/lib/thumb/v7e-m+fp/hard\libc-musl.a(__pop_ptr.o)
 .debug_info    0x000fdfdd       0x26 c:/program files/microchip/xc32/v4.00/bin/bin/../../lib/gcc/pic32c/8.3.1/thumb/v7e-m+fp/hard\libgcc.a(_aeabi_uldivmod.o)
 .debug_info    0x000fe003     0x1fea c:/program files/microchip/xc32/v4.00/bin/bin/../../lib/gcc/pic32c/8.3.1/thumb/v7e-m+fp/hard\libgcc.a(_udivmoddi4.o)
 .debug_info    0x000fffed       0x26 c:/program files/microchip/xc32/v4.00/bin/bin/../../lib/gcc/pic32c/8.3.1/thumb/v7e-m+fp/hard\libgcc.a(_dvmd_tls.o)
 .debug_info    0x00100013      0x2be c:/program files/microchip/xc32/v4.00/bin/bin/../../lib/gcc/pic32c/8.3.1/../../../../pic32c/lib/thumb/v7e-m+fp/hard\libpic32c.a(sbrk.o)

.debug_abbrev   0x00000000    0x11862
 .debug_abbrev  0x00000000      0x551 build/default/production/_ext/444070925/drv_ethphy.o
 .debug_abbrev  0x00000551      0x1ee build/default/production/_ext/444070925/drv_extphy_ksz8061.o
 .debug_abbrev  0x0000073f      0x669 build/default/production/_ext/1546807373/drv_gmac.o
 .debug_abbrev  0x00000da8      0x60c build/default/production/_ext/1546807373/drv_gmac_lib_samE5x.o
 .debug_abbrev  0x000013b4      0x694 build/default/production/_ext/438849557/drv_miim.o
 .debug_abbrev  0x00001a48      0x176 build/default/production/_ext/20954303/drv_sdmmc_file_system.o
 .debug_abbrev  0x00001bbe      0x63b build/default/production/_ext/20954303/drv_sdmmc.o
 .debug_abbrev  0x000021f9      0x38d build/default/production/_ext/1751889202/sys_fs_shell.o
 .debug_abbrev  0x00002586      0x1b2 build/default/production/_ext/1033058136/helpers.o
 .debug_abbrev  0x00002738      0x721 build/default/production/_ext/1033058136/tcp.o
 .debug_abbrev  0x00002e59      0x61d build/default/production/_ext/1033058136/arp.o
 .debug_abbrev  0x00003476      0x603 build/default/production/_ext/1033058136/ipv4.o
 .debug_abbrev  0x00003a79      0x2c7 build/default/production/_ext/1033058136/tcpip_heap_alloc.o
 .debug_abbrev  0x00003d40      0x535 build/default/production/_ext/1033058136/tcpip_heap_internal.o
 .debug_abbrev  0x00004275      0x5cf build/default/production/_ext/1033058136/dns.o
 .debug_abbrev  0x00004844       0xc7 build/default/production/_ext/1033058136/hash_fnv.o
 .debug_abbrev  0x0000490b      0x2ea build/default/production/_ext/1033058136/oahash.o
 .debug_abbrev  0x00004bf5      0x646 build/default/production/_ext/1033058136/tcpip_helpers.o
 .debug_abbrev  0x0000523b      0x7e0 build/default/production/_ext/1033058136/tcpip_manager.o
 .debug_abbrev  0x00005a1b      0x35b build/default/production/_ext/1033058136/tcpip_notify.o
 .debug_abbrev  0x00005d76      0x53e build/default/production/_ext/1033058136/tcpip_packet.o
 .debug_abbrev  0x000062b4      0x6db build/default/production/_ext/1033058136/ftp.o
 .debug_abbrev  0x0000698f      0x462 build/default/production/_ext/1033058136/icmp.o
 .debug_abbrev  0x00006df1      0x68d build/default/production/_ext/1033058136/berkeley_api.o
 .debug_abbrev  0x0000747e      0x520 build/default/production/_ext/1033058136/tcpip_announce.o
 .debug_abbrev  0x0000799e      0x6ad build/default/production/_ext/1033058136/udp.o
 .debug_abbrev  0x0000804b      0x5a1 build/default/production/_ext/1033058136/iperf.o
 .debug_abbrev  0x000085ec      0x4de build/default/production/_ext/1508031553/net_pres.o
 .debug_abbrev  0x00008aca      0x135 build/default/production/_ext/1984496892/plib_clock.o
 .debug_abbrev  0x00008bff       0x64 build/default/production/_ext/1986646378/plib_evsys.o
 .debug_abbrev  0x00008c63      0x222 build/default/production/_ext/1865468468/plib_nvic.o
 .debug_abbrev  0x00008e85      0x258 build/default/production/_ext/1593096446/plib_nvmctrl.o
 .debug_abbrev  0x000090dd      0x1e9 build/default/production/_ext/1865521619/plib_port.o
 .debug_abbrev  0x000092c6      0x332 build/default/production/_ext/1865600094/plib_sdhc1.o
 .debug_abbrev  0x000095f8      0x489 build/default/production/_ext/504274921/plib_sercom1_usart.o
 .debug_abbrev  0x00009a81      0x1f9 build/default/production/_ext/829342655/plib_tc0.o
 .debug_abbrev  0x00009c7a      0x4c7 build/default/production/_ext/1376093119/sys_command.o
 .debug_abbrev  0x0000a141      0x437 build/default/production/_ext/1832805299/sys_console.o
 .debug_abbrev  0x0000a578      0x4e1 build/default/production/_ext/1832805299/sys_console_uart.o
 .debug_abbrev  0x0000aa59      0x1ae build/default/production/_ext/944882569/sys_debug.o
 .debug_abbrev  0x0000ac07      0x412 build/default/production/_ext/411819097/ff.o
 .debug_abbrev  0x0000b019      0x155 build/default/production/_ext/411819097/ffunicode.o
 .debug_abbrev  0x0000b16e      0x315 build/default/production/_ext/565198302/diskio.o
 .debug_abbrev  0x0000b483      0x51f build/default/production/_ext/1269487135/sys_fs.o
 .debug_abbrev  0x0000b9a2      0x500 build/default/production/_ext/1269487135/sys_fs_media_manager.o
 .debug_abbrev  0x0000bea2      0x337 build/default/production/_ext/1269487135/sys_fs_fat_interface.o
 .debug_abbrev  0x0000c1d9      0x253 build/default/production/_ext/1881668453/sys_int.o
 .debug_abbrev  0x0000c42c      0x102 build/default/production/_ext/1000052432/sys_reset.o
 .debug_abbrev  0x0000c52e      0x5c0 build/default/production/_ext/101884895/sys_time.o
 .debug_abbrev  0x0000caee      0x17e build/default/production/_ext/753841488/sys_time_h2_adapter.o
 .debug_abbrev  0x0000cc6c      0x394 build/default/production/_ext/1171490990/initialization.o
 .debug_abbrev  0x0000d000      0x288 build/default/production/_ext/1171490990/interrupts.o
 .debug_abbrev  0x0000d288      0x263 build/default/production/_ext/1171490990/exceptions.o
 .debug_abbrev  0x0000d4eb      0x1ee build/default/production/_ext/1171490990/startup_xc32.o
 .debug_abbrev  0x0000d6d9      0x295 build/default/production/_ext/1171490990/tasks.o
 .debug_abbrev  0x0000d96e      0x243 build/default/production/_ext/172253694/crypt_wolfcryptcb.o
 .debug_abbrev  0x0000dbb1      0x3fd build/default/production/_ext/1664057780/cryptocb.o
 .debug_abbrev  0x0000dfae      0x29c build/default/production/_ext/1360937237/main.o
 .debug_abbrev  0x0000e24a      0x342 build/default/production/_ext/1360937237/app.o
 .debug_abbrev  0x0000e58c       0x2e c:/program files/microchip/xc32/v4.00/bin/bin/../../lib/gcc/pic32c/8.3.1/../../../../pic32c/lib/thumb/v7e-m+fp/hard\libpic32c.a(data_init.o)
 .debug_abbrev  0x0000e5ba      0x126 c:/program files/microchip/xc32/v4.00/bin/bin/../../lib/gcc/pic32c/8.3.1/../../../../pic32c/lib/thumb/v7e-m+fp/hard\libc-musl.a(isxdigit.o)
 .debug_abbrev  0x0000e6e0      0x126 c:/program files/microchip/xc32/v4.00/bin/bin/../../lib/gcc/pic32c/8.3.1/../../../../pic32c/lib/thumb/v7e-m+fp/hard\libc-musl.a(tolower.o)
 .debug_abbrev  0x0000e806      0x126 c:/program files/microchip/xc32/v4.00/bin/bin/../../lib/gcc/pic32c/8.3.1/../../../../pic32c/lib/thumb/v7e-m+fp/hard\libc-musl.a(toupper.o)
 .debug_abbrev  0x0000e92c      0x126 c:/program files/microchip/xc32/v4.00/bin/bin/../../lib/gcc/pic32c/8.3.1/../../../../pic32c/lib/thumb/v7e-m+fp/hard\libc-musl.a(__libc_start_main.o)
 .debug_abbrev  0x0000ea52       0xba c:/program files/microchip/xc32/v4.00/bin/bin/../../lib/gcc/pic32c/8.3.1/../../../../pic32c/lib/thumb/v7e-m+fp/hard\libc-musl.a(__errno_location.o)
 .debug_abbrev  0x0000eb0c       0xc7 c:/program files/microchip/xc32/v4.00/bin/bin/../../lib/gcc/pic32c/8.3.1/../../../../pic32c/lib/thumb/v7e-m+fp/hard\libc-musl.a(libc.o)
 .debug_abbrev  0x0000ebd3       0xaa c:/program files/microchip/xc32/v4.00/bin/bin/../../lib/gcc/pic32c/8.3.1/../../../../pic32c/lib/thumb/v7e-m+fp/hard\libc-musl.a(calloc.o)
 .debug_abbrev  0x0000ec7d      0x413 c:/program files/microchip/xc32/v4.00/bin/bin/../../lib/gcc/pic32c/8.3.1/../../../../pic32c/lib/thumb/v7e-m+fp/hard\libc-musl.a(malloc.o)
 .debug_abbrev  0x0000f090      0x112 c:/program files/microchip/xc32/v4.00/bin/bin/../../lib/gcc/pic32c/8.3.1/../../../../pic32c/lib/thumb/v7e-m+fp/hard\libc-musl.a(expand_heap.o)
 .debug_abbrev  0x0000f1a2       0x8b c:/program files/microchip/xc32/v4.00/bin/bin/../../lib/gcc/pic32c/8.3.1/../../../../pic32c/lib/thumb/v7e-m+fp/hard\libc-musl.a(rand.o)
 .debug_abbrev  0x0000f22d      0x168 c:/program files/microchip/xc32/v4.00/bin/bin/../../lib/gcc/pic32c/8.3.1/../../../../pic32c/lib/thumb/v7e-m+fp/hard\libc-musl.a(vsnprintf.o)
 .debug_abbrev  0x0000f395      0x126 c:/program files/microchip/xc32/v4.00/bin/bin/../../lib/gcc/pic32c/8.3.1/../../../../pic32c/lib/thumb/v7e-m+fp/hard\libc-musl.a(snprintf.o)
 .debug_abbrev  0x0000f4bb      0x126 c:/program files/microchip/xc32/v4.00/bin/bin/../../lib/gcc/pic32c/8.3.1/../../../../pic32c/lib/thumb/v7e-m+fp/hard\libc-musl.a(sprintf.o)
 .debug_abbrev  0x0000f5e1       0xee c:/program files/microchip/xc32/v4.00/bin/bin/../../lib/gcc/pic32c/8.3.1/../../../../pic32c/lib/thumb/v7e-m+fp/hard\libc-musl.a(vsprintf.o)
 .debug_abbrev  0x0000f6cf       0xbb c:/program files/microchip/xc32/v4.00/bin/bin/../../lib/gcc/pic32c/8.3.1/../../../../pic32c/lib/thumb/v7e-m+fp/hard\libc-musl.a(atoi.o)
 .debug_abbrev  0x0000f78a       0x8b c:/program files/microchip/xc32/v4.00/bin/bin/../../lib/gcc/pic32c/8.3.1/../../../../pic32c/lib/thumb/v7e-m+fp/hard\libc-musl.a(memcmp.o)
 .debug_abbrev  0x0000f815       0x9c c:/program files/microchip/xc32/v4.00/bin/bin/../../lib/gcc/pic32c/8.3.1/../../../../pic32c/lib/thumb/v7e-m+fp/hard\libc-musl.a(memcpy.o)
 .debug_abbrev  0x0000f8b1       0x97 c:/program files/microchip/xc32/v4.00/bin/bin/../../lib/gcc/pic32c/8.3.1/../../../../pic32c/lib/thumb/v7e-m+fp/hard\libc-musl.a(memset.o)
 .debug_abbrev  0x0000f948       0x86 c:/program files/microchip/xc32/v4.00/bin/bin/../../lib/gcc/pic32c/8.3.1/../../../../pic32c/lib/thumb/v7e-m+fp/hard\libc-musl.a(strlen.o)
 .debug_abbrev  0x0000f9ce       0xa6 c:/program files/microchip/xc32/v4.00/bin/bin/../../lib/gcc/pic32c/8.3.1/../../../../pic32c/lib/thumb/v7e-m+fp/hard\libc-musl.a(strstr.o)
 .debug_abbrev  0x0000fa74       0xa2 c:/program files/microchip/xc32/v4.00/bin/bin/../../lib/gcc/pic32c/8.3.1/../../../../pic32c/lib/thumb/v7e-m+fp/hard\libc-musl.a(strchr.o)
 .debug_abbrev  0x0000fb16      0x158 c:/program files/microchip/xc32/v4.00/bin/bin/../../lib/gcc/pic32c/8.3.1/../../../../pic32c/lib/thumb/v7e-m+fp/hard\libc-musl.a(strchrnul.o)
 .debug_abbrev  0x0000fc6e       0x63 c:/program files/microchip/xc32/v4.00/bin/bin/../../lib/gcc/pic32c/8.3.1/../../../../pic32c/lib/thumb/v7e-m+fp/hard\libc-musl.a(strcmp.o)
 .debug_abbrev  0x0000fcd1       0x8e c:/program files/microchip/xc32/v4.00/bin/bin/../../lib/gcc/pic32c/8.3.1/../../../../pic32c/lib/thumb/v7e-m+fp/hard\libc-musl.a(strcpy.o)
 .debug_abbrev  0x0000fd5f       0x86 c:/program files/microchip/xc32/v4.00/bin/bin/../../lib/gcc/pic32c/8.3.1/../../../../pic32c/lib/thumb/v7e-m+fp/hard\libc-musl.a(strncmp.o)
 .debug_abbrev  0x0000fde5       0x9d c:/program files/microchip/xc32/v4.00/bin/bin/../../lib/gcc/pic32c/8.3.1/../../../../pic32c/lib/thumb/v7e-m+fp/hard\libc-musl.a(strncpy.o)
 .debug_abbrev  0x0000fe82       0xac c:/program files/microchip/xc32/v4.00/bin/bin/../../lib/gcc/pic32c/8.3.1/../../../../pic32c/lib/thumb/v7e-m+fp/hard\libc-musl.a(strtok.o)
 .debug_abbrev  0x0000ff2e       0xc7 c:/program files/microchip/xc32/v4.00/bin/bin/../../lib/gcc/pic32c/8.3.1/../../../../pic32c/lib/thumb/v7e-m+fp/hard\libc-musl.a(__environ.o)
 .debug_abbrev  0x0000fff5      0x180 c:/program files/microchip/xc32/v4.00/bin/bin/../../lib/gcc/pic32c/8.3.1/../../../../pic32c/lib/thumb/v7e-m+fp/hard\libc-musl.a(vfprintf.o)
 .debug_abbrev  0x00010175       0xdf c:/program files/microchip/xc32/v4.00/bin/bin/../../lib/gcc/pic32c/8.3.1/../../../../pic32c/lib/thumb/v7e-m+fp/hard\libc-musl.a(stpcpy.o)
 .debug_abbrev  0x00010254       0xf3 c:/program files/microchip/xc32/v4.00/bin/bin/../../lib/gcc/pic32c/8.3.1/../../../../pic32c/lib/thumb/v7e-m+fp/hard\libc-musl.a(stpncpy.o)
 .debug_abbrev  0x00010347       0xf5 c:/program files/microchip/xc32/v4.00/bin/bin/../../lib/gcc/pic32c/8.3.1/../../../../pic32c/lib/thumb/v7e-m+fp/hard\libc-musl.a(strcspn.o)
 .debug_abbrev  0x0001043c       0xd2 c:/program files/microchip/xc32/v4.00/bin/bin/../../lib/gcc/pic32c/8.3.1/../../../../pic32c/lib/thumb/v7e-m+fp/hard\libc-musl.a(strspn.o)
 .debug_abbrev  0x0001050e      0x2e8 c:/program files/microchip/xc32/v4.00/bin/bin/../../lib/gcc/pic32c/8.3.1/../../../../pic32c/lib/thumb/v7e-m+fp/hard\libc-musl.a(__printf_core.o)
 .debug_abbrev  0x000107f6      0x1e3 c:/program files/microchip/xc32/v4.00/bin/bin/../../lib/gcc/pic32c/8.3.1/../../../../pic32c/lib/thumb/v7e-m+fp/hard\libc-musl.a(__fmt_a.o)
 .debug_abbrev  0x000109d9      0x16f c:/program files/microchip/xc32/v4.00/bin/bin/../../lib/gcc/pic32c/8.3.1/../../../../pic32c/lib/thumb/v7e-m+fp/hard\libc-musl.a(__fmt_d.o)
 .debug_abbrev  0x00010b48      0x202 c:/program files/microchip/xc32/v4.00/bin/bin/../../lib/gcc/pic32c/8.3.1/../../../../pic32c/lib/thumb/v7e-m+fp/hard\libc-musl.a(__fmt_fp.o)
 .debug_abbrev  0x00010d4a      0x16f c:/program files/microchip/xc32/v4.00/bin/bin/../../lib/gcc/pic32c/8.3.1/../../../../pic32c/lib/thumb/v7e-m+fp/hard\libc-musl.a(__fmt_o.o)
 .debug_abbrev  0x00010eb9      0x14f c:/program files/microchip/xc32/v4.00/bin/bin/../../lib/gcc/pic32c/8.3.1/../../../../pic32c/lib/thumb/v7e-m+fp/hard\libc-musl.a(__fmt_s.o)
 .debug_abbrev  0x00011008      0x1b2 c:/program files/microchip/xc32/v4.00/bin/bin/../../lib/gcc/pic32c/8.3.1/../../../../pic32c/lib/thumb/v7e-m+fp/hard\libc-musl.a(__fmt_u.o)
 .debug_abbrev  0x000111ba      0x15e c:/program files/microchip/xc32/v4.00/bin/bin/../../lib/gcc/pic32c/8.3.1/../../../../pic32c/lib/thumb/v7e-m+fp/hard\libc-musl.a(__fmt_x.o)
 .debug_abbrev  0x00011318      0x11b c:/program files/microchip/xc32/v4.00/bin/bin/../../lib/gcc/pic32c/8.3.1/../../../../pic32c/lib/thumb/v7e-m+fp/hard\libc-musl.a(__pop_float.o)
 .debug_abbrev  0x00011433      0x11b c:/program files/microchip/xc32/v4.00/bin/bin/../../lib/gcc/pic32c/8.3.1/../../../../pic32c/lib/thumb/v7e-m+fp/hard\libc-musl.a(__pop_int.o)
 .debug_abbrev  0x0001154e      0x12c c:/program files/microchip/xc32/v4.00/bin/bin/../../lib/gcc/pic32c/8.3.1/../../../../pic32c/lib/thumb/v7e-m+fp/hard\libc-musl.a(__pop_ptr.o)
 .debug_abbrev  0x0001167a       0x14 c:/program files/microchip/xc32/v4.00/bin/bin/../../lib/gcc/pic32c/8.3.1/thumb/v7e-m+fp/hard\libgcc.a(_aeabi_uldivmod.o)
 .debug_abbrev  0x0001168e      0x192 c:/program files/microchip/xc32/v4.00/bin/bin/../../lib/gcc/pic32c/8.3.1/thumb/v7e-m+fp/hard\libgcc.a(_udivmoddi4.o)
 .debug_abbrev  0x00011820       0x14 c:/program files/microchip/xc32/v4.00/bin/bin/../../lib/gcc/pic32c/8.3.1/thumb/v7e-m+fp/hard\libgcc.a(_dvmd_tls.o)
 .debug_abbrev  0x00011834       0x2e c:/program files/microchip/xc32/v4.00/bin/bin/../../lib/gcc/pic32c/8.3.1/../../../../pic32c/lib/thumb/v7e-m+fp/hard\libpic32c.a(sbrk.o)

.debug_loc      0x00000000    0x6917c
 .debug_loc     0x00000000     0x4a04 build/default/production/_ext/444070925/drv_ethphy.o
 .debug_loc     0x00004a04       0x94 build/default/production/_ext/444070925/drv_extphy_ksz8061.o
 .debug_loc     0x00004a98     0x3014 build/default/production/_ext/1546807373/drv_gmac.o
 .debug_loc     0x00007aac     0x2a14 build/default/production/_ext/1546807373/drv_gmac_lib_samE5x.o
 .debug_loc     0x0000a4c0     0x2baa build/default/production/_ext/438849557/drv_miim.o
 .debug_loc     0x0000d06a       0x45 build/default/production/_ext/20954303/drv_sdmmc_file_system.o
 .debug_loc     0x0000d0af     0x30ed build/default/production/_ext/20954303/drv_sdmmc.o
 .debug_loc     0x0001019c     0x1b0d build/default/production/_ext/1751889202/sys_fs_shell.o
 .debug_loc     0x00011ca9      0x568 build/default/production/_ext/1033058136/helpers.o
 .debug_loc     0x00012211     0x80a5 build/default/production/_ext/1033058136/tcp.o
 .debug_loc     0x0001a2b6     0x3b6e build/default/production/_ext/1033058136/arp.o
 .debug_loc     0x0001de24     0x2e6d build/default/production/_ext/1033058136/ipv4.o
 .debug_loc     0x00020c91      0x207 build/default/production/_ext/1033058136/tcpip_heap_alloc.o
 .debug_loc     0x00020e98     0x1568 build/default/production/_ext/1033058136/tcpip_heap_internal.o
 .debug_loc     0x00022400     0x40ae build/default/production/_ext/1033058136/dns.o
 .debug_loc     0x000264ae      0x21b build/default/production/_ext/1033058136/hash_fnv.o
 .debug_loc     0x000266c9      0x5f3 build/default/production/_ext/1033058136/oahash.o
 .debug_loc     0x00026cbc     0x53a5 build/default/production/_ext/1033058136/tcpip_helpers.o
 .debug_loc     0x0002c061     0x7ca9 build/default/production/_ext/1033058136/tcpip_manager.o
 .debug_loc     0x00033d0a      0x458 build/default/production/_ext/1033058136/tcpip_notify.o
 .debug_loc     0x00034162      0xbe0 build/default/production/_ext/1033058136/tcpip_packet.o
 .debug_loc     0x00034d42     0x23c5 build/default/production/_ext/1033058136/ftp.o
 .debug_loc     0x00037107      0x3ec build/default/production/_ext/1033058136/icmp.o
 .debug_loc     0x000374f3     0x3628 build/default/production/_ext/1033058136/berkeley_api.o
 .debug_loc     0x0003ab1b      0xc61 build/default/production/_ext/1033058136/tcpip_announce.o
 .debug_loc     0x0003b77c     0x5233 build/default/production/_ext/1033058136/udp.o
 .debug_loc     0x000409af     0x22ef build/default/production/_ext/1033058136/iperf.o
 .debug_loc     0x00042c9e     0x301a build/default/production/_ext/1508031553/net_pres.o
 .debug_loc     0x00045cb8      0x27b build/default/production/_ext/1865468468/plib_nvic.o
 .debug_loc     0x00045f33      0x868 build/default/production/_ext/1593096446/plib_nvmctrl.o
 .debug_loc     0x0004679b      0x1bc build/default/production/_ext/1865521619/plib_port.o
 .debug_loc     0x00046957      0x5af build/default/production/_ext/1865600094/plib_sdhc1.o
 .debug_loc     0x00046f06      0xd41 build/default/production/_ext/504274921/plib_sercom1_usart.o
 .debug_loc     0x00047c47       0x5f build/default/production/_ext/829342655/plib_tc0.o
 .debug_loc     0x00047ca6     0x19f6 build/default/production/_ext/1376093119/sys_command.o
 .debug_loc     0x0004969c      0xd24 build/default/production/_ext/1832805299/sys_console.o
 .debug_loc     0x0004a3c0      0x9f9 build/default/production/_ext/1832805299/sys_console_uart.o
 .debug_loc     0x0004adb9       0xa1 build/default/production/_ext/944882569/sys_debug.o
 .debug_loc     0x0004ae5a     0x9fe9 build/default/production/_ext/411819097/ff.o
 .debug_loc     0x00054e43      0x575 build/default/production/_ext/411819097/ffunicode.o
 .debug_loc     0x000553b8      0x58b build/default/production/_ext/565198302/diskio.o
 .debug_loc     0x00055943     0x5a22 build/default/production/_ext/1269487135/sys_fs.o
 .debug_loc     0x0005b365     0x1696 build/default/production/_ext/1269487135/sys_fs_media_manager.o
 .debug_loc     0x0005c9fb     0x1c60 build/default/production/_ext/1269487135/sys_fs_fat_interface.o
 .debug_loc     0x0005e65b      0x182 build/default/production/_ext/1881668453/sys_int.o
 .debug_loc     0x0005e7dd     0x2341 build/default/production/_ext/101884895/sys_time.o
 .debug_loc     0x00060b1e      0x152 build/default/production/_ext/753841488/sys_time_h2_adapter.o
 .debug_loc     0x00060c70       0x7d build/default/production/_ext/1171490990/initialization.o
 .debug_loc     0x00060ced       0x4a build/default/production/_ext/1171490990/startup_xc32.o
 .debug_loc     0x00060d37       0x20 build/default/production/_ext/1171490990/tasks.o
 .debug_loc     0x00060d57       0x45 build/default/production/_ext/172253694/crypt_wolfcryptcb.o
 .debug_loc     0x00060d9c     0x27ea build/default/production/_ext/1664057780/cryptocb.o
 .debug_loc     0x00063586       0x20 build/default/production/_ext/1360937237/main.o
 .debug_loc     0x000635a6      0x1e9 build/default/production/_ext/1360937237/app.o
 .debug_loc     0x0006378f       0x14 c:/program files/microchip/xc32/v4.00/bin/bin/../../lib/gcc/pic32c/8.3.1/../../../../pic32c/lib/thumb/v7e-m+fp/hard\libpic32c.a(data_init.o)
 .debug_loc     0x000637a3       0x65 c:/program files/microchip/xc32/v4.00/bin/bin/../../lib/gcc/pic32c/8.3.1/../../../../pic32c/lib/thumb/v7e-m+fp/hard\libc-musl.a(isxdigit.o)
 .debug_loc     0x00063808       0x4a c:/program files/microchip/xc32/v4.00/bin/bin/../../lib/gcc/pic32c/8.3.1/../../../../pic32c/lib/thumb/v7e-m+fp/hard\libc-musl.a(tolower.o)
 .debug_loc     0x00063852       0x4a c:/program files/microchip/xc32/v4.00/bin/bin/../../lib/gcc/pic32c/8.3.1/../../../../pic32c/lib/thumb/v7e-m+fp/hard\libc-musl.a(toupper.o)
 .debug_loc     0x0006389c       0x51 c:/program files/microchip/xc32/v4.00/bin/bin/../../lib/gcc/pic32c/8.3.1/../../../../pic32c/lib/thumb/v7e-m+fp/hard\libc-musl.a(__libc_start_main.o)
 .debug_loc     0x000638ed       0x74 c:/program files/microchip/xc32/v4.00/bin/bin/../../lib/gcc/pic32c/8.3.1/../../../../pic32c/lib/thumb/v7e-m+fp/hard\libc-musl.a(calloc.o)
 .debug_loc     0x00063961      0xccc c:/program files/microchip/xc32/v4.00/bin/bin/../../lib/gcc/pic32c/8.3.1/../../../../pic32c/lib/thumb/v7e-m+fp/hard\libc-musl.a(malloc.o)
 .debug_loc     0x0006462d       0x7c c:/program files/microchip/xc32/v4.00/bin/bin/../../lib/gcc/pic32c/8.3.1/../../../../pic32c/lib/thumb/v7e-m+fp/hard\libc-musl.a(expand_heap.o)
 .debug_loc     0x000646a9       0x24 c:/program files/microchip/xc32/v4.00/bin/bin/../../lib/gcc/pic32c/8.3.1/../../../../pic32c/lib/thumb/v7e-m+fp/hard\libc-musl.a(rand.o)
 .debug_loc     0x000646cd       0xeb c:/program files/microchip/xc32/v4.00/bin/bin/../../lib/gcc/pic32c/8.3.1/../../../../pic32c/lib/thumb/v7e-m+fp/hard\libc-musl.a(vsnprintf.o)
 .debug_loc     0x000647b8       0xaf c:/program files/microchip/xc32/v4.00/bin/bin/../../lib/gcc/pic32c/8.3.1/../../../../pic32c/lib/thumb/v7e-m+fp/hard\libc-musl.a(snprintf.o)
 .debug_loc     0x00064867       0x8a c:/program files/microchip/xc32/v4.00/bin/bin/../../lib/gcc/pic32c/8.3.1/../../../../pic32c/lib/thumb/v7e-m+fp/hard\libc-musl.a(sprintf.o)
 .debug_loc     0x000648f1       0x6c c:/program files/microchip/xc32/v4.00/bin/bin/../../lib/gcc/pic32c/8.3.1/../../../../pic32c/lib/thumb/v7e-m+fp/hard\libc-musl.a(vsprintf.o)
 .debug_loc     0x0006495d       0xd8 c:/program files/microchip/xc32/v4.00/bin/bin/../../lib/gcc/pic32c/8.3.1/../../../../pic32c/lib/thumb/v7e-m+fp/hard\libc-musl.a(atoi.o)
 .debug_loc     0x00064a35      0x10c c:/program files/microchip/xc32/v4.00/bin/bin/../../lib/gcc/pic32c/8.3.1/../../../../pic32c/lib/thumb/v7e-m+fp/hard\libc-musl.a(memcmp.o)
 .debug_loc     0x00064b41       0xba c:/program files/microchip/xc32/v4.00/bin/bin/../../lib/gcc/pic32c/8.3.1/../../../../pic32c/lib/thumb/v7e-m+fp/hard\libc-musl.a(memcpy.o)
 .debug_loc     0x00064bfb       0x56 c:/program files/microchip/xc32/v4.00/bin/bin/../../lib/gcc/pic32c/8.3.1/../../../../pic32c/lib/thumb/v7e-m+fp/hard\libc-musl.a(memset.o)
 .debug_loc     0x00064c51       0x47 c:/program files/microchip/xc32/v4.00/bin/bin/../../lib/gcc/pic32c/8.3.1/../../../../pic32c/lib/thumb/v7e-m+fp/hard\libc-musl.a(strlen.o)
 .debug_loc     0x00064c98       0x83 c:/program files/microchip/xc32/v4.00/bin/bin/../../lib/gcc/pic32c/8.3.1/../../../../pic32c/lib/thumb/v7e-m+fp/hard\libc-musl.a(strstr.o)
 .debug_loc     0x00064d1b       0x8c c:/program files/microchip/xc32/v4.00/bin/bin/../../lib/gcc/pic32c/8.3.1/../../../../pic32c/lib/thumb/v7e-m+fp/hard\libc-musl.a(strchr.o)
 .debug_loc     0x00064da7      0x14c c:/program files/microchip/xc32/v4.00/bin/bin/../../lib/gcc/pic32c/8.3.1/../../../../pic32c/lib/thumb/v7e-m+fp/hard\libc-musl.a(strchrnul.o)
 .debug_loc     0x00064ef3       0x76 c:/program files/microchip/xc32/v4.00/bin/bin/../../lib/gcc/pic32c/8.3.1/../../../../pic32c/lib/thumb/v7e-m+fp/hard\libc-musl.a(strcmp.o)
 .debug_loc     0x00064f69       0x67 c:/program files/microchip/xc32/v4.00/bin/bin/../../lib/gcc/pic32c/8.3.1/../../../../pic32c/lib/thumb/v7e-m+fp/hard\libc-musl.a(strcpy.o)
 .debug_loc     0x00064fd0      0x1a6 c:/program files/microchip/xc32/v4.00/bin/bin/../../lib/gcc/pic32c/8.3.1/../../../../pic32c/lib/thumb/v7e-m+fp/hard\libc-musl.a(strncmp.o)
 .debug_loc     0x00065176       0x8c c:/program files/microchip/xc32/v4.00/bin/bin/../../lib/gcc/pic32c/8.3.1/../../../../pic32c/lib/thumb/v7e-m+fp/hard\libc-musl.a(strncpy.o)
 .debug_loc     0x00065202       0x71 c:/program files/microchip/xc32/v4.00/bin/bin/../../lib/gcc/pic32c/8.3.1/../../../../pic32c/lib/thumb/v7e-m+fp/hard\libc-musl.a(strtok.o)
 .debug_loc     0x00065273       0x88 c:/program files/microchip/xc32/v4.00/bin/bin/../../lib/gcc/pic32c/8.3.1/../../../../pic32c/lib/thumb/v7e-m+fp/hard\libc-musl.a(vfprintf.o)
 .debug_loc     0x000652fb       0x60 c:/program files/microchip/xc32/v4.00/bin/bin/../../lib/gcc/pic32c/8.3.1/../../../../pic32c/lib/thumb/v7e-m+fp/hard\libc-musl.a(stpcpy.o)
 .debug_loc     0x0006535b      0x15b c:/program files/microchip/xc32/v4.00/bin/bin/../../lib/gcc/pic32c/8.3.1/../../../../pic32c/lib/thumb/v7e-m+fp/hard\libc-musl.a(stpncpy.o)
 .debug_loc     0x000654b6      0x13d c:/program files/microchip/xc32/v4.00/bin/bin/../../lib/gcc/pic32c/8.3.1/../../../../pic32c/lib/thumb/v7e-m+fp/hard\libc-musl.a(strcspn.o)
 .debug_loc     0x000655f3      0x13f c:/program files/microchip/xc32/v4.00/bin/bin/../../lib/gcc/pic32c/8.3.1/../../../../pic32c/lib/thumb/v7e-m+fp/hard\libc-musl.a(strspn.o)
 .debug_loc     0x00065732      0x638 c:/program files/microchip/xc32/v4.00/bin/bin/../../lib/gcc/pic32c/8.3.1/../../../../pic32c/lib/thumb/v7e-m+fp/hard\libc-musl.a(__printf_core.o)
 .debug_loc     0x00065d6a      0xac1 c:/program files/microchip/xc32/v4.00/bin/bin/../../lib/gcc/pic32c/8.3.1/../../../../pic32c/lib/thumb/v7e-m+fp/hard\libc-musl.a(__fmt_a.o)
 .debug_loc     0x0006682b      0x1ef c:/program files/microchip/xc32/v4.00/bin/bin/../../lib/gcc/pic32c/8.3.1/../../../../pic32c/lib/thumb/v7e-m+fp/hard\libc-musl.a(__fmt_d.o)
 .debug_loc     0x00066a1a      0x9e3 c:/program files/microchip/xc32/v4.00/bin/bin/../../lib/gcc/pic32c/8.3.1/../../../../pic32c/lib/thumb/v7e-m+fp/hard\libc-musl.a(__fmt_fp.o)
 .debug_loc     0x000673fd      0x10a c:/program files/microchip/xc32/v4.00/bin/bin/../../lib/gcc/pic32c/8.3.1/../../../../pic32c/lib/thumb/v7e-m+fp/hard\libc-musl.a(__fmt_o.o)
 .debug_loc     0x00067507      0x157 c:/program files/microchip/xc32/v4.00/bin/bin/../../lib/gcc/pic32c/8.3.1/../../../../pic32c/lib/thumb/v7e-m+fp/hard\libc-musl.a(__fmt_s.o)
 .debug_loc     0x0006765e      0x2a2 c:/program files/microchip/xc32/v4.00/bin/bin/../../lib/gcc/pic32c/8.3.1/../../../../pic32c/lib/thumb/v7e-m+fp/hard\libc-musl.a(__fmt_u.o)
 .debug_loc     0x00067900      0x2a8 c:/program files/microchip/xc32/v4.00/bin/bin/../../lib/gcc/pic32c/8.3.1/../../../../pic32c/lib/thumb/v7e-m+fp/hard\libc-musl.a(__fmt_x.o)
 .debug_loc     0x00067ba8       0xa6 c:/program files/microchip/xc32/v4.00/bin/bin/../../lib/gcc/pic32c/8.3.1/../../../../pic32c/lib/thumb/v7e-m+fp/hard\libc-musl.a(__pop_float.o)
 .debug_loc     0x00067c4e      0x312 c:/program files/microchip/xc32/v4.00/bin/bin/../../lib/gcc/pic32c/8.3.1/../../../../pic32c/lib/thumb/v7e-m+fp/hard\libc-musl.a(__pop_int.o)
 .debug_loc     0x00067f60      0x1db c:/program files/microchip/xc32/v4.00/bin/bin/../../lib/gcc/pic32c/8.3.1/../../../../pic32c/lib/thumb/v7e-m+fp/hard\libc-musl.a(__pop_ptr.o)
 .debug_loc     0x0006813b     0x1041 c:/program files/microchip/xc32/v4.00/bin/bin/../../lib/gcc/pic32c/8.3.1/thumb/v7e-m+fp/hard\libgcc.a(_udivmoddi4.o)

.debug_aranges  0x00000000     0x3238
 .debug_aranges
                0x00000000      0x248 build/default/production/_ext/444070925/drv_ethphy.o
 .debug_aranges
                0x00000248       0x30 build/default/production/_ext/444070925/drv_extphy_ksz8061.o
 .debug_aranges
                0x00000278      0x280 build/default/production/_ext/1546807373/drv_gmac.o
 .debug_aranges
                0x000004f8      0x140 build/default/production/_ext/1546807373/drv_gmac_lib_samE5x.o
 .debug_aranges
                0x00000638       0xe0 build/default/production/_ext/438849557/drv_miim.o
 .debug_aranges
                0x00000718       0x20 build/default/production/_ext/20954303/drv_sdmmc_file_system.o
 .debug_aranges
                0x00000738       0xb0 build/default/production/_ext/20954303/drv_sdmmc.o
 .debug_aranges
                0x000007e8       0xc0 build/default/production/_ext/1751889202/sys_fs_shell.o
 .debug_aranges
                0x000008a8       0x48 build/default/production/_ext/1033058136/helpers.o
 .debug_aranges
                0x000008f0      0x228 build/default/production/_ext/1033058136/tcp.o
 .debug_aranges
                0x00000b18      0x110 build/default/production/_ext/1033058136/arp.o
 .debug_aranges
                0x00000c28       0xf0 build/default/production/_ext/1033058136/ipv4.o
 .debug_aranges
                0x00000d18       0x48 build/default/production/_ext/1033058136/tcpip_heap_alloc.o
 .debug_aranges
                0x00000d60       0x68 build/default/production/_ext/1033058136/tcpip_heap_internal.o
 .debug_aranges
                0x00000dc8      0x130 build/default/production/_ext/1033058136/dns.o
 .debug_aranges
                0x00000ef8       0x28 build/default/production/_ext/1033058136/hash_fnv.o
 .debug_aranges
                0x00000f20       0x58 build/default/production/_ext/1033058136/oahash.o
 .debug_aranges
                0x00000f78      0x218 build/default/production/_ext/1033058136/tcpip_helpers.o
 .debug_aranges
                0x00001190      0x398 build/default/production/_ext/1033058136/tcpip_manager.o
 .debug_aranges
                0x00001528       0x48 build/default/production/_ext/1033058136/tcpip_notify.o
 .debug_aranges
                0x00001570       0x88 build/default/production/_ext/1033058136/tcpip_packet.o
 .debug_aranges
                0x000015f8       0x70 build/default/production/_ext/1033058136/ftp.o
 .debug_aranges
                0x00001668       0x38 build/default/production/_ext/1033058136/icmp.o
 .debug_aranges
                0x000016a0      0x160 build/default/production/_ext/1033058136/berkeley_api.o
 .debug_aranges
                0x00001800       0x88 build/default/production/_ext/1033058136/tcpip_announce.o
 .debug_aranges
                0x00001888      0x1b8 build/default/production/_ext/1033058136/udp.o
 .debug_aranges
                0x00001a40       0x98 build/default/production/_ext/1033058136/iperf.o
 .debug_aranges
                0x00001ad8      0x120 build/default/production/_ext/1508031553/net_pres.o
 .debug_aranges
                0x00001bf8       0x20 build/default/production/_ext/1984496892/plib_clock.o
 .debug_aranges
                0x00001c18       0x20 build/default/production/_ext/1986646378/plib_evsys.o
 .debug_aranges
                0x00001c38       0x38 build/default/production/_ext/1865468468/plib_nvic.o
 .debug_aranges
                0x00001c70       0xd8 build/default/production/_ext/1593096446/plib_nvmctrl.o
 .debug_aranges
                0x00001d48       0x70 build/default/production/_ext/1865521619/plib_port.o
 .debug_aranges
                0x00001db8       0xc0 build/default/production/_ext/1865600094/plib_sdhc1.o
 .debug_aranges
                0x00001e78       0xc0 build/default/production/_ext/504274921/plib_sercom1_usart.o
 .debug_aranges
                0x00001f38       0x78 build/default/production/_ext/829342655/plib_tc0.o
 .debug_aranges
                0x00001fb0       0xd8 build/default/production/_ext/1376093119/sys_command.o
 .debug_aranges
                0x00002088       0x88 build/default/production/_ext/1832805299/sys_console.o
 .debug_aranges
                0x00002110       0x68 build/default/production/_ext/1832805299/sys_console_uart.o
 .debug_aranges
                0x00002178       0x48 build/default/production/_ext/944882569/sys_debug.o
 .debug_aranges
                0x000021c0      0x210 build/default/production/_ext/411819097/ff.o
 .debug_aranges
                0x000023d0       0x30 build/default/production/_ext/411819097/ffunicode.o
 .debug_aranges
                0x00002400       0x58 build/default/production/_ext/565198302/diskio.o
 .debug_aranges
                0x00002458      0x170 build/default/production/_ext/1269487135/sys_fs.o
 .debug_aranges
                0x000025c8       0x98 build/default/production/_ext/1269487135/sys_fs_media_manager.o
 .debug_aranges
                0x00002660      0x130 build/default/production/_ext/1269487135/sys_fs_fat_interface.o
 .debug_aranges
                0x00002790       0x40 build/default/production/_ext/1881668453/sys_int.o
 .debug_aranges
                0x000027d0       0x20 build/default/production/_ext/1000052432/sys_reset.o
 .debug_aranges
                0x000027f0      0x128 build/default/production/_ext/101884895/sys_time.o
 .debug_aranges
                0x00002918       0x40 build/default/production/_ext/753841488/sys_time_h2_adapter.o
 .debug_aranges
                0x00002958       0x28 build/default/production/_ext/1171490990/initialization.o
 .debug_aranges
                0x00002980       0x20 build/default/production/_ext/1171490990/interrupts.o
 .debug_aranges
                0x000029a0       0x48 build/default/production/_ext/1171490990/exceptions.o
 .debug_aranges
                0x000029e8       0x28 build/default/production/_ext/1171490990/startup_xc32.o
 .debug_aranges
                0x00002a10       0x20 build/default/production/_ext/1171490990/tasks.o
 .debug_aranges
                0x00002a30       0x28 build/default/production/_ext/172253694/crypt_wolfcryptcb.o
 .debug_aranges
                0x00002a58       0xd8 build/default/production/_ext/1664057780/cryptocb.o
 .debug_aranges
                0x00002b30       0x20 build/default/production/_ext/1360937237/main.o