Archive member included to satisfy reference by file (symbol)

c:/program files/microchip/xc32/v4.00/bin/bin/../../lib/gcc/pic32c/8.3.1/../../../../pic32c/lib/thumb/v7e-m+fp/hard\libpic32c.a(data_init.o)
                              build/default/debug/_ext/1171490990/startup_xc32.o (__pic32c_data_initialization)
c:/program files/microchip/xc32/v4.00/bin/bin/../../lib/gcc/pic32c/8.3.1/../../../../pic32c/lib/thumb/v7e-m+fp/hard\libg-musl.a(isxdigit.o)
                              build/default/debug/_ext/1033058136/tcpip_helpers.o (isxdigit)
c:/program files/microchip/xc32/v4.00/bin/bin/../../lib/gcc/pic32c/8.3.1/../../../../pic32c/lib/thumb/v7e-m+fp/hard\libg-musl.a(tolower.o)
                              build/default/debug/_ext/1033058136/helpers.o (tolower)
c:/program files/microchip/xc32/v4.00/bin/bin/../../lib/gcc/pic32c/8.3.1/../../../../pic32c/lib/thumb/v7e-m+fp/hard\libg-musl.a(toupper.o)
                              build/default/debug/_ext/1033058136/tcpip_helpers.o (toupper)
c:/program files/microchip/xc32/v4.00/bin/bin/../../lib/gcc/pic32c/8.3.1/../../../../pic32c/lib/thumb/v7e-m+fp/hard\libg-musl.a(__libc_start_main.o)
                              build/default/debug/_ext/1171490990/startup_xc32.o (__libc_init_array)
c:/program files/microchip/xc32/v4.00/bin/bin/../../lib/gcc/pic32c/8.3.1/../../../../pic32c/lib/thumb/v7e-m+fp/hard\libg-musl.a(__errno_location.o)
                              build/default/debug/_ext/1360937237/app.o (__errno_val)
c:/program files/microchip/xc32/v4.00/bin/bin/../../lib/gcc/pic32c/8.3.1/../../../../pic32c/lib/thumb/v7e-m+fp/hard\libg-musl.a(libc.o)
                              c:/program files/microchip/xc32/v4.00/bin/bin/../../lib/gcc/pic32c/8.3.1/../../../../pic32c/lib/thumb/v7e-m+fp/hard\libg-musl.a(__libc_start_main.o) (__progname_full)
c:/program files/microchip/xc32/v4.00/bin/bin/../../lib/gcc/pic32c/8.3.1/../../../../pic32c/lib/thumb/v7e-m+fp/hard\libg-musl.a(calloc.o)
                              build/default/debug/_ext/1171490990/initialization.o (calloc)
c:/program files/microchip/xc32/v4.00/bin/bin/../../lib/gcc/pic32c/8.3.1/../../../../pic32c/lib/thumb/v7e-m+fp/hard\libg-musl.a(malloc.o)
                              build/default/debug/_ext/1645245335/crypto.o (free)
c:/program files/microchip/xc32/v4.00/bin/bin/../../lib/gcc/pic32c/8.3.1/../../../../pic32c/lib/thumb/v7e-m+fp/hard\libg-musl.a(expand_heap.o)
                              c:/program files/microchip/xc32/v4.00/bin/bin/../../lib/gcc/pic32c/8.3.1/../../../../pic32c/lib/thumb/v7e-m+fp/hard\libg-musl.a(malloc.o) (__expand_heap)
c:/program files/microchip/xc32/v4.00/bin/bin/../../lib/gcc/pic32c/8.3.1/../../../../pic32c/lib/thumb/v7e-m+fp/hard\libg-musl.a(rand.o)
                              build/default/debug/_ext/1664057780/random.o (srand)
c:/program files/microchip/xc32/v4.00/bin/bin/../../lib/gcc/pic32c/8.3.1/../../../../pic32c/lib/thumb/v7e-m+fp/hard\libg-musl.a(vsnprintf.o)
                              build/default/debug/_ext/1832805299/sys_console.o (vsnprintf)
c:/program files/microchip/xc32/v4.00/bin/bin/../../lib/gcc/pic32c/8.3.1/../../../../pic32c/lib/thumb/v7e-m+fp/hard\libg-musl.a(snprintf.o)
                              (snprintf)
c:/program files/microchip/xc32/v4.00/bin/bin/../../lib/gcc/pic32c/8.3.1/../../../../pic32c/lib/thumb/v7e-m+fp/hard\libg-musl.a(sprintf.o)
                              (sprintf)
c:/program files/microchip/xc32/v4.00/bin/bin/../../lib/gcc/pic32c/8.3.1/../../../../pic32c/lib/thumb/v7e-m+fp/hard\libg-musl.a(vsprintf.o)
                              c:/program files/microchip/xc32/v4.00/bin/bin/../../lib/gcc/pic32c/8.3.1/../../../../pic32c/lib/thumb/v7e-m+fp/hard\libg-musl.a(sprintf.o) (vsprintf)
c:/program files/microchip/xc32/v4.00/bin/bin/../../lib/gcc/pic32c/8.3.1/../../../../pic32c/lib/thumb/v7e-m+fp/hard\libg-musl.a(atoi.o)
                              build/default/debug/_ext/1033058136/ftp.o (atoi)
c:/program files/microchip/xc32/v4.00/bin/bin/../../lib/gcc/pic32c/8.3.1/../../../../pic32c/lib/thumb/v7e-m+fp/hard\libg-musl.a(strtol.o)
                              build/default/debug/_ext/1033058136/tcpip_helpers.o (strtol)
c:/program files/microchip/xc32/v4.00/bin/bin/../../lib/gcc/pic32c/8.3.1/../../../../pic32c/lib/thumb/v7e-m+fp/hard\libg-musl.a(memcmp.o)
                              build/default/debug/_ext/1546807373/drv_gmac.o (memcmp)
c:/program files/microchip/xc32/v4.00/bin/bin/../../lib/gcc/pic32c/8.3.1/../../../../pic32c/lib/thumb/v7e-m+fp/hard\libg-musl.a(memcpy.o)
                              build/default/debug/_ext/1751889202/sys_fs_shell.o (memcpy)
c:/program files/microchip/xc32/v4.00/bin/bin/../../lib/gcc/pic32c/8.3.1/../../../../pic32c/lib/thumb/v7e-m+fp/hard\libg-musl.a(memmove.o)
                              build/default/debug/_ext/1664057780/asn.o (memmove)
[...]
Memory Configuration

Name             Origin             Length             Attributes
rom              0x00000000         0x00100000         xrl
ram              0x20000000         0x00040000         xw !r
tcm              0x03000000         0x00000000         xw
bkupram          0x47000000         0x00002000
config_00804000  0x00804000         0x00000004
config_00804008  0x00804008         0x00000004
config_00804004  0x00804004         0x00000004
*default*        0x00000000         0xffffffff

Linker script and memory map

LOAD c:/program files/microchip/xc32/v4.00/bin/bin/../../lib/gcc/pic32c/8.3.1/thumb/v7e-m+fp/hard/crti.o
LOAD c:/program files/microchip/xc32/v4.00/bin/bin/../../lib/gcc/pic32c/8.3.1/thumb/v7e-m+fp/hard/crtbegin.o
LOAD build/default/debug/_ext/1645245335/crypto.o
LOAD build/default/debug/_ext/444070925/drv_ethphy.o
LOAD build/default/debug/_ext/444070925/drv_extphy_ksz8061.o
LOAD build/default/debug/_ext/1546807373/drv_gmac.o
LOAD build/default/debug/_ext/1546807373/drv_gmac_lib_samE5x.o
LOAD build/default/debug/_ext/438849557/drv_miim.o
LOAD build/default/debug/_ext/20954303/drv_sdmmc_file_system.o
LOAD build/default/debug/_ext/20954303/drv_sdmmc.o
LOAD build/default/debug/_ext/1751889202/sys_fs_shell.o
LOAD build/default/debug/_ext/1033058136/helpers.o
LOAD build/default/debug/_ext/1033058136/tcp.o
LOAD build/default/debug/_ext/1033058136/arp.o
LOAD build/default/debug/_ext/1033058136/ipv4.o
LOAD build/default/debug/_ext/1033058136/tcpip_heap_alloc.o
LOAD build/default/debug/_ext/1033058136/tcpip_heap_internal.o
LOAD build/default/debug/_ext/1033058136/dhcp.o
LOAD build/default/debug/_ext/1033058136/dns.o
LOAD build/default/debug/_ext/1033058136/hash_fnv.o
LOAD build/default/debug/_ext/1033058136/oahash.o
LOAD build/default/debug/_ext/1033058136/tcpip_helpers.o
LOAD build/default/debug/_ext/1033058136/tcpip_manager.o
LOAD build/default/debug/_ext/1033058136/tcpip_notify.o
LOAD build/default/debug/_ext/1033058136/tcpip_packet.o
LOAD build/default/debug/_ext/1033058136/ftp.o
LOAD build/default/debug/_ext/1033058136/icmp.o
LOAD build/default/debug/_ext/1508031553/net_pres.o
LOAD build/default/debug/_ext/1640433940/net_pres_enc_glue.o
LOAD build/default/debug/_ext/1640433940/net_pres_cert_store.o
LOAD build/default/debug/_ext/1984496892/plib_clock.o
LOAD build/default/debug/_ext/1865131932/plib_cmcc.o
LOAD build/default/debug/_ext/1986646378/plib_evsys.o
LOAD build/default/debug/_ext/1865468468/plib_nvic.o
LOAD build/default/debug/_ext/1593096446/plib_nvmctrl.o
LOAD build/default/debug/_ext/1865521619/plib_port.o
LOAD build/default/debug/_ext/1865600094/plib_sdhc1.o
LOAD build/default/debug/_ext/504274921/plib_sercom1_usart.o
LOAD build/default/debug/_ext/829342655/plib_tc0.o
LOAD build/default/debug/_ext/163028504/xc32_monitor.o
LOAD build/default/debug/_ext/1014039709/sys_cache.o
LOAD build/default/debug/_ext/1832805299/sys_console.o
LOAD build/default/debug/_ext/1832805299/sys_console_uart.o
LOAD build/default/debug/_ext/944882569/sys_debug.o
LOAD build/default/debug/_ext/411819097/ff.o
LOAD build/default/debug/_ext/411819097/ffunicode.o
LOAD build/default/debug/_ext/565198302/diskio.o
LOAD build/default/debug/_ext/1269487135/sys_fs.o
LOAD build/default/debug/_ext/1269487135/sys_fs_media_manager.o
LOAD build/default/debug/_ext/1269487135/sys_fs_fat_interface.o
LOAD build/default/debug/_ext/1881668453/sys_int.o
LOAD build/default/debug/_ext/101884895/sys_time.o
LOAD build/default/debug/_ext/753841488/sys_time_h2_adapter.o
LOAD build/default/debug/_ext/753841488/sys_random_h2_adapter.o
LOAD build/default/debug/_ext/1171490990/initialization.o
LOAD build/default/debug/_ext/1171490990/interrupts.o
LOAD build/default/debug/_ext/1171490990/exceptions.o
LOAD build/default/debug/_ext/1171490990/startup_xc32.o
LOAD build/default/debug/_ext/1171490990/libc_syscalls.o
LOAD build/default/debug/_ext/1171490990/tasks.o
LOAD build/default/debug/_ext/172253694/pic32mz-crypt.o
LOAD build/default/debug/_ext/172253694/crypt_aes_sam6149.o
LOAD build/default/debug/_ext/172253694/crypt_aes_u2238.o
LOAD build/default/debug/_ext/172253694/crypt_ecc_ba414e.o
LOAD build/default/debug/_ext/172253694/crypt_ecc_pukcl.o
LOAD build/default/debug/_ext/172253694/crypt_pukcl_functions.o
LOAD build/default/debug/_ext/172253694/crypt_rng_sam6334.o
LOAD build/default/debug/_ext/172253694/crypt_rng_u2242.o
LOAD build/default/debug/_ext/172253694/crypt_rsa_pukcl.o
LOAD build/default/debug/_ext/172253694/crypt_sam_u2803.o
LOAD build/default/debug/_ext/172253694/crypt_sha1_sam11105.o
LOAD build/default/debug/_ext/172253694/crypt_sha1_sam6156.o
LOAD build/default/debug/_ext/172253694/crypt_sha224_sam11105.o
LOAD build/default/debug/_ext/172253694/crypt_sha224_sam6156.o
LOAD build/default/debug/_ext/172253694/crypt_sha256_sam11105.o
LOAD build/default/debug/_ext/172253694/crypt_sha256_sam6156.o
LOAD build/default/debug/_ext/172253694/crypt_sha384_sam6156.o
LOAD build/default/debug/_ext/172253694/crypt_sha512_sam6156.o
LOAD build/default/debug/_ext/172253694/crypt_tdes_sam6150.o
LOAD build/default/debug/_ext/172253694/crypt_wolfcryptcb.o
LOAD build/default/debug/_ext/1664057780/arc4.o
LOAD build/default/debug/_ext/1664057780/asm.o
LOAD build/default/debug/_ext/1664057780/asn.o
LOAD build/default/debug/_ext/1664057780/blake2b.o
LOAD build/default/debug/_ext/1664057780/blake2s.o
LOAD build/default/debug/_ext/1664057780/camellia.o
LOAD build/default/debug/_ext/1664057780/chacha.o
LOAD build/default/debug/_ext/1664057780/chacha20_poly1305.o
LOAD build/default/debug/_ext/1664057780/cmac.o
LOAD build/default/debug/_ext/1664057780/coding.o
LOAD build/default/debug/_ext/1664057780/compress.o
LOAD build/default/debug/_ext/1664057780/cpuid.o
LOAD build/default/debug/_ext/1664057780/cryptocb.o
LOAD build/default/debug/_ext/1664057780/curve25519.o
LOAD build/default/debug/_ext/1664057780/curve448.o
LOAD build/default/debug/_ext/1664057780/dh.o
LOAD build/default/debug/_ext/1664057780/dsa.o
LOAD build/default/debug/_ext/1664057780/ecc_fp.o
LOAD build/default/debug/_ext/1664057780/ed25519.o
LOAD build/default/debug/_ext/1664057780/ed448.o
LOAD build/default/debug/_ext/1664057780/error.o
LOAD build/default/debug/_ext/1664057780/fe_448.o
LOAD build/default/debug/_ext/1664057780/fe_low_mem.o
LOAD build/default/debug/_ext/1664057780/fe_operations.o
LOAD build/default/debug/_ext/1664057780/ge_448.o
LOAD build/default/debug/_ext/1664057780/ge_low_mem.o
LOAD build/default/debug/_ext/1664057780/ge_operations.o
LOAD build/default/debug/_ext/1664057780/hash.o
LOAD build/default/debug/_ext/1664057780/hc128.o
LOAD build/default/debug/_ext/1664057780/hmac.o
LOAD build/default/debug/_ext/1664057780/idea.o
LOAD build/default/debug/_ext/1664057780/integer.o
LOAD build/default/debug/_ext/1664057780/logging.o
LOAD build/default/debug/_ext/1664057780/md2.o
LOAD build/default/debug/_ext/1664057780/md4.o
LOAD build/default/debug/_ext/1664057780/md5.o
LOAD build/default/debug/_ext/1664057780/memory.o
LOAD build/default/debug/_ext/1664057780/pkcs12.o
LOAD build/default/debug/_ext/1664057780/pkcs7.o
LOAD build/default/debug/_ext/1664057780/poly1305.o
LOAD build/default/debug/_ext/1664057780/pwdbased.o
LOAD build/default/debug/_ext/1664057780/rabbit.o
LOAD build/default/debug/_ext/1664057780/rc2.o
LOAD build/default/debug/_ext/1664057780/ripemd.o
LOAD build/default/debug/_ext/1664057780/rsa.o
LOAD build/default/debug/_ext/1664057780/sha3.o
LOAD build/default/debug/_ext/1664057780/signature.o
LOAD build/default/debug/_ext/1664057780/sp_arm32.o
LOAD build/default/debug/_ext/1664057780/sp_arm64.o
LOAD build/default/debug/_ext/1664057780/sp_armthumb.o
LOAD build/default/debug/_ext/1664057780/sp_c32.o
LOAD build/default/debug/_ext/1664057780/sp_c64.o
LOAD build/default/debug/_ext/1664057780/sp_cortexm.o
LOAD build/default/debug/_ext/1664057780/sp_dsp32.o
LOAD build/default/debug/_ext/1664057780/sp_int.o
LOAD build/default/debug/_ext/1664057780/sp_x86_64.o
LOAD build/default/debug/_ext/1664057780/srp.o
LOAD build/default/debug/_ext/1664057780/tfm.o
LOAD build/default/debug/_ext/1664057780/wc_dsp.o
LOAD build/default/debug/_ext/1664057780/wc_encrypt.o
LOAD build/default/debug/_ext/1664057780/wc_pkcs11.o
LOAD build/default/debug/_ext/1664057780/wc_port.o
LOAD build/default/debug/_ext/1664057780/wolfevent.o
LOAD build/default/debug/_ext/1664057780/wolfmath.o
LOAD build/default/debug/_ext/1664057780/aes.o
LOAD build/default/debug/_ext/1664057780/des3.o
LOAD build/default/debug/_ext/1664057780/random.o
LOAD build/default/debug/_ext/1664057780/sha.o
LOAD build/default/debug/_ext/1664057780/sha256.o
LOAD build/default/debug/_ext/1664057780/sha512.o
LOAD build/default/debug/_ext/1664057780/ecc.o
LOAD build/default/debug/_ext/1360937237/main.o
LOAD build/default/debug/_ext/1360937237/app.o
LOAD build/default/debug/_ext/1664057780/misc.o
LOAD build/default/debug/_ext/1664057780/evp.o
LOAD build/default/debug/_ext/1033058136/berkeley_api.o
LOAD build/default/debug/_ext/1033058136/tcpip_announce.o
LOAD build/default/debug/_ext/1033058136/udp.o
                0x00000001                __MPLAB_BUILD = 0x1
                0x00100000                __rom_end = (ORIGIN (rom) + LENGTH (rom))
                0x20040000                __ram_end = (ORIGIN (ram) + LENGTH (ram))

.config_00804000
 *(.config_00804000)

.config_00804008
 *(.config_00804008)

.config_00804004
 *(.config_00804004)

.vectors        0x00000000      0x264
                0x00000000                . = ALIGN (0x4)
                0x00000000                _sfixed = .
 *(.vectors .vectors.* .vectors_default .vectors_default.*)
 .vectors.exception_table
                0x00000000      0x264 build/default/debug/_ext/1171490990/interrupts.o
                0x00000000                exception_table
 *(.isr_vector)
 *(.reset*)
 *(.after_vectors)

.text           0x00000264       0x20
                0x00000264                . = ALIGN (0x4)
 *(.glue_7t)
 .glue_7t       0x00000264        0x0 linker stubs
 *(.glue_7)
 .glue_7        0x00000264        0x0 linker stubs
 *(.gnu.linkonce.r.*)
 *(.ARM.extab* .gnu.linkonce.armextab.*)
                0x00000264                . = ALIGN (0x4)
 *(.init)
 .init          0x00000264        0x4 c:/program files/microchip/xc32/v4.00/bin/bin/../../lib/gcc/pic32c/8.3.1/thumb/v7e-m+fp/hard/crti.o
                0x00000264                _init
 .init          0x00000268        0x8 c:/program files/microchip/xc32/v4.00/bin/bin/../../lib/gcc/pic32c/8.3.1/thumb/v7e-m+fp/hard/crtn.o
                0x00000270                . = ALIGN (0x4)
                0x00000270                __preinit_array_start = .
 *(.preinit_array)
                0x00000270                __preinit_array_end = .
                0x00000270                . = ALIGN (0x4)
                0x00000270                __init_array_start = .
 *(SORT_BY_NAME(.init_array.*))
 *(.init_array)
 .init_array    0x00000270        0x4 c:/program files/microchip/xc32/v4.00/bin/bin/../../lib/gcc/pic32c/8.3.1/thumb/v7e-m+fp/hard/crtbegin.o
                0x00000274                __init_array_end = .
                0x00000274                . = ALIGN (0x4)
 *crtbegin.o(.ctors)
 *(EXCLUDE_FILE(*crtend.o) .ctors)
 *(SORT_BY_NAME(.ctors.*))
 *crtend.o(.ctors)
                0x00000274                . = ALIGN (0x4)
 *(.fini)
 .fini          0x00000274        0x4 c:/program files/microchip/xc32/v4.00/bin/bin/../../lib/gcc/pic32c/8.3.1/thumb/v7e-m+fp/hard/crti.o
                0x00000274                _fini
 .fini          0x00000278        0x8 c:/program files/microchip/xc32/v4.00/bin/bin/../../lib/gcc/pic32c/8.3.1/thumb/v7e-m+fp/hard/crtn.o
                0x00000280                . = ALIGN (0x4)
                0x00000280                __fini_array_start = .
 *(.fini_array)
 .fini_array    0x00000280        0x4 c:/program files/microchip/xc32/v4.00/bin/bin/../../lib/gcc/pic32c/8.3.1/thumb/v7e-m+fp/hard/crtbegin.o
 *(SORT_BY_NAME(.fini_array.*))
                0x00000284                __fini_array_end = .
 *crtbegin.o(.dtors)
 *(EXCLUDE_FILE(*crtend.o) .dtors)
 *(SORT_BY_NAME(.dtors.*))
 *crtend.o(.dtors)
                0x00000284                . = ALIGN (0x4)
                0x00000284                _efixed = .
                [!provide]                PROVIDE (__exidx_start = .)

.ARM.exidx      0x00000284        0x8
 *(.ARM.exidx* .gnu.linkonce.armexidx.*)
 .ARM.exidx     0x00000284        0x8 c:/program files/microchip/xc32/v4.00/bin/bin/../../lib/gcc/pic32c/8.3.1/thumb/v7e-m+fp/hard\libgcc.a(_udivmoddi4.o)
                [!provide]                PROVIDE (__exidx_end = .)
                0x0000028c                . = ALIGN (0x4)
                0x0000028c                _etext = .

.bss            0x20000000        0x0
                0x20000000                . = ALIGN (0x4)
                0x20000000                __bss_start__ = .
                0x20000000                _sbss = .
                0x20000000                _szero = .
 *(COMMON)
                0x20000000                . = ALIGN (0x4)
                0x20000000                __bss_end__ = .
                0x20000000                _ebss = .
                0x20000000                _ezero = .
                0x20000000                . = ALIGN (0x4)
                0x20000000                _end = .
                0x2003ffff                _ram_end_ = ((ORIGIN (ram) + LENGTH (ram)) - 0x1)

.bkupram_bss
 *(.bkupram_bss .bkupram_bss.*)
 *(.pbss .pbss.*)
                0x00000001                __ICD2RAM = 0x1
                0x00000001                __MPLAB_DEBUG = 0x1
                0x00000001                __DEBUG = 0x1
                0x000186a0                _min_heap_size = 0x186a0
START GROUP
LOAD c:/program files/microchip/xc32/v4.00/bin/bin/../../lib/gcc/pic32c/8.3.1/../../../../pic32c/lib/thumb/v7e-m+fp/hard\libpic32c.a
LOAD c:/program files/microchip/xc32/v4.00/bin/bin/../../lib/gcc/pic32c/8.3.1/../../../../pic32c/lib/thumb/v7e-m+fp/hard\libm-emfloat.a
LOAD c:/program files/microchip/xc32/v4.00/bin/bin/../../lib/gcc/pic32c/8.3.1/../../../../pic32c/lib/thumb/v7e-m+fp/hard\libg-musl.a
LOAD c:/program files/microchip/xc32/v4.00/bin/bin/../../lib/gcc/pic32c/8.3.1/../../../../pic32c/lib/thumb/v7e-m+fp/hard\libc-musl.a
LOAD c:/program files/microchip/xc32/v4.00/bin/bin/../../lib/gcc/pic32c/8.3.1/../../../../pic32c/lib/thumb/v7e-m+fp/hard\libm-emfloat.a
LOAD c:/program files/microchip/xc32/v4.00/bin/bin/../../lib/gcc/pic32c/8.3.1/thumb/v7e-m+fp/hard\libgcc.a
END GROUP
LOAD c:/program files/microchip/xc32/v4.00/bin/bin/../../lib/gcc/pic32c/8.3.1/thumb/v7e-m+fp/hard/crtend.o
LOAD c:/program files/microchip/xc32/v4.00/bin/bin/../../lib/gcc/pic32c/8.3.1/thumb/v7e-m+fp/hard/crtn.o
OUTPUT(dist/default/debug/same54_cu_tcpip.X.debug.elf elf32-littlearm)
LOAD stack
LOAD data_init

.ARM.attributes
                0x00000000       0x32
 .ARM.attributes
                0x00000000       0x1e c:/program files/microchip/xc32/v4.00/bin/bin/../../lib/gcc/pic32c/8.3.1/thumb/v7e-m+fp/hard/crti.o
 .ARM.attributes
                0x0000001e       0x34 c:/program files/microchip/xc32/v4.00/bin/bin/../../lib/gcc/pic32c/8.3.1/thumb/v7e-m+fp/hard/crtbegin.o
 .ARM.attributes
                0x00000052       0x34 build/default/debug/_ext/444070925/drv_ethphy.o
 .ARM.attributes
                0x00000086       0x34 build/default/debug/_ext/444070925/drv_extphy_ksz8061.o
 .ARM.attributes
                0x000000ba       0x34 build/default/debug/_ext/1546807373/drv_gmac.o
 .ARM.attributes
                0x000000ee       0x34 build/default/debug/_ext/1546807373/drv_gmac_lib_samE5x.o
 .ARM.attributes
                0x00000122       0x34 build/default/debug/_ext/438849557/drv_miim.o
 .ARM.attributes
                0x00000156       0x34 build/default/debug/_ext/20954303/drv_sdmmc_file_system.o
 .ARM.attributes
                0x0000018a       0x34 build/default/debug/_ext/20954303/drv_sdmmc.o
 .ARM.attributes
                0x000001be       0x34 build/default/debug/_ext/1751889202/sys_fs_shell.o
 .ARM.attributes
                0x000001f2       0x34 build/default/debug/_ext/1033058136/helpers.o
 .ARM.attributes
                0x00000226       0x34 build/default/debug/_ext/1033058136/tcp.o
 .ARM.attributes
                0x0000025a       0x34 build/default/debug/_ext/1033058136/arp.o
 .ARM.attributes
                0x0000028e       0x34 build/default/debug/_ext/1033058136/ipv4.o
 .ARM.attributes
                0x000002c2       0x34 build/default/debug/_ext/1033058136/tcpip_heap_alloc.o
 .ARM.attributes
                0x000002f6       0x34 build/default/debug/_ext/1033058136/tcpip_heap_internal.o
 .ARM.attributes
                0x0000032a       0x34 build/default/debug/_ext/1033058136/dns.o
 .ARM.attributes
                0x0000035e       0x34 build/default/debug/_ext/1033058136/hash_fnv.o
 .ARM.attributes
                0x00000392       0x34 build/default/debug/_ext/1033058136/oahash.o
 .ARM.attributes
                0x000003c6       0x34 build/default/debug/_ext/1033058136/tcpip_helpers.o
 .ARM.attributes
                0x000003fa       0x34 build/default/debug/_ext/1033058136/tcpip_manager.o
 .ARM.attributes
                0x0000042e       0x34 build/default/debug/_ext/1033058136/tcpip_notify.o
 .ARM.attributes
                0x00000462       0x34 build/default/debug/_ext/1033058136/tcpip_packet.o
 .ARM.attributes
                0x00000496       0x34 build/default/debug/_ext/1033058136/ftp.o
 .ARM.attributes
                0x000004ca       0x34 build/default/debug/_ext/1033058136/icmp.o
 .ARM.attributes
                0x000004fe       0x34 build/default/debug/_ext/1508031553/net_pres.o
 .ARM.attributes
                0x00000532       0x34 build/default/debug/_ext/1984496892/plib_clock.o
 .ARM.attributes
                0x00000566       0x34 build/default/debug/_ext/1986646378/plib_evsys.o
 .ARM.attributes
                0x0000059a       0x34 build/default/debug/_ext/1865468468/plib_nvic.o
 .ARM.attributes
                0x000005ce       0x34 build/default/debug/_ext/1593096446/plib_nvmctrl.o
 .ARM.attributes
                0x00000602       0x34 build/default/debug/_ext/1865521619/plib_port.o
 .ARM.attributes
                0x00000636       0x34 build/default/debug/_ext/1865600094/plib_sdhc1.o
 .ARM.attributes
                0x0000066a       0x34 build/default/debug/_ext/504274921/plib_sercom1_usart.o
 .ARM.attributes
                0x0000069e       0x34 build/default/debug/_ext/829342655/plib_tc0.o
 .ARM.attributes
                0x000006d2       0x34 build/default/debug/_ext/1832805299/sys_console.o
 .ARM.attributes
                0x00000706       0x34 build/default/debug/_ext/1832805299/sys_console_uart.o
 .ARM.attributes
                0x0000073a       0x34 build/default/debug/_ext/944882569/sys_debug.o
 .ARM.attributes
                0x0000076e       0x34 build/default/debug/_ext/411819097/ff.o
 .ARM.attributes
                0x000007a2       0x34 build/default/debug/_ext/411819097/ffunicode.o
 .ARM.attributes
                0x000007d6       0x34 build/default/debug/_ext/565198302/diskio.o
 .ARM.attributes
                0x0000080a       0x34 build/default/debug/_ext/1269487135/sys_fs.o
 .ARM.attributes
                0x0000083e       0x34 build/default/debug/_ext/1269487135/sys_fs_media_manager.o
 .ARM.attributes
                0x00000872       0x34 build/default/debug/_ext/1269487135/sys_fs_fat_interface.o
 .ARM.attributes
                0x000008a6       0x34 build/default/debug/_ext/1881668453/sys_int.o
 .ARM.attributes
                0x000008da       0x34 build/default/debug/_ext/101884895/sys_time.o
 .ARM.attributes
                0x0000090e       0x34 build/default/debug/_ext/753841488/sys_time_h2_adapter.o
 .ARM.attributes
                0x00000942       0x34 build/default/debug/_ext/1171490990/initialization.o
 .ARM.attributes
                0x00000976       0x34 build/default/debug/_ext/1171490990/interrupts.o
 .ARM.attributes
                0x000009aa       0x34 build/default/debug/_ext/1171490990/exceptions.o
 .ARM.attributes
                0x000009de       0x34 build/default/debug/_ext/1171490990/startup_xc32.o
 .ARM.attributes
                0x00000a12       0x34 build/default/debug/_ext/1171490990/tasks.o
 .ARM.attributes
                0x00000a46       0x34 build/default/debug/_ext/172253694/crypt_wolfcryptcb.o
 .ARM.attributes
                0x00000a7a       0x34 build/default/debug/_ext/1664057780/cryptocb.o
 .ARM.attributes
                0x00000aae       0x34 build/default/debug/_ext/1360937237/main.o
 .ARM.attributes
                0x00000ae2       0x34 build/default/debug/_ext/1360937237/app.o
 .ARM.attributes
                0x00000b16       0x34 build/default/debug/_ext/1033058136/berkeley_api.o
 .ARM.attributes
                0x00000b4a       0x34 build/default/debug/_ext/1033058136/tcpip_announce.o
 .ARM.attributes
                0x00000b7e       0x34 build/default/debug/_ext/1033058136/udp.o
 .ARM.attributes
                0x00000bb2       0x34 c:/program files/microchip/xc32/v4.00/bin/bin/../../lib/gcc/pic32c/8.3.1/../../../../pic32c/lib/thumb/v7e-m+fp/hard\libpic32c.a(data_init.o)
 .ARM.attributes
                0x00000be6       0x36 c:/program files/microchip/xc32/v4.00/bin/bin/../../lib/gcc/pic32c/8.3.1/../../../../pic32c/lib/thumb/v7e-m+fp/hard\libg-musl.a(isxdigit.o)
 .ARM.attributes
                0x00000c1c       0x36 c:/program files/microchip/xc32/v4.00/bin/bin/../../lib/gcc/pic32c/8.3.1/../../../../pic32c/lib/thumb/v7e-m+fp/hard\libg-musl.a(tolower.o)
 .ARM.attributes
                0x00000c52       0x36 c:/program files/microchip/xc32/v4.00/bin/bin/../../lib/gcc/pic32c/8.3.1/../../../../pic32c/lib/thumb/v7e-m+fp/hard\libg-musl.a(toupper.o)
 .ARM.attributes
                0x00000c88       0x36 c:/program files/microchip/xc32/v4.00/bin/bin/../../lib/gcc/pic32c/8.3.1/../../../../pic32c/lib/thumb/v7e-m+fp/hard\libg-musl.a(__libc_start_main.o)
 .ARM.attributes
                0x00000cbe       0x34 c:/program files/microchip/xc32/v4.00/bin/bin/../../lib/gcc/pic32c/8.3.1/../../../../pic32c/lib/thumb/v7e-m+fp/hard\libg-musl.a(__errno_location.o)
 .ARM.attributes
                0x00000cf2       0x34 c:/program files/microchip/xc32/v4.00/bin/bin/../../lib/gcc/pic32c/8.3.1/../../../../pic32c/lib/thumb/v7e-m+fp/hard\libg-musl.a(libc.o)
 .ARM.attributes
                0x00000d26       0x36 c:/program files/microchip/xc32/v4.00/bin/bin/../../lib/gcc/pic32c/8.3.1/../../../../pic32c/lib/thumb/v7e-m+fp/hard\libg-musl.a(calloc.o)
 .ARM.attributes
                0x00000d5c       0x36 c:/program files/microchip/xc32/v4.00/bin/bin/../../lib/gcc/pic32c/8.3.1/../../../../pic32c/lib/thumb/v7e-m+fp/hard\libg-musl.a(malloc.o)
 .ARM.attributes
                0x00000d92       0x36 c:/program files/microchip/xc32/v4.00/bin/bin/../../lib/gcc/pic32c/8.3.1/../../../../pic32c/lib/thumb/v7e-m+fp/hard\libg-musl.a(expand_heap.o)
 .ARM.attributes
                0x00000dc8       0x36 c:/program files/microchip/xc32/v4.00/bin/bin/../../lib/gcc/pic32c/8.3.1/../../../../pic32c/lib/thumb/v7e-m+fp/hard\libg-musl.a(rand.o)
 .ARM.attributes
                0x00000dfe       0x36 c:/program files/microchip/xc32/v4.00/bin/bin/../../lib/gcc/pic32c/8.3.1/../../../../pic32c/lib/thumb/v7e-m+fp/hard\libg-musl.a(vsnprintf.o)
 .ARM.attributes
                0x00000e34       0x36 c:/program files/microchip/xc32/v4.00/bin/bin/../../lib/gcc/pic32c/8.3.1/../../../../pic32c/lib/thumb/v7e-m+fp/hard\libg-musl.a(snprintf.o)
 .ARM.attributes
                0x00000e6a       0x36 c:/program files/microchip/xc32/v4.00/bin/bin/../../lib/gcc/pic32c/8.3.1/../../../../pic32c/lib/thumb/v7e-m+fp/hard\libg-musl.a(sprintf.o)
 .ARM.attributes
                0x00000ea0       0x36 c:/program files/microchip/xc32/v4.00/bin/bin/../../lib/gcc/pic32c/8.3.1/../../../../pic32c/lib/thumb/v7e-m+fp/hard\libg-musl.a(vsprintf.o)
 .ARM.attributes
                0x00000ed6       0x36 c:/program files/microchip/xc32/v4.00/bin/bin/../../lib/gcc/pic32c/8.3.1/../../../../pic32c/lib/thumb/v7e-m+fp/hard\libg-musl.a(atoi.o)
 .ARM.attributes
                0x00000f0c       0x36 c:/program files/microchip/xc32/v4.00/bin/bin/../../lib/gcc/pic32c/8.3.1/../../../../pic32c/lib/thumb/v7e-m+fp/hard\libg-musl.a(memcmp.o)
 .ARM.attributes
                0x00000f42       0x36 c:/program files/microchip/xc32/v4.00/bin/bin/../../lib/gcc/pic32c/8.3.1/../../../../pic32c/lib/thumb/v7e-m+fp/hard\libg-musl.a(memcpy.o)
 .ARM.attributes
                0x00000f78       0x36 c:/program files/microchip/xc32/v4.00/bin/bin/../../lib/gcc/pic32c/8.3.1/../../../../pic32c/lib/thumb/v7e-m+fp/hard\libg-musl.a(memset.o)
 .ARM.attributes
                0x00000fae       0x36 c:/program files/microchip/xc32/v4.00/bin/bin/../../lib/gcc/pic32c/8.3.1/../../../../pic32c/lib/thumb/v7e-m+fp/hard\libg-musl.a(strlen.o)
 .ARM.attributes
                0x00000fe4       0x36 c:/program files/microchip/xc32/v4.00/bin/bin/../../lib/gcc/pic32c/8.3.1/../../../../pic32c/lib/thumb/v7e-m+fp/hard\libg-musl.a(strstr.o)
 .ARM.attributes
                0x0000101a       0x36 c:/program files/microchip/xc32/v4.00/bin/bin/../../lib/gcc/pic32c/8.3.1/../../../../pic32c/lib/thumb/v7e-m+fp/hard\libg-musl.a(strchr.o)
 .ARM.attributes
                0x00001050       0x36 c:/program files/microchip/xc32/v4.00/bin/bin/../../lib/gcc/pic32c/8.3.1/../../../../pic32c/lib/thumb/v7e-m+fp/hard\libg-musl.a(strchrnul.o)
 .ARM.attributes
                0x00001086       0x36 c:/program files/microchip/xc32/v4.00/bin/bin/../../lib/gcc/pic32c/8.3.1/../../../../pic32c/lib/thumb/v7e-m+fp/hard\libg-musl.a(strcmp.o)
 .ARM.attributes
                0x000010bc       0x36 c:/program files/microchip/xc32/v4.00/bin/bin/../../lib/gcc/pic32c/8.3.1/../../../../pic32c/lib/thumb/v7e-m+fp/hard\libg-musl.a(strcpy.o)
 .ARM.attributes
                0x000010f2       0x36 c:/program files/microchip/xc32/v4.00/bin/bin/../../lib/gcc/pic32c/8.3.1/../../../../pic32c/lib/thumb/v7e-m+fp/hard\libg-musl.a(strncmp.o)
 .ARM.attributes
                0x00001128       0x36 c:/program files/microchip/xc32/v4.00/bin/bin/../../lib/gcc/pic32c/8.3.1/../../../../pic32c/lib/thumb/v7e-m+fp/hard\libg-musl.a(strncpy.o)
 .ARM.attributes
                0x0000115e       0x34 c:/program files/microchip/xc32/v4.00/bin/bin/../../lib/gcc/pic32c/8.3.1/../../../../pic32c/lib/thumb/v7e-m+fp/hard\libg-musl.a(__environ.o)
 .ARM.attributes
                0x00001192       0x36 c:/program files/microchip/xc32/v4.00/bin/bin/../../lib/gcc/pic32c/8.3.1/../../../../pic32c/lib/thumb/v7e-m+fp/hard\libg-musl.a(vfprintf.o)
 .ARM.attributes
                0x000011c8       0x36 c:/program files/microchip/xc32/v4.00/bin/bin/../../lib/gcc/pic32c/8.3.1/../../../../pic32c/lib/thumb/v7e-m+fp/hard\libg-musl.a(stpcpy.o)
 .ARM.attributes
                0x000011fe       0x36 c:/program files/microchip/xc32/v4.00/bin/bin/../../lib/gcc/pic32c/8.3.1/../../../../pic32c/lib/thumb/v7e-m+fp/hard\libg-musl.a(stpncpy.o)
 .ARM.attributes
                0x00001234       0x36 c:/program files/microchip/xc32/v4.00/bin/bin/../../lib/gcc/pic32c/8.3.1/../../../../pic32c/lib/thumb/v7e-m+fp/hard\libg-musl.a(__printf_core.o)
 .ARM.attributes
                0x0000126a       0x36 c:/program files/microchip/xc32/v4.00/bin/bin/../../lib/gcc/pic32c/8.3.1/../../../../pic32c/lib/thumb/v7e-m+fp/hard\libg-musl.a(__fmt_a.o)
 .ARM.attributes
                0x000012a0       0x36 c:/program files/microchip/xc32/v4.00/bin/bin/../../lib/gcc/pic32c/8.3.1/../../../../pic32c/lib/thumb/v7e-m+fp/hard\libg-musl.a(__fmt_d.o)
 .ARM.attributes
                0x000012d6       0x36 c:/program files/microchip/xc32/v4.00/bin/bin/../../lib/gcc/pic32c/8.3.1/../../../../pic32c/lib/thumb/v7e-m+fp/hard\libg-musl.a(__fmt_fp.o)
 .ARM.attributes
                0x0000130c       0x36 c:/program files/microchip/xc32/v4.00/bin/bin/../../lib/gcc/pic32c/8.3.1/../../../../pic32c/lib/thumb/v7e-m+fp/hard\libg-musl.a(__fmt_o.o)
 .ARM.attributes
                0x00001342       0x36 c:/program files/microchip/xc32/v4.00/bin/bin/../../lib/gcc/pic32c/8.3.1/../../../../pic32c/lib/thumb/v7e-m+fp/hard\libg-musl.a(__fmt_s.o)
 .ARM.attributes
                0x00001378       0x36 c:/program files/microchip/xc32/v4.00/bin/bin/../../lib/gcc/pic32c/8.3.1/../../../../pic32c/lib/thumb/v7e-m+fp/hard\libg-musl.a(__fmt_u.o)
 .ARM.attributes
                0x000013ae       0x36 c:/program files/microchip/xc32/v4.00/bin/bin/../../lib/gcc/pic32c/8.3.1/../../../../pic32c/lib/thumb/v7e-m+fp/hard\libg-musl.a(__fmt_x.o)
 .ARM.attributes
                0x000013e4       0x36 c:/program files/microchip/xc32/v4.00/bin/bin/../../lib/gcc/pic32c/8.3.1/../../../../pic32c/lib/thumb/v7e-m+fp/hard\libg-musl.a(__pop_float.o)
 .ARM.attributes
                0x0000141a       0x36 c:/program files/microchip/xc32/v4.00/bin/bin/../../lib/gcc/pic32c/8.3.1/../../../../pic32c/lib/thumb/v7e-m+fp/hard\libg-musl.a(__pop_int.o)
 .ARM.attributes
                0x00001450       0x36 c:/program files/microchip/xc32/v4.00/bin/bin/../../lib/gcc/pic32c/8.3.1/../../../../pic32c/lib/thumb/v7e-m+fp/hard\libg-musl.a(__pop_ptr.o)
 .ARM.attributes
                0x00001486       0x34 c:/program files/microchip/xc32/v4.00/bin/bin/../../lib/gcc/pic32c/8.3.1/../../../../pic32c/lib/thumb/v7e-m+fp/hard\libm-emfloat.a(lib_a-_FLOOR.o)
 .ARM.attributes
                0x000014ba       0x34 c:/program files/microchip/xc32/v4.00/bin/bin/../../lib/gcc/pic32c/8.3.1/../../../../pic32c/lib/thumb/v7e-m+fp/hard\libm-emfloat.a(lib_a-_FMA.o)
 .ARM.attributes
                0x000014ee       0x20 c:/program files/microchip/xc32/v4.00/bin/bin/../../lib/gcc/pic32c/8.3.1/../../../../pic32c/lib/thumb/v7e-m+fp/hard\libm-emfloat.a(floatasmops_arm.o)
 .ARM.attributes
                0x0000150e       0x1e c:/program files/microchip/xc32/v4.00/bin/bin/../../lib/gcc/pic32c/8.3.1/thumb/v7e-m+fp/hard\libgcc.a(_aeabi_uldivmod.o)
 .ARM.attributes
                0x0000152c       0x34 c:/program files/microchip/xc32/v4.00/bin/bin/../../lib/gcc/pic32c/8.3.1/thumb/v7e-m+fp/hard\libgcc.a(_udivmoddi4.o)
 .ARM.attributes
                0x00001560       0x1e c:/program files/microchip/xc32/v4.00/bin/bin/../../lib/gcc/pic32c/8.3.1/thumb/v7e-m+fp/hard\libgcc.a(_dvmd_tls.o)
 .ARM.attributes
                0x0000157e       0x34 c:/program files/microchip/xc32/v4.00/bin/bin/../../lib/gcc/pic32c/8.3.1/../../../../pic32c/lib/thumb/v7e-m+fp/hard\libpic32c.a(sbrk.o)
 .ARM.attributes
                0x000015b2       0x1e c:/program files/microchip/xc32/v4.00/bin/bin/../../lib/gcc/pic32c/8.3.1/thumb/v7e-m+fp/hard/crtn.o

.comment        0x00000000       0x53
 .comment       0x00000000       0x53 c:/program files/microchip/xc32/v4.00/bin/bin/../../lib/gcc/pic32c/8.3.1/thumb/v7e-m+fp/hard/crtbegin.o
                                 0x54 (size before relaxing)
 .comment       0x00000053       0x54 build/default/debug/_ext/444070925/drv_ethphy.o
 .comment       0x00000053       0x54 build/default/debug/_ext/444070925/drv_extphy_ksz8061.o
 .comment       0x00000053       0x54 build/default/debug/_ext/1546807373/drv_gmac.o
 .comment       0x00000053       0x54 build/default/debug/_ext/1546807373/drv_gmac_lib_samE5x.o
 .comment       0x00000053       0x54 build/default/debug/_ext/438849557/drv_miim.o
 .comment       0x00000053       0x54 build/default/debug/_ext/20954303/drv_sdmmc_file_system.o
 .comment       0x00000053       0x54 build/default/debug/_ext/20954303/drv_sdmmc.o
 .comment       0x00000053       0x54 build/default/debug/_ext/1751889202/sys_fs_shell.o
 .comment       0x00000053       0x54 build/default/debug/_ext/1033058136/helpers.o
 .comment       0x00000053       0x54 build/default/debug/_ext/1033058136/tcp.o
 .comment       0x00000053       0x54 build/default/debug/_ext/1033058136/arp.o
 .comment       0x00000053       0x54 build/default/debug/_ext/1033058136/ipv4.o
 .comment       0x00000053       0x54 build/default/debug/_ext/1033058136/tcpip_heap_alloc.o
 .comment       0x00000053       0x54 build/default/debug/_ext/1033058136/tcpip_heap_internal.o
 .comment       0x00000053       0x54 build/default/debug/_ext/1033058136/dns.o
 .comment       0x00000053       0x54 build/default/debug/_ext/1033058136/hash_fnv.o
 .comment       0x00000053       0x54 build/default/debug/_ext/1033058136/oahash.o
 .comment       0x00000053       0x54 build/default/debug/_ext/1033058136/tcpip_helpers.o
 .comment       0x00000053       0x54 build/default/debug/_ext/1033058136/tcpip_manager.o
 .comment       0x00000053       0x54 build/default/debug/_ext/1033058136/tcpip_notify.o
 .comment       0x00000053       0x54 build/default/debug/_ext/1033058136/tcpip_packet.o
 .comment       0x00000053       0x54 build/default/debug/_ext/1033058136/ftp.o
 .comment       0x00000053       0x54 build/default/debug/_ext/1033058136/icmp.o
 .comment       0x00000053       0x54 build/default/debug/_ext/1508031553/net_pres.o
 .comment       0x00000053       0x54 build/default/debug/_ext/1984496892/plib_clock.o
 .comment       0x00000053       0x54 build/default/debug/_ext/1986646378/plib_evsys.o
 .comment       0x00000053       0x54 build/default/debug/_ext/1865468468/plib_nvic.o
 .comment       0x00000053       0x54 build/default/debug/_ext/1593096446/plib_nvmctrl.o
 .comment       0x00000053       0x54 build/default/debug/_ext/1865521619/plib_port.o
 .comment       0x00000053       0x54 build/default/debug/_ext/1865600094/plib_sdhc1.o
 .comment       0x00000053       0x54 build/default/debug/_ext/504274921/plib_sercom1_usart.o
 .comment       0x00000053       0x54 build/default/debug/_ext/829342655/plib_tc0.o
 .comment       0x00000053       0x54 build/default/debug/_ext/1832805299/sys_console.o
 .comment       0x00000053       0x54 build/default/debug/_ext/1832805299/sys_console_uart.o
 .comment       0x00000053       0x54 build/default/debug/_ext/944882569/sys_debug.o
 .comment       0x00000053       0x54 build/default/debug/_ext/411819097/ff.o
 .comment       0x00000053       0x54 build/default/debug/_ext/411819097/ffunicode.o
 .comment       0x00000053       0x54 build/default/debug/_ext/565198302/diskio.o
 .comment       0x00000053       0x54 build/default/debug/_ext/1269487135/sys_fs.o
 .comment       0x00000053       0x54 build/default/debug/_ext/1269487135/sys_fs_media_manager.o
 .comment       0x00000053       0x54 build/default/debug/_ext/1269487135/sys_fs_fat_interface.o
 .comment       0x00000053       0x54 build/default/debug/_ext/1881668453/sys_int.o
 .comment       0x00000053       0x54 build/default/debug/_ext/101884895/sys_time.o
 .comment       0x00000053       0x54 build/default/debug/_ext/753841488/sys_time_h2_adapter.o
 .comment       0x00000053       0x54 build/default/debug/_ext/1171490990/initialization.o
 .comment       0x00000053       0x54 build/default/debug/_ext/1171490990/interrupts.o
 .comment       0x00000053       0x54 build/default/debug/_ext/1171490990/exceptions.o
 .comment       0x00000053       0x54 build/default/debug/_ext/1171490990/startup_xc32.o
 .comment       0x00000053       0x54 build/default/debug/_ext/1171490990/tasks.o
 .comment       0x00000053       0x54 build/default/debug/_ext/172253694/crypt_wolfcryptcb.o
 .comment       0x00000053       0x54 build/default/debug/_ext/1664057780/cryptocb.o
 .comment       0x00000053       0x54 build/default/debug/_ext/1360937237/main.o
 .comment       0x00000053       0x54 build/default/debug/_ext/1360937237/app.o
 .comment       0x00000053       0x54 build/default/debug/_ext/1033058136/berkeley_api.o
 .comment       0x00000053       0x54 build/default/debug/_ext/1033058136/tcpip_announce.o
 .comment       0x00000053       0x54 build/default/debug/_ext/1033058136/udp.o
 .comment       0x00000053       0x54 c:/program files/microchip/xc32/v4.00/bin/bin/../../lib/gcc/pic32c/8.3.1/../../../../pic32c/lib/thumb/v7e-m+fp/hard\libpic32c.a(data_init.o)
 .comment       0x00000053       0x54 c:/program files/microchip/xc32/v4.00/bin/bin/../../lib/gcc/pic32c/8.3.1/../../../../pic32c/lib/thumb/v7e-m+fp/hard\libg-musl.a(isxdigit.o)
 .comment       0x00000053       0x54 c:/program files/microchip/xc32/v4.00/bin/bin/../../lib/gcc/pic32c/8.3.1/../../../../pic32c/lib/thumb/v7e-m+fp/hard\libg-musl.a(tolower.o)
 .comment       0x00000053       0x54 c:/program files/microchip/xc32/v4.00/bin/bin/../../lib/gcc/pic32c/8.3.1/../../../../pic32c/lib/thumb/v7e-m+fp/hard\libg-musl.a(toupper.o)
 .comment       0x00000053       0x54 c:/program files/microchip/xc32/v4.00/bin/bin/../../lib/gcc/pic32c/8.3.1/../../../../pic32c/lib/thumb/v7e-m+fp/hard\libg-musl.a(__libc_start_main.o)
 .comment       0x00000053       0x54 c:/program files/microchip/xc32/v4.00/bin/bin/../../lib/gcc/pic32c/8.3.1/../../../../pic32c/lib/thumb/v7e-m+fp/hard\libg-musl.a(__errno_location.o)
 .comment       0x00000053       0x54 c:/program files/microchip/xc32/v4.00/bin/bin/../../lib/gcc/pic32c/8.3.1/../../../../pic32c/lib/thumb/v7e-m+fp/hard\libg-musl.a(libc.o)
 .comment       0x00000053       0x54 c:/program files/microchip/xc32/v4.00/bin/bin/../../lib/gcc/pic32c/8.3.1/../../../../pic32c/lib/thumb/v7e-m+fp/hard\libg-musl.a(calloc.o)
 .comment       0x00000053       0x54 c:/program files/microchip/xc32/v4.00/bin/bin/../../lib/gcc/pic32c/8.3.1/../../../../pic32c/lib/thumb/v7e-m+fp/hard\libg-musl.a(malloc.o)
 .comment       0x00000053       0x54 c:/program files/microchip/xc32/v4.00/bin/bin/../../lib/gcc/pic32c/8.3.1/../../../../pic32c/lib/thumb/v7e-m+fp/hard\libg-musl.a(expand_heap.o)
 .comment       0x00000053       0x54 c:/program files/microchip/xc32/v4.00/bin/bin/../../lib/gcc/pic32c/8.3.1/../../../../pic32c/lib/thumb/v7e-m+fp/hard\libg-musl.a(rand.o)
 .comment       0x00000053       0x54 c:/program files/microchip/xc32/v4.00/bin/bin/../../lib/gcc/pic32c/8.3.1/../../../../pic32c/lib/thumb/v7e-m+fp/hard\libg-musl.a(vsnprintf.o)
 .comment       0x00000053       0x54 c:/program files/microchip/xc32/v4.00/bin/bin/../../lib/gcc/pic32c/8.3.1/../../../../pic32c/lib/thumb/v7e-m+fp/hard\libg-musl.a(snprintf.o)
 .comment       0x00000053       0x54 c:/program files/microchip/xc32/v4.00/bin/bin/../../lib/gcc/pic32c/8.3.1/../../../../pic32c/lib/thumb/v7e-m+fp/hard\libg-musl.a(sprintf.o)
 .comment       0x00000053       0x54 c:/program files/microchip/xc32/v4.00/bin/bin/../../lib/gcc/pic32c/8.3.1/../../../../pic32c/lib/thumb/v7e-m+fp/hard\libg-musl.a(vsprintf.o)
 .comment       0x00000053       0x54 c:/program files/microchip/xc32/v4.00/bin/bin/../../lib/gcc/pic32c/8.3.1/../../../../pic32c/lib/thumb/v7e-m+fp/hard\libg-musl.a(atoi.o)
 .comment       0x00000053       0x54 c:/program files/microchip/xc32/v4.00/bin/bin/../../lib/gcc/pic32c/8.3.1/../../../../pic32c/lib/thumb/v7e-m+fp/hard\libg-musl.a(memcmp.o)
 .comment       0x00000053       0x54 c:/program files/microchip/xc32/v4.00/bin/bin/../../lib/gcc/pic32c/8.3.1/../../../../pic32c/lib/thumb/v7e-m+fp/hard\libg-musl.a(memcpy.o)
 .comment       0x00000053       0x54 c:/program files/microchip/xc32/v4.00/bin/bin/../../lib/gcc/pic32c/8.3.1/../../../../pic32c/lib/thumb/v7e-m+fp/hard\libg-musl.a(memset.o)
 .comment       0x00000053       0x54 c:/program files/microchip/xc32/v4.00/bin/bin/../../lib/gcc/pic32c/8.3.1/../../../../pic32c/lib/thumb/v7e-m+fp/hard\libg-musl.a(strlen.o)
 .comment       0x00000053       0x54 c:/program files/microchip/xc32/v4.00/bin/bin/../../lib/gcc/pic32c/8.3.1/../../../../pic32c/lib/thumb/v7e-m+fp/hard\libg-musl.a(strstr.o)
 .comment       0x00000053       0x54 c:/program files/microchip/xc32/v4.00/bin/bin/../../lib/gcc/pic32c/8.3.1/../../../../pic32c/lib/thumb/v7e-m+fp/hard\libg-musl.a(strchr.o)
 .comment       0x00000053       0x54 c:/program files/microchip/xc32/v4.00/bin/bin/../../lib/gcc/pic32c/8.3.1/../../../../pic32c/lib/thumb/v7e-m+fp/hard\libg-musl.a(strchrnul.o)
 .comment       0x00000053       0x54 c:/program files/microchip/xc32/v4.00/bin/bin/../../lib/gcc/pic32c/8.3.1/../../../../pic32c/lib/thumb/v7e-m+fp/hard\libg-musl.a(strcmp.o)
 .comment       0x00000053       0x54 c:/program files/microchip/xc32/v4.00/bin/bin/../../lib/gcc/pic32c/8.3.1/../../../../pic32c/lib/thumb/v7e-m+fp/hard\libg-musl.a(strcpy.o)
 .comment       0x00000053       0x54 c:/program files/microchip/xc32/v4.00/bin/bin/../../lib/gcc/pic32c/8.3.1/../../../../pic32c/lib/thumb/v7e-m+fp/hard\libg-musl.a(strncmp.o)
 .comment       0x00000053       0x54 c:/program files/microchip/xc32/v4.00/bin/bin/../../lib/gcc/pic32c/8.3.1/../../../../pic32c/lib/thumb/v7e-m+fp/hard\libg-musl.a(strncpy.o)
 .comment       0x00000053       0x54 c:/program files/microchip/xc32/v4.00/bin/bin/../../lib/gcc/pic32c/8.3.1/../../../../pic32c/lib/thumb/v7e-m+fp/hard\libg-musl.a(__environ.o)
 .comment       0x00000053       0x54 c:/program files/microchip/xc32/v4.00/bin/bin/../../lib/gcc/pic32c/8.3.1/../../../../pic32c/lib/thumb/v7e-m+fp/hard\libg-musl.a(vfprintf.o)
 .comment       0x00000053       0x54 c:/program files/microchip/xc32/v4.00/bin/bin/../../lib/gcc/pic32c/8.3.1/../../../../pic32c/lib/thumb/v7e-m+fp/hard\libg-musl.a(stpcpy.o)
 .comment       0x00000053       0x54 c:/program files/microchip/xc32/v4.00/bin/bin/../../lib/gcc/pic32c/8.3.1/../../../../pic32c/lib/thumb/v7e-m+fp/hard\libg-musl.a(stpncpy.o)
 .comment       0x00000053       0x54 c:/program files/microchip/xc32/v4.00/bin/bin/../../lib/gcc/pic32c/8.3.1/../../../../pic32c/lib/thumb/v7e-m+fp/hard\libg-musl.a(__printf_core.o)
 .comment       0x00000053       0x54 c:/program files/microchip/xc32/v4.00/bin/bin/../../lib/gcc/pic32c/8.3.1/../../../../pic32c/lib/thumb/v7e-m+fp/hard\libg-musl.a(__fmt_a.o)
 .comment       0x00000053       0x54 c:/program files/microchip/xc32/v4.00/bin/bin/../../lib/gcc/pic32c/8.3.1/../../../../pic32c/lib/thumb/v7e-m+fp/hard\libg-musl.a(__fmt_d.o)
 .comment       0x00000053       0x54 c:/program files/microchip/xc32/v4.00/bin/bin/../../lib/gcc/pic32c/8.3.1/../../../../pic32c/lib/thumb/v7e-m+fp/hard\libg-musl.a(__fmt_fp.o)
 .comment       0x00000053       0x54 c:/program files/microchip/xc32/v4.00/bin/bin/../../lib/gcc/pic32c/8.3.1/../../../../pic32c/lib/thumb/v7e-m+fp/hard\libg-musl.a(__fmt_o.o)
 .comment       0x00000053       0x54 c:/program files/microchip/xc32/v4.00/bin/bin/../../lib/gcc/pic32c/8.3.1/../../../../pic32c/lib/thumb/v7e-m+fp/hard\libg-musl.a(__fmt_s.o)
 .comment       0x00000053       0x54 c:/program files/microchip/xc32/v4.00/bin/bin/../../lib/gcc/pic32c/8.3.1/../../../../pic32c/lib/thumb/v7e-m+fp/hard\libg-musl.a(__fmt_u.o)
 .comment       0x00000053       0x54 c:/program files/microchip/xc32/v4.00/bin/bin/../../lib/gcc/pic32c/8.3.1/../../../../pic32c/lib/thumb/v7e-m+fp/hard\libg-musl.a(__fmt_x.o)
 .comment       0x00000053       0x54 c:/program files/microchip/xc32/v4.00/bin/bin/../../lib/gcc/pic32c/8.3.1/../../../../pic32c/lib/thumb/v7e-m+fp/hard\libg-musl.a(__pop_float.o)
 .comment       0x00000053       0x54 c:/program files/microchip/xc32/v4.00/bin/bin/../../lib/gcc/pic32c/8.3.1/../../../../pic32c/lib/thumb/v7e-m+fp/hard\libg-musl.a(__pop_int.o)
 .comment       0x00000053       0x54 c:/program files/microchip/xc32/v4.00/bin/bin/../../lib/gcc/pic32c/8.3.1/../../../../pic32c/lib/thumb/v7e-m+fp/hard\libg-musl.a(__pop_ptr.o)
 .comment       0x00000053       0x54 c:/program files/microchip/xc32/v4.00/bin/bin/../../lib/gcc/pic32c/8.3.1/../../../../pic32c/lib/thumb/v7e-m+fp/hard\libm-emfloat.a(lib_a-_FLOOR.o)
 .comment       0x00000053       0x54 c:/program files/microchip/xc32/v4.00/bin/bin/../../lib/gcc/pic32c/8.3.1/../../../../pic32c/lib/thumb/v7e-m+fp/hard\libm-emfloat.a(lib_a-_FMA.o)
 .comment       0x00000053       0x54 c:/program files/microchip/xc32/v4.00/bin/bin/../../lib/gcc/pic32c/8.3.1/thumb/v7e-m+fp/hard\libgcc.a(_udivmoddi4.o)
 .comment       0x00000053       0x54 c:/program files/microchip/xc32/v4.00/bin/bin/../../lib/gcc/pic32c/8.3.1/../../../../pic32c/lib/thumb/v7e-m+fp/hard\libpic32c.a(sbrk.o)

.debug_info     0x00000000    0xf440b
 .debug_info    0x00000000     0x7fbc build/default/debug/_ext/444070925/drv_ethphy.o
 .debug_info    0x00007fbc     0x2333 build/default/debug/_ext/444070925/drv_extphy_ksz8061.o
 .debug_info    0x0000a2ef     0xa31c build/default/debug/_ext/1546807373/drv_gmac.o
 .debug_info    0x0001460b     0x8d6f build/default/debug/_ext/1546807373/drv_gmac_lib_samE5x.o
 .debug_info    0x0001d37a     0x4db9 build/default/debug/_ext/438849557/drv_miim.o
 .debug_info    0x00022133      0xc64 build/default/debug/_ext/20954303/drv_sdmmc_file_system.o
 .debug_info    0x00022d97     0x4dd3 build/default/debug/_ext/20954303/drv_sdmmc.o
 .debug_info    0x00027b6a     0x2194 build/default/debug/_ext/1751889202/sys_fs_shell.o
 .debug_info    0x00029cfe      0x6e2 build/default/debug/_ext/1033058136/helpers.o
 .debug_info    0x0002a3e0     0xc1d2 build/default/debug/_ext/1033058136/tcp.o
 .debug_info    0x000365b2     0x72c9 build/default/debug/_ext/1033058136/arp.o
 .debug_info    0x0003d87b     0x7f1d build/default/debug/_ext/1033058136/ipv4.o
 .debug_info    0x00045798     0x2a9e build/default/debug/_ext/1033058136/tcpip_heap_alloc.o
 .debug_info    0x00048236     0x3c37 build/default/debug/_ext/1033058136/tcpip_heap_internal.o
 .debug_info    0x0004be6d     0x825f build/default/debug/_ext/1033058136/dns.o
 .debug_info    0x000540cc      0x440 build/default/debug/_ext/1033058136/hash_fnv.o
 .debug_info    0x0005450c      0xc6a build/default/debug/_ext/1033058136/oahash.o
 .debug_info    0x00055176     0x7525 build/default/debug/_ext/1033058136/tcpip_helpers.o
 .debug_info    0x0005c69b     0xcbc0 build/default/debug/_ext/1033058136/tcpip_manager.o
 .debug_info    0x0006925b     0x2af5 build/default/debug/_ext/1033058136/tcpip_notify.o
 .debug_info    0x0006bd50     0x3ba5 build/default/debug/_ext/1033058136/tcpip_packet.o
 .debug_info    0x0006f8f5     0x91be build/default/debug/_ext/1033058136/ftp.o
 .debug_info    0x00078ab3     0x3c21 build/default/debug/_ext/1033058136/icmp.o
 .debug_info    0x0007c6d4     0x38d0 build/default/debug/_ext/1508031553/net_pres.o
 .debug_info    0x0007ffa4      0xb9a build/default/debug/_ext/1984496892/plib_clock.o
 .debug_info    0x00080b3e      0x357 build/default/debug/_ext/1986646378/plib_evsys.o
 .debug_info    0x00080e95     0x163a build/default/debug/_ext/1865468468/plib_nvic.o
 .debug_info    0x000824cf      0xe95 build/default/debug/_ext/1593096446/plib_nvmctrl.o
 .debug_info    0x00083364     0x1101 build/default/debug/_ext/1865521619/plib_port.o
 .debug_info    0x00084465     0x1421 build/default/debug/_ext/1865600094/plib_sdhc1.o
 .debug_info    0x00085886     0x2132 build/default/debug/_ext/504274921/plib_sercom1_usart.o
 .debug_info    0x000879b8      0xcbc build/default/debug/_ext/829342655/plib_tc0.o
 .debug_info    0x00088674     0x151f build/default/debug/_ext/1832805299/sys_console.o
 .debug_info    0x00089b93     0x502c build/default/debug/_ext/1832805299/sys_console_uart.o
 .debug_info    0x0008ebbf      0x82a build/default/debug/_ext/944882569/sys_debug.o
 .debug_info    0x0008f3e9     0x673c build/default/debug/_ext/411819097/ff.o
 .debug_info    0x00095b25      0x5f4 build/default/debug/_ext/411819097/ffunicode.o
 .debug_info    0x00096119      0xfc3 build/default/debug/_ext/565198302/diskio.o
 .debug_info    0x000970dc     0x4a54 build/default/debug/_ext/1269487135/sys_fs.o
 .debug_info    0x0009bb30     0x2503 build/default/debug/_ext/1269487135/sys_fs_media_manager.o
 .debug_info    0x0009e033     0x24c1 build/default/debug/_ext/1269487135/sys_fs_fat_interface.o
 .debug_info    0x000a04f4     0x11d9 build/default/debug/_ext/1881668453/sys_int.o
 .debug_info    0x000a16cd     0x30de build/default/debug/_ext/101884895/sys_time.o
 .debug_info    0x000a47ab      0x694 build/default/debug/_ext/753841488/sys_time_h2_adapter.o
 .debug_info    0x000a4e3f     0x9b6e build/default/debug/_ext/1171490990/initialization.o
 .debug_info    0x000ae9ad     0x52be build/default/debug/_ext/1171490990/interrupts.o
 .debug_info    0x000b3c6b     0x3d4c build/default/debug/_ext/1171490990/exceptions.o
 .debug_info    0x000b79b7      0x8d2 build/default/debug/_ext/1171490990/startup_xc32.o
 .debug_info    0x000b8289     0x3d0b build/default/debug/_ext/1171490990/tasks.o
 .debug_info    0x000bbf94     0x22de build/default/debug/_ext/172253694/crypt_wolfcryptcb.o
 .debug_info    0x000be272     0x454e build/default/debug/_ext/1664057780/cryptocb.o
 .debug_info    0x000c27c0     0x3ca3 build/default/debug/_ext/1360937237/main.o
 .debug_info    0x000c6463     0x4729 build/default/debug/_ext/1360937237/app.o
 .debug_info    0x000cab8c     0x7c7e build/default/debug/_ext/1033058136/berkeley_api.o
 .debug_info    0x000d280a     0x53c4 build/default/debug/_ext/1033058136/tcpip_announce.o
 .debug_info    0x000d7bce     0x9b55 build/default/debug/_ext/1033058136/udp.o
 .debug_info    0x000e1723      0x2db c:/program files/microchip/xc32/v4.00/bin/bin/../../lib/gcc/pic32c/8.3.1/../../../../pic32c/lib/thumb/v7e-m+fp/hard\libpic32c.a(data_init.o)
 .debug_info    0x000e19fe      0x600 c:/program files/microchip/xc32/v4.00/bin/bin/../../lib/gcc/pic32c/8.3.1/../../../../pic32c/lib/thumb/v7e-m+fp/hard\libg-musl.a(isxdigit.o)
 .debug_info    0x000e1ffe      0x5fd c:/program files/microchip/xc32/v4.00/bin/bin/../../lib/gcc/pic32c/8.3.1/../../../../pic32c/lib/thumb/v7e-m+fp/hard\libg-musl.a(tolower.o)
 .debug_info    0x000e25fb      0x5fd c:/program files/microchip/xc32/v4.00/bin/bin/../../lib/gcc/pic32c/8.3.1/../../../../pic32c/lib/thumb/v7e-m+fp/hard\libg-musl.a(toupper.o)
 .debug_info    0x000e2bf8      0x6b3 c:/program files/microchip/xc32/v4.00/bin/bin/../../lib/gcc/pic32c/8.3.1/../../../../pic32c/lib/thumb/v7e-m+fp/hard\libg-musl.a(__libc_start_main.o)
 .debug_info    0x000e32ab      0x57a c:/program files/microchip/xc32/v4.00/bin/bin/../../lib/gcc/pic32c/8.3.1/../../../../pic32c/lib/thumb/v7e-m+fp/hard\libg-musl.a(__errno_location.o)
 .debug_info    0x000e3825      0x5df c:/program files/microchip/xc32/v4.00/bin/bin/../../lib/gcc/pic32c/8.3.1/../../../../pic32c/lib/thumb/v7e-m+fp/hard\libg-musl.a(libc.o)
 .debug_info    0x000e3e04      0x306 c:/program files/microchip/xc32/v4.00/bin/bin/../../lib/gcc/pic32c/8.3.1/../../../../pic32c/lib/thumb/v7e-m+fp/hard\libg-musl.a(calloc.o)
 .debug_info    0x000e410a     0x14aa c:/program files/microchip/xc32/v4.00/bin/bin/../../lib/gcc/pic32c/8.3.1/../../../../pic32c/lib/thumb/v7e-m+fp/hard\libg-musl.a(malloc.o)
 .debug_info    0x000e55b4      0x682 c:/program files/microchip/xc32/v4.00/bin/bin/../../lib/gcc/pic32c/8.3.1/../../../../pic32c/lib/thumb/v7e-m+fp/hard\libg-musl.a(expand_heap.o)
 .debug_info    0x000e5c36      0x353 c:/program files/microchip/xc32/v4.00/bin/bin/../../lib/gcc/pic32c/8.3.1/../../../../pic32c/lib/thumb/v7e-m+fp/hard\libg-musl.a(rand.o)
 .debug_info    0x000e5f89      0x986 c:/program files/microchip/xc32/v4.00/bin/bin/../../lib/gcc/pic32c/8.3.1/../../../../pic32c/lib/thumb/v7e-m+fp/hard\libg-musl.a(vsnprintf.o)
 .debug_info    0x000e690f      0x3dc c:/program files/microchip/xc32/v4.00/bin/bin/../../lib/gcc/pic32c/8.3.1/../../../../pic32c/lib/thumb/v7e-m+fp/hard\libg-musl.a(snprintf.o)
 .debug_info    0x000e6ceb      0x3b2 c:/program files/microchip/xc32/v4.00/bin/bin/../../lib/gcc/pic32c/8.3.1/../../../../pic32c/lib/thumb/v7e-m+fp/hard\libg-musl.a(sprintf.o)
 .debug_info    0x000e709d      0x3ac c:/program files/microchip/xc32/v4.00/bin/bin/../../lib/gcc/pic32c/8.3.1/../../../../pic32c/lib/thumb/v7e-m+fp/hard\libg-musl.a(vsprintf.o)
 .debug_info    0x000e7449      0x322 c:/program files/microchip/xc32/v4.00/bin/bin/../../lib/gcc/pic32c/8.3.1/../../../../pic32c/lib/thumb/v7e-m+fp/hard\libg-musl.a(atoi.o)
 .debug_info    0x000e776b      0x309 c:/program files/microchip/xc32/v4.00/bin/bin/../../lib/gcc/pic32c/8.3.1/../../../../pic32c/lib/thumb/v7e-m+fp/hard\libg-musl.a(memcmp.o)
 .debug_info    0x000e7a74      0x31e c:/program files/microchip/xc32/v4.00/bin/bin/../../lib/gcc/pic32c/8.3.1/../../../../pic32c/lib/thumb/v7e-m+fp/hard\libg-musl.a(memcpy.o)
 .debug_info    0x000e7d92      0x2dc c:/program files/microchip/xc32/v4.00/bin/bin/../../lib/gcc/pic32c/8.3.1/../../../../pic32c/lib/thumb/v7e-m+fp/hard\libg-musl.a(memset.o)
 .debug_info    0x000e806e      0x2cd c:/program files/microchip/xc32/v4.00/bin/bin/../../lib/gcc/pic32c/8.3.1/../../../../pic32c/lib/thumb/v7e-m+fp/hard\libg-musl.a(strlen.o)
 .debug_info    0x000e833b      0x2e6 c:/program files/microchip/xc32/v4.00/bin/bin/../../lib/gcc/pic32c/8.3.1/../../../../pic32c/lib/thumb/v7e-m+fp/hard\libg-musl.a(strstr.o)
 .debug_info    0x000e8621      0x2ef c:/program files/microchip/xc32/v4.00/bin/bin/../../lib/gcc/pic32c/8.3.1/../../../../pic32c/lib/thumb/v7e-m+fp/hard\libg-musl.a(strchr.o)
 .debug_info    0x000e8910      0x6d7 c:/program files/microchip/xc32/v4.00/bin/bin/../../lib/gcc/pic32c/8.3.1/../../../../pic32c/lib/thumb/v7e-m+fp/hard\libg-musl.a(strchrnul.o)
 .debug_info    0x000e8fe7      0x2b1 c:/program files/microchip/xc32/v4.00/bin/bin/../../lib/gcc/pic32c/8.3.1/../../../../pic32c/lib/thumb/v7e-m+fp/hard\libg-musl.a(strcmp.o)
 .debug_info    0x000e9298      0x2db c:/program files/microchip/xc32/v4.00/bin/bin/../../lib/gcc/pic32c/8.3.1/../../../../pic32c/lib/thumb/v7e-m+fp/hard\libg-musl.a(strcpy.o)
 .debug_info    0x000e9573      0x317 c:/program files/microchip/xc32/v4.00/bin/bin/../../lib/gcc/pic32c/8.3.1/../../../../pic32c/lib/thumb/v7e-m+fp/hard\libg-musl.a(strncmp.o)
 .debug_info    0x000e988a      0x300 c:/program files/microchip/xc32/v4.00/bin/bin/../../lib/gcc/pic32c/8.3.1/../../../../pic32c/lib/thumb/v7e-m+fp/hard\libg-musl.a(strncpy.o)
 .debug_info    0x000e9b8a      0x596 c:/program files/microchip/xc32/v4.00/bin/bin/../../lib/gcc/pic32c/8.3.1/../../../../pic32c/lib/thumb/v7e-m+fp/hard\libg-musl.a(__environ.o)
 .debug_info    0x000ea120      0x94d c:/program files/microchip/xc32/v4.00/bin/bin/../../lib/gcc/pic32c/8.3.1/../../../../pic32c/lib/thumb/v7e-m+fp/hard\libg-musl.a(vfprintf.o)
 .debug_info    0x000eaa6d      0x5b9 c:/program files/microchip/xc32/v4.00/bin/bin/../../lib/gcc/pic32c/8.3.1/../../../../pic32c/lib/thumb/v7e-m+fp/hard\libg-musl.a(stpcpy.o)
 .debug_info    0x000eb026      0x5e6 c:/program files/microchip/xc32/v4.00/bin/bin/../../lib/gcc/pic32c/8.3.1/../../../../pic32c/lib/thumb/v7e-m+fp/hard\libg-musl.a(stpncpy.o)
 .debug_info    0x000eb60c     0x1017 c:/program files/microchip/xc32/v4.00/bin/bin/../../lib/gcc/pic32c/8.3.1/../../../../pic32c/lib/thumb/v7e-m+fp/hard\libg-musl.a(__printf_core.o)
 .debug_info    0x000ec623      0xbf2 c:/program files/microchip/xc32/v4.00/bin/bin/../../lib/gcc/pic32c/8.3.1/../../../../pic32c/lib/thumb/v7e-m+fp/hard\libg-musl.a(__fmt_a.o)
 .debug_info    0x000ed215      0x8bc c:/program files/microchip/xc32/v4.00/bin/bin/../../lib/gcc/pic32c/8.3.1/../../../../pic32c/lib/thumb/v7e-m+fp/hard\libg-musl.a(__fmt_d.o)
 .debug_info    0x000edad1      0xcda c:/program files/microchip/xc32/v4.00/bin/bin/../../lib/gcc/pic32c/8.3.1/../../../../pic32c/lib/thumb/v7e-m+fp/hard\libg-musl.a(__fmt_fp.o)
 .debug_info    0x000ee7ab      0x88d c:/program files/microchip/xc32/v4.00/bin/bin/../../lib/gcc/pic32c/8.3.1/../../../../pic32c/lib/thumb/v7e-m+fp/hard\libg-musl.a(__fmt_o.o)
 .debug_info    0x000ef038      0x833 c:/program files/microchip/xc32/v4.00/bin/bin/../../lib/gcc/pic32c/8.3.1/../../../../pic32c/lib/thumb/v7e-m+fp/hard\libg-musl.a(__fmt_s.o)
 .debug_info    0x000ef86b      0x95a c:/program files/microchip/xc32/v4.00/bin/bin/../../lib/gcc/pic32c/8.3.1/../../../../pic32c/lib/thumb/v7e-m+fp/hard\libg-musl.a(__fmt_u.o)
 .debug_info    0x000f01c5      0x8f3 c:/program files/microchip/xc32/v4.00/bin/bin/../../lib/gcc/pic32c/8.3.1/../../../../pic32c/lib/thumb/v7e-m+fp/hard\libg-musl.a(__fmt_x.o)
 .debug_info    0x000f0ab8      0x760 c:/program files/microchip/xc32/v4.00/bin/bin/../../lib/gcc/pic32c/8.3.1/../../../../pic32c/lib/thumb/v7e-m+fp/hard\libg-musl.a(__pop_float.o)
 .debug_info    0x000f1218      0x784 c:/program files/microchip/xc32/v4.00/bin/bin/../../lib/gcc/pic32c/8.3.1/../../../../pic32c/lib/thumb/v7e-m+fp/hard\libg-musl.a(__pop_int.o)
 .debug_info    0x000f199c      0x77b c:/program files/microchip/xc32/v4.00/bin/bin/../../lib/gcc/pic32c/8.3.1/../../../../pic32c/lib/thumb/v7e-m+fp/hard\libg-musl.a(__pop_ptr.o)
 .debug_info    0x000f2117       0x26 c:/program files/microchip/xc32/v4.00/bin/bin/../../lib/gcc/pic32c/8.3.1/thumb/v7e-m+fp/hard\libgcc.a(_aeabi_uldivmod.o)
 .debug_info    0x000f213d     0x1fea c:/program files/microchip/xc32/v4.00/bin/bin/../../lib/gcc/pic32c/8.3.1/thumb/v7e-m+fp/hard\libgcc.a(_udivmoddi4.o)
 .debug_info    0x000f4127       0x26 c:/program files/microchip/xc32/v4.00/bin/bin/../../lib/gcc/pic32c/8.3.1/thumb/v7e-m+fp/hard\libgcc.a(_dvmd_tls.o)
 .debug_info    0x000f414d      0x2be c:/program files/microchip/xc32/v4.00/bin/bin/../../lib/gcc/pic32c/8.3.1/../../../../pic32c/lib/thumb/v7e-m+fp/hard\libpic32c.a(sbrk.o)

.debug_abbrev   0x00000000    0x10a7c
 .debug_abbrev  0x00000000      0x551 build/default/debug/_ext/444070925/drv_ethphy.o
 .debug_abbrev  0x00000551      0x1ee build/default/debug/_ext/444070925/drv_extphy_ksz8061.o
 .debug_abbrev  0x0000073f      0x669 build/default/debug/_ext/1546807373/drv_gmac.o
 .debug_abbrev  0x00000da8      0x60c build/default/debug/_ext/1546807373/drv_gmac_lib_samE5x.o
 .debug_abbrev  0x000013b4      0x694 build/default/debug/_ext/438849557/drv_miim.o
 .debug_abbrev  0x00001a48      0x176 build/default/debug/_ext/20954303/drv_sdmmc_file_system.o
 .debug_abbrev  0x00001bbe      0x63b build/default/debug/_ext/20954303/drv_sdmmc.o
 .debug_abbrev  0x000021f9      0x38d build/default/debug/_ext/1751889202/sys_fs_shell.o
 .debug_abbrev  0x00002586      0x1b2 build/default/debug/_ext/1033058136/helpers.o
 .debug_abbrev  0x00002738      0x721 build/default/debug/_ext/1033058136/tcp.o
 .debug_abbrev  0x00002e59      0x61d build/default/debug/_ext/1033058136/arp.o
 .debug_abbrev  0x00003476      0x603 build/default/debug/_ext/1033058136/ipv4.o
 .debug_abbrev  0x00003a79      0x2c7 build/default/debug/_ext/1033058136/tcpip_heap_alloc.o
 .debug_abbrev  0x00003d40      0x535 build/default/debug/_ext/1033058136/tcpip_heap_internal.o
 .debug_abbrev  0x00004275      0x5cf build/default/debug/_ext/1033058136/dns.o
 .debug_abbrev  0x00004844       0xc7 build/default/debug/_ext/1033058136/hash_fnv.o
 .debug_abbrev  0x0000490b      0x2ea build/default/debug/_ext/1033058136/oahash.o
 .debug_abbrev  0x00004bf5      0x646 build/default/debug/_ext/1033058136/tcpip_helpers.o
 .debug_abbrev  0x0000523b      0x7e0 build/default/debug/_ext/1033058136/tcpip_manager.o
 .debug_abbrev  0x00005a1b      0x35b build/default/debug/_ext/1033058136/tcpip_notify.o
 .debug_abbrev  0x00005d76      0x53e build/default/debug/_ext/1033058136/tcpip_packet.o
 .debug_abbrev  0x000062b4      0x6db build/default/debug/_ext/1033058136/ftp.o
 .debug_abbrev  0x0000698f      0x462 build/default/debug/_ext/1033058136/icmp.o
 .debug_abbrev  0x00006df1      0x4de build/default/debug/_ext/1508031553/net_pres.o
 .debug_abbrev  0x000072cf      0x135 build/default/debug/_ext/1984496892/plib_clock.o
 .debug_abbrev  0x00007404       0x64 build/default/debug/_ext/1986646378/plib_evsys.o
 .debug_abbrev  0x00007468      0x222 build/default/debug/_ext/1865468468/plib_nvic.o
 .debug_abbrev  0x0000768a      0x258 build/default/debug/_ext/1593096446/plib_nvmctrl.o
 .debug_abbrev  0x000078e2      0x1e9 build/default/debug/_ext/1865521619/plib_port.o
 .debug_abbrev  0x00007acb      0x332 build/default/debug/_ext/1865600094/plib_sdhc1.o
 .debug_abbrev  0x00007dfd      0x489 build/default/debug/_ext/504274921/plib_sercom1_usart.o
 .debug_abbrev  0x00008286      0x1f9 build/default/debug/_ext/829342655/plib_tc0.o
 .debug_abbrev  0x0000847f      0x437 build/default/debug/_ext/1832805299/sys_console.o
 .debug_abbrev  0x000088b6      0x4e1 build/default/debug/_ext/1832805299/sys_console_uart.o
 .debug_abbrev  0x00008d97      0x1ae build/default/debug/_ext/944882569/sys_debug.o
 .debug_abbrev  0x00008f45      0x412 build/default/debug/_ext/411819097/ff.o
 .debug_abbrev  0x00009357      0x155 build/default/debug/_ext/411819097/ffunicode.o
 .debug_abbrev  0x000094ac      0x315 build/default/debug/_ext/565198302/diskio.o
 .debug_abbrev  0x000097c1      0x51f build/default/debug/_ext/1269487135/sys_fs.o
 .debug_abbrev  0x00009ce0      0x500 build/default/debug/_ext/1269487135/sys_fs_media_manager.o
 .debug_abbrev  0x0000a1e0      0x337 build/default/debug/_ext/1269487135/sys_fs_fat_interface.o
 .debug_abbrev  0x0000a517      0x253 build/default/debug/_ext/1881668453/sys_int.o
 .debug_abbrev  0x0000a76a      0x5c0 build/default/debug/_ext/101884895/sys_time.o
 .debug_abbrev  0x0000ad2a      0x17e build/default/debug/_ext/753841488/sys_time_h2_adapter.o
 .debug_abbrev  0x0000aea8      0x394 build/default/debug/_ext/1171490990/initialization.o
 .debug_abbrev  0x0000b23c      0x288 build/default/debug/_ext/1171490990/interrupts.o
 .debug_abbrev  0x0000b4c4      0x263 build/default/debug/_ext/1171490990/exceptions.o
 .debug_abbrev  0x0000b727      0x1ee build/default/debug/_ext/1171490990/startup_xc32.o
 .debug_abbrev  0x0000b915      0x295 build/default/debug/_ext/1171490990/tasks.o
 .debug_abbrev  0x0000bbaa      0x243 build/default/debug/_ext/172253694/crypt_wolfcryptcb.o
 .debug_abbrev  0x0000bded      0x3fd build/default/debug/_ext/1664057780/cryptocb.o
 .debug_abbrev  0x0000c1ea      0x29c build/default/debug/_ext/1360937237/main.o
 .debug_abbrev  0x0000c486      0x339 build/default/debug/_ext/1360937237/app.o
 .debug_abbrev  0x0000c7bf      0x68d build/default/debug/_ext/1033058136/berkeley_api.o
 .debug_abbrev  0x0000ce4c      0x520 build/default/debug/_ext/1033058136/tcpip_announce.o
 .debug_abbrev  0x0000d36c      0x6ad build/default/debug/_ext/1033058136/udp.o
 .debug_abbrev  0x0000da19       0x2e c:/program files/microchip/xc32/v4.00/bin/bin/../../lib/gcc/pic32c/8.3.1/../../../../pic32c/lib/thumb/v7e-m+fp/hard\libpic32c.a(data_init.o)
 .debug_abbrev  0x0000da47      0x126 c:/program files/microchip/xc32/v4.00/bin/bin/../../lib/gcc/pic32c/8.3.1/../../../../pic32c/lib/thumb/v7e-m+fp/hard\libg-musl.a(isxdigit.o)
 .debug_abbrev  0x0000db6d      0x126 c:/program files/microchip/xc32/v4.00/bin/bin/../../lib/gcc/pic32c/8.3.1/../../../../pic32c/lib/thumb/v7e-m+fp/hard\libg-musl.a(tolower.o)
 .debug_abbrev  0x0000dc93      0x126 c:/program files/microchip/xc32/v4.00/bin/bin/../../lib/gcc/pic32c/8.3.1/../../../../pic32c/lib/thumb/v7e-m+fp/hard\libg-musl.a(toupper.o)
 .debug_abbrev  0x0000ddb9      0x126 c:/program files/microchip/xc32/v4.00/bin/bin/../../lib/gcc/pic32c/8.3.1/../../../../pic32c/lib/thumb/v7e-m+fp/hard\libg-musl.a(__libc_start_main.o)
 .debug_abbrev  0x0000dedf       0xba c:/program files/microchip/xc32/v4.00/bin/bin/../../lib/gcc/pic32c/8.3.1/../../../../pic32c/lib/thumb/v7e-m+fp/hard\libg-musl.a(__errno_location.o)
 .debug_abbrev  0x0000df99       0xc7 c:/program files/microchip/xc32/v4.00/bin/bin/../../lib/gcc/pic32c/8.3.1/../../../../pic32c/lib/thumb/v7e-m+fp/hard\libg-musl.a(libc.o)
 .debug_abbrev  0x0000e060       0xaa c:/program files/microchip/xc32/v4.00/bin/bin/../../lib/gcc/pic32c/8.3.1/../../../../pic32c/lib/thumb/v7e-m+fp/hard\libg-musl.a(calloc.o)
 .debug_abbrev  0x0000e10a      0x413 c:/program files/microchip/xc32/v4.00/bin/bin/../../lib/gcc/pic32c/8.3.1/../../../../pic32c/lib/thumb/v7e-m+fp/hard\libg-musl.a(malloc.o)
 .debug_abbrev  0x0000e51d      0x112 c:/program files/microchip/xc32/v4.00/bin/bin/../../lib/gcc/pic32c/8.3.1/../../../../pic32c/lib/thumb/v7e-m+fp/hard\libg-musl.a(expand_heap.o)
 .debug_abbrev  0x0000e62f       0x8b c:/program files/microchip/xc32/v4.00/bin/bin/../../lib/gcc/pic32c/8.3.1/../../../../pic32c/lib/thumb/v7e-m+fp/hard\libg-musl.a(rand.o)
 .debug_abbrev  0x0000e6ba      0x168 c:/program files/microchip/xc32/v4.00/bin/bin/../../lib/gcc/pic32c/8.3.1/../../../../pic32c/lib/thumb/v7e-m+fp/hard\libg-musl.a(vsnprintf.o)
 .debug_abbrev  0x0000e822      0x126 c:/program files/microchip/xc32/v4.00/bin/bin/../../lib/gcc/pic32c/8.3.1/../../../../pic32c/lib/thumb/v7e-m+fp/hard\libg-musl.a(snprintf.o)
 .debug_abbrev  0x0000e948      0x126 c:/program files/microchip/xc32/v4.00/bin/bin/../../lib/gcc/pic32c/8.3.1/../../../../pic32c/lib/thumb/v7e-m+fp/hard\libg-musl.a(sprintf.o)
 .debug_abbrev  0x0000ea6e       0xee c:/program files/microchip/xc32/v4.00/bin/bin/../../lib/gcc/pic32c/8.3.1/../../../../pic32c/lib/thumb/v7e-m+fp/hard\libg-musl.a(vsprintf.o)
 .debug_abbrev  0x0000eb5c       0xbb c:/program files/microchip/xc32/v4.00/bin/bin/../../lib/gcc/pic32c/8.3.1/../../../../pic32c/lib/thumb/v7e-m+fp/hard\libg-musl.a(atoi.o)
 .debug_abbrev  0x0000ec17       0x8b c:/program files/microchip/xc32/v4.00/bin/bin/../../lib/gcc/pic32c/8.3.1/../../../../pic32c/lib/thumb/v7e-m+fp/hard\libg-musl.a(memcmp.o)
 .debug_abbrev  0x0000eca2       0x9c c:/program files/microchip/xc32/v4.00/bin/bin/../../lib/gcc/pic32c/8.3.1/../../../../pic32c/lib/thumb/v7e-m+fp/hard\libg-musl.a(memcpy.o)
 .debug_abbrev  0x0000ed3e       0x97 c:/program files/microchip/xc32/v4.00/bin/bin/../../lib/gcc/pic32c/8.3.1/../../../../pic32c/lib/thumb/v7e-m+fp/hard\libg-musl.a(memset.o)
 .debug_abbrev  0x0000edd5       0x86 c:/program files/microchip/xc32/v4.00/bin/bin/../../lib/gcc/pic32c/8.3.1/../../../../pic32c/lib/thumb/v7e-m+fp/hard\libg-musl.a(strlen.o)
 .debug_abbrev  0x0000ee5b       0xa6 c:/program files/microchip/xc32/v4.00/bin/bin/../../lib/gcc/pic32c/8.3.1/../../../../pic32c/lib/thumb/v7e-m+fp/hard\libg-musl.a(strstr.o)
 .debug_abbrev  0x0000ef01       0xa2 c:/program files/microchip/xc32/v4.00/bin/bin/../../lib/gcc/pic32c/8.3.1/../../../../pic32c/lib/thumb/v7e-m+fp/hard\libg-musl.a(strchr.o)
 .debug_abbrev  0x0000efa3      0x158 c:/program files/microchip/xc32/v4.00/bin/bin/../../lib/gcc/pic32c/8.3.1/../../../../pic32c/lib/thumb/v7e-m+fp/hard\libg-musl.a(strchrnul.o)
 .debug_abbrev  0x0000f0fb       0x63 c:/program files/microchip/xc32/v4.00/bin/bin/../../lib/gcc/pic32c/8.3.1/../../../../pic32c/lib/thumb/v7e-m+fp/hard\libg-musl.a(strcmp.o)
 .debug_abbrev  0x0000f15e       0x8e c:/program files/microchip/xc32/v4.00/bin/bin/../../lib/gcc/pic32c/8.3.1/../../../../pic32c/lib/thumb/v7e-m+fp/hard\libg-musl.a(strcpy.o)
 .debug_abbrev  0x0000f1ec       0x86 c:/program files/microchip/xc32/v4.00/bin/bin/../../lib/gcc/pic32c/8.3.1/../../../../pic32c/lib/thumb/v7e-m+fp/hard\libg-musl.a(strncmp.o)
 .debug_abbrev  0x0000f272       0x9d c:/program files/microchip/xc32/v4.00/bin/bin/../../lib/gcc/pic32c/8.3.1/../../../../pic32c/lib/thumb/v7e-m+fp/hard\libg-musl.a(strncpy.o)
 .debug_abbrev  0x0000f30f       0xc7 c:/program files/microchip/xc32/v4.00/bin/bin/../../lib/gcc/pic32c/8.3.1/../../../../pic32c/lib/thumb/v7e-m+fp/hard\libg-musl.a(__environ.o)
 .debug_abbrev  0x0000f3d6      0x180 c:/program files/microchip/xc32/v4.00/bin/bin/../../lib/gcc/pic32c/8.3.1/../../../../pic32c/lib/thumb/v7e-m+fp/hard\libg-musl.a(vfprintf.o)
 .debug_abbrev  0x0000f556       0xdf c:/program files/microchip/xc32/v4.00/bin/bin/../../lib/gcc/pic32c/8.3.1/../../../../pic32c/lib/thumb/v7e-m+fp/hard\libg-musl.a(stpcpy.o)
 .debug_abbrev  0x0000f635       0xf3 c:/program files/microchip/xc32/v4.00/bin/bin/../../lib/gcc/pic32c/8.3.1/../../../../pic32c/lib/thumb/v7e-m+fp/hard\libg-musl.a(stpncpy.o)
 .debug_abbrev  0x0000f728      0x2e8 c:/program files/microchip/xc32/v4.00/bin/bin/../../lib/gcc/pic32c/8.3.1/../../../../pic32c/lib/thumb/v7e-m+fp/hard\libg-musl.a(__printf_core.o)
 .debug_abbrev  0x0000fa10      0x1e3 c:/program files/microchip/xc32/v4.00/bin/bin/../../lib/gcc/pic32c/8.3.1/../../../../pic32c/lib/thumb/v7e-m+fp/hard\libg-musl.a(__fmt_a.o)
 .debug_abbrev  0x0000fbf3      0x16f c:/program files/microchip/xc32/v4.00/bin/bin/../../lib/gcc/pic32c/8.3.1/../../../../pic32c/lib/thumb/v7e-m+fp/hard\libg-musl.a(__fmt_d.o)
 .debug_abbrev  0x0000fd62      0x202 c:/program files/microchip/xc32/v4.00/bin/bin/../../lib/gcc/pic32c/8.3.1/../../../../pic32c/lib/thumb/v7e-m+fp/hard\libg-musl.a(__fmt_fp.o)
 .debug_abbrev  0x0000ff64      0x16f c:/program files/microchip/xc32/v4.00/bin/bin/../../lib/gcc/pic32c/8.3.1/../../../../pic32c/lib/thumb/v7e-m+fp/hard\libg-musl.a(__fmt_o.o)
 .debug_abbrev  0x000100d3      0x14f c:/program files/microchip/xc32/v4.00/bin/bin/../../lib/gcc/pic32c/8.3.1/../../../../pic32c/lib/thumb/v7e-m+fp/hard\libg-musl.a(__fmt_s.o)
 .debug_abbrev  0x00010222      0x1b2 c:/program files/microchip/xc32/v4.00/bin/bin/../../lib/gcc/pic32c/8.3.1/../../../../pic32c/lib/thumb/v7e-m+fp/hard\libg-musl.a(__fmt_u.o)
 .debug_abbrev  0x000103d4      0x15e c:/program files/microchip/xc32/v4.00/bin/bin/../../lib/gcc/pic32c/8.3.1/../../../../pic32c/lib/thumb/v7e-m+fp/hard\libg-musl.a(__fmt_x.o)
 .debug_abbrev  0x00010532      0x11b c:/program files/microchip/xc32/v4.00/bin/bin/../../lib/gcc/pic32c/8.3.1/../../../../pic32c/lib/thumb/v7e-m+fp/hard\libg-musl.a(__pop_float.o)
 .debug_abbrev  0x0001064d      0x11b c:/program files/microchip/xc32/v4.00/bin/bin/../../lib/gcc/pic32c/8.3.1/../../../../pic32c/lib/thumb/v7e-m+fp/hard\libg-musl.a(__pop_int.o)
 .debug_abbrev  0x00010768      0x12c c:/program files/microchip/xc32/v4.00/bin/bin/../../lib/gcc/pic32c/8.3.1/../../../../pic32c/lib/thumb/v7e-m+fp/hard\libg-musl.a(__pop_ptr.o)
 .debug_abbrev  0x00010894       0x14 c:/program files/microchip/xc32/v4.00/bin/bin/../../lib/gcc/pic32c/8.3.1/thumb/v7e-m+fp/hard\libgcc.a(_aeabi_uldivmod.o)
 .debug_abbrev  0x000108a8      0x192 c:/program files/microchip/xc32/v4.00/bin/bin/../../lib/gcc/pic32c/8.3.1/thumb/v7e-m+fp/hard\libgcc.a(_udivmoddi4.o)
 .debug_abbrev  0x00010a3a       0x14 c:/program files/microchip/xc32/v4.00/bin/bin/../../lib/gcc/pic32c/8.3.1/thumb/v7e-m+fp/hard\libgcc.a(_dvmd_tls.o)
 .debug_abbrev  0x00010a4e       0x2e c:/program files/microchip/xc32/v4.00/bin/bin/../../lib/gcc/pic32c/8.3.1/../../../../pic32c/lib/thumb/v7e-m+fp/hard\libpic32c.a(sbrk.o)

.debug_loc      0x00000000    0x651a9
 .debug_loc     0x00000000     0x4a04 build/default/debug/_ext/444070925/drv_ethphy.o
 .debug_loc     0x00004a04       0x94 build/default/debug/_ext/444070925/drv_extphy_ksz8061.o
 .debug_loc     0x00004a98     0x3014 build/default/debug/_ext/1546807373/drv_gmac.o
 .debug_loc     0x00007aac     0x2a14 build/default/debug/_ext/1546807373/drv_gmac_lib_samE5x.o
 .debug_loc     0x0000a4c0     0x2baa build/default/debug/_ext/438849557/drv_miim.o
 .debug_loc     0x0000d06a       0x45 build/default/debug/_ext/20954303/drv_sdmmc_file_system.o
 .debug_loc     0x0000d0af     0x30ed build/default/debug/_ext/20954303/drv_sdmmc.o
 .debug_loc     0x0001019c     0x1b0d build/default/debug/_ext/1751889202/sys_fs_shell.o
 .debug_loc     0x00011ca9      0x568 build/default/debug/_ext/1033058136/helpers.o
 .debug_loc     0x00012211     0x80a5 build/default/debug/_ext/1033058136/tcp.o
 .debug_loc     0x0001a2b6     0x3b6e build/default/debug/_ext/1033058136/arp.o
 .debug_loc     0x0001de24     0x2e6d build/default/debug/_ext/1033058136/ipv4.o
 .debug_loc     0x00020c91      0x207 build/default/debug/_ext/1033058136/tcpip_heap_alloc.o
 .debug_loc     0x00020e98     0x1568 build/default/debug/_ext/1033058136/tcpip_heap_internal.o
 .debug_loc     0x00022400     0x40ae build/default/debug/_ext/1033058136/dns.o
 .debug_loc     0x000264ae      0x21b build/default/debug/_ext/1033058136/hash_fnv.o
 .debug_loc     0x000266c9      0x5f3 build/default/debug/_ext/1033058136/oahash.o
 .debug_loc     0x00026cbc     0x53a5 build/default/debug/_ext/1033058136/tcpip_helpers.o
 .debug_loc     0x0002c061     0x7ca9 build/default/debug/_ext/1033058136/tcpip_manager.o
 .debug_loc     0x00033d0a      0x458 build/default/debug/_ext/1033058136/tcpip_notify.o
 .debug_loc     0x00034162      0xbe0 build/default/debug/_ext/1033058136/tcpip_packet.o
 .debug_loc     0x00034d42     0x23c5 build/default/debug/_ext/1033058136/ftp.o
 .debug_loc     0x00037107      0x3ec build/default/debug/_ext/1033058136/icmp.o
 .debug_loc     0x000374f3     0x301a build/default/debug/_ext/1508031553/net_pres.o
 .debug_loc     0x0003a50d      0x27b build/default/debug/_ext/1865468468/plib_nvic.o
 .debug_loc     0x0003a788      0x868 build/default/debug/_ext/1593096446/plib_nvmctrl.o
 .debug_loc     0x0003aff0      0x1bc build/default/debug/_ext/1865521619/plib_port.o
 .debug_loc     0x0003b1ac      0x5af build/default/debug/_ext/1865600094/plib_sdhc1.o
 .debug_loc     0x0003b75b      0xd41 build/default/debug/_ext/504274921/plib_sercom1_usart.o
 .debug_loc     0x0003c49c       0x5f build/default/debug/_ext/829342655/plib_tc0.o
 .debug_loc     0x0003c4fb      0xd24 build/default/debug/_ext/1832805299/sys_console.o
 .debug_loc     0x0003d21f      0x9f9 build/default/debug/_ext/1832805299/sys_console_uart.o
 .debug_loc     0x0003dc18       0xa1 build/default/debug/_ext/944882569/sys_debug.o
 .debug_loc     0x0003dcb9     0x9fe9 build/default/debug/_ext/411819097/ff.o
 .debug_loc     0x00047ca2      0x575 build/default/debug/_ext/411819097/ffunicode.o
 .debug_loc     0x00048217      0x58b build/default/debug/_ext/565198302/diskio.o
 .debug_loc     0x000487a2     0x5a22 build/default/debug/_ext/1269487135/sys_fs.o
 .debug_loc     0x0004e1c4     0x1696 build/default/debug/_ext/1269487135/sys_fs_media_manager.o
 .debug_loc     0x0004f85a     0x1c60 build/default/debug/_ext/1269487135/sys_fs_fat_interface.o
 .debug_loc     0x000514ba      0x182 build/default/debug/_ext/1881668453/sys_int.o
 .debug_loc     0x0005163c     0x2341 build/default/debug/_ext/101884895/sys_time.o
 .debug_loc     0x0005397d      0x152 build/default/debug/_ext/753841488/sys_time_h2_adapter.o
 .debug_loc     0x00053acf       0x7d build/default/debug/_ext/1171490990/initialization.o
 .debug_loc     0x00053b4c       0x4a build/default/debug/_ext/1171490990/startup_xc32.o
 .debug_loc     0x00053b96       0x20 build/default/debug/_ext/1171490990/tasks.o
 .debug_loc     0x00053bb6       0x45 build/default/debug/_ext/172253694/crypt_wolfcryptcb.o
 .debug_loc     0x00053bfb     0x27ea build/default/debug/_ext/1664057780/cryptocb.o
 .debug_loc     0x000563e5       0x20 build/default/debug/_ext/1360937237/main.o
 .debug_loc     0x00056405      0x1e8 build/default/debug/_ext/1360937237/app.o
 .debug_loc     0x000565ed     0x3628 build/default/debug/_ext/1033058136/berkeley_api.o
 .debug_loc     0x00059c15      0xc61 build/default/debug/_ext/1033058136/tcpip_announce.o
 .debug_loc     0x0005a876     0x5233 build/default/debug/_ext/1033058136/udp.o
 .debug_loc     0x0005faa9       0x14 c:/program files/microchip/xc32/v4.00/bin/bin/../../lib/gcc/pic32c/8.3.1/../../../../pic32c/lib/thumb/v7e-m+fp/hard\libpic32c.a(data_init.o)
 .debug_loc     0x0005fabd       0x65 c:/program files/microchip/xc32/v4.00/bin/bin/../../lib/gcc/pic32c/8.3.1/../../../../pic32c/lib/thumb/v7e-m+fp/hard\libg-musl.a(isxdigit.o)
 .debug_loc     0x0005fb22       0x4a c:/program files/microchip/xc32/v4.00/bin/bin/../../lib/gcc/pic32c/8.3.1/../../../../pic32c/lib/thumb/v7e-m+fp/hard\libg-musl.a(tolower.o)
 .debug_loc     0x0005fb6c       0x4a c:/program files/microchip/xc32/v4.00/bin/bin/../../lib/gcc/pic32c/8.3.1/../../../../pic32c/lib/thumb/v7e-m+fp/hard\libg-musl.a(toupper.o)
 .debug_loc     0x0005fbb6       0x51 c:/program files/microchip/xc32/v4.00/bin/bin/../../lib/gcc/pic32c/8.3.1/../../../../pic32c/lib/thumb/v7e-m+fp/hard\libg-musl.a(__libc_start_main.o)
 .debug_loc     0x0005fc07       0x74 c:/program files/microchip/xc32/v4.00/bin/bin/../../lib/gcc/pic32c/8.3.1/../../../../pic32c/lib/thumb/v7e-m+fp/hard\libg-musl.a(calloc.o)
 .debug_loc     0x0005fc7b      0xccc c:/program files/microchip/xc32/v4.00/bin/bin/../../lib/gcc/pic32c/8.3.1/../../../../pic32c/lib/thumb/v7e-m+fp/hard\libg-musl.a(malloc.o)
 .debug_loc     0x00060947       0x7c c:/program files/microchip/xc32/v4.00/bin/bin/../../lib/gcc/pic32c/8.3.1/../../../../pic32c/lib/thumb/v7e-m+fp/hard\libg-musl.a(expand_heap.o)
 .debug_loc     0x000609c3       0x24 c:/program files/microchip/xc32/v4.00/bin/bin/../../lib/gcc/pic32c/8.3.1/../../../../pic32c/lib/thumb/v7e-m+fp/hard\libg-musl.a(rand.o)
 .debug_loc     0x000609e7       0xeb c:/program files/microchip/xc32/v4.00/bin/bin/../../lib/gcc/pic32c/8.3.1/../../../../pic32c/lib/thumb/v7e-m+fp/hard\libg-musl.a(vsnprintf.o)
 .debug_loc     0x00060ad2       0xaf c:/program files/microchip/xc32/v4.00/bin/bin/../../lib/gcc/pic32c/8.3.1/../../../../pic32c/lib/thumb/v7e-m+fp/hard\libg-musl.a(snprintf.o)
 .debug_loc     0x00060b81       0x8a c:/program files/microchip/xc32/v4.00/bin/bin/../../lib/gcc/pic32c/8.3.1/../../../../pic32c/lib/thumb/v7e-m+fp/hard\libg-musl.a(sprintf.o)
 .debug_loc     0x00060c0b       0x6c c:/program files/microchip/xc32/v4.00/bin/bin/../../lib/gcc/pic32c/8.3.1/../../../../pic32c/lib/thumb/v7e-m+fp/hard\libg-musl.a(vsprintf.o)
 .debug_loc     0x00060c77       0xd8 c:/program files/microchip/xc32/v4.00/bin/bin/../../lib/gcc/pic32c/8.3.1/../../../../pic32c/lib/thumb/v7e-m+fp/hard\libg-musl.a(atoi.o)
 .debug_loc     0x00060d4f      0x10c c:/program files/microchip/xc32/v4.00/bin/bin/../../lib/gcc/pic32c/8.3.1/../../../../pic32c/lib/thumb/v7e-m+fp/hard\libg-musl.a(memcmp.o)
 .debug_loc     0x00060e5b       0xba c:/program files/microchip/xc32/v4.00/bin/bin/../../lib/gcc/pic32c/8.3.1/../../../../pic32c/lib/thumb/v7e-m+fp/hard\libg-musl.a(memcpy.o)
 .debug_loc     0x00060f15       0x56 c:/program files/microchip/xc32/v4.00/bin/bin/../../lib/gcc/pic32c/8.3.1/../../../../pic32c/lib/thumb/v7e-m+fp/hard\libg-musl.a(memset.o)
 .debug_loc     0x00060f6b       0x47 c:/program files/microchip/xc32/v4.00/bin/bin/../../lib/gcc/pic32c/8.3.1/../../../../pic32c/lib/thumb/v7e-m+fp/hard\libg-musl.a(strlen.o)
 .debug_loc     0x00060fb2       0x83 c:/program files/microchip/xc32/v4.00/bin/bin/../../lib/gcc/pic32c/8.3.1/../../../../pic32c/lib/thumb/v7e-m+fp/hard\libg-musl.a(strstr.o)
 .debug_loc     0x00061035       0x8c c:/program files/microchip/xc32/v4.00/bin/bin/../../lib/gcc/pic32c/8.3.1/../../../../pic32c/lib/thumb/v7e-m+fp/hard\libg-musl.a(strchr.o)
 .debug_loc     0x000610c1      0x14c c:/program files/microchip/xc32/v4.00/bin/bin/../../lib/gcc/pic32c/8.3.1/../../../../pic32c/lib/thumb/v7e-m+fp/hard\libg-musl.a(strchrnul.o)
 .debug_loc     0x0006120d       0x76 c:/program files/microchip/xc32/v4.00/bin/bin/../../lib/gcc/pic32c/8.3.1/../../../../pic32c/lib/thumb/v7e-m+fp/hard\libg-musl.a(strcmp.o)
 .debug_loc     0x00061283       0x67 c:/program files/microchip/xc32/v4.00/bin/bin/../../lib/gcc/pic32c/8.3.1/../../../../pic32c/lib/thumb/v7e-m+fp/hard\libg-musl.a(strcpy.o)
 .debug_loc     0x000612ea      0x1a6 c:/program files/microchip/xc32/v4.00/bin/bin/../../lib/gcc/pic32c/8.3.1/../../../../pic32c/lib/thumb/v7e-m+fp/hard\libg-musl.a(strncmp.o)
 .debug_loc     0x00061490       0x8c c:/program files/microchip/xc32/v4.00/bin/bin/../../lib/gcc/pic32c/8.3.1/../../../../pic32c/lib/thumb/v7e-m+fp/hard\libg-musl.a(strncpy.o)
 .debug_loc     0x0006151c       0x88 c:/program files/microchip/xc32/v4.00/bin/bin/../../lib/gcc/pic32c/8.3.1/../../../../pic32c/lib/thumb/v7e-m+fp/hard\libg-musl.a(vfprintf.o)
 .debug_loc     0x000615a4       0x60 c:/program files/microchip/xc32/v4.00/bin/bin/../../lib/gcc/pic32c/8.3.1/../../../../pic32c/lib/thumb/v7e-m+fp/hard\libg-musl.a(stpcpy.o)
 .debug_loc     0x00061604      0x15b c:/program files/microchip/xc32/v4.00/bin/bin/../../lib/gcc/pic32c/8.3.1/../../../../pic32c/lib/thumb/v7e-m+fp/hard\libg-musl.a(stpncpy.o)
 .debug_loc     0x0006175f      0x638 c:/program files/microchip/xc32/v4.00/bin/bin/../../lib/gcc/pic32c/8.3.1/../../../../pic32c/lib/thumb/v7e-m+fp/hard\libg-musl.a(__printf_core.o)
 .debug_loc     0x00061d97      0xac1 c:/program files/microchip/xc32/v4.00/bin/bin/../../lib/gcc/pic32c/8.3.1/../../../../pic32c/lib/thumb/v7e-m+fp/hard\libg-musl.a(__fmt_a.o)
 .debug_loc     0x00062858      0x1ef c:/program files/microchip/xc32/v4.00/bin/bin/../../lib/gcc/pic32c/8.3.1/../../../../pic32c/lib/thumb/v7e-m+fp/hard\libg-musl.a(__fmt_d.o)
 .debug_loc     0x00062a47      0x9e3 c:/program files/microchip/xc32/v4.00/bin/bin/../../lib/gcc/pic32c/8.3.1/../../../../pic32c/lib/thumb/v7e-m+fp/hard\libg-musl.a(__fmt_fp.o)
 .debug_loc     0x0006342a      0x10a c:/program files/microchip/xc32/v4.00/bin/bin/../../lib/gcc/pic32c/8.3.1/../../../../pic32c/lib/thumb/v7e-m+fp/hard\libg-musl.a(__fmt_o.o)
 .debug_loc     0x00063534      0x157 c:/program files/microchip/xc32/v4.00/bin/bin/../../lib/gcc/pic32c/8.3.1/../../../../pic32c/lib/thumb/v7e-m+fp/hard\libg-musl.a(__fmt_s.o)
 .debug_loc     0x0006368b      0x2a2 c:/program files/microchip/xc32/v4.00/bin/bin/../../lib/gcc/pic32c/8.3.1/../../../../pic32c/lib/thumb/v7e-m+fp/hard\libg-musl.a(__fmt_u.o)
 .debug_loc     0x0006392d      0x2a8 c:/program files/microchip/xc32/v4.00/bin/bin/../../lib/gcc/pic32c/8.3.1/../../../../pic32c/lib/thumb/v7e-m+fp/hard\libg-musl.a(__fmt_x.o)
 .debug_loc     0x00063bd5       0xa6 c:/program files/microchip/xc32/v4.00/bin/bin/../../lib/gcc/pic32c/8.3.1/../../../../pic32c/lib/thumb/v7e-m+fp/hard\libg-musl.a(__pop_float.o)
 .debug_loc     0x00063c7b      0x312 c:/program files/microchip/xc32/v4.00/bin/bin/../../lib/gcc/pic32c/8.3.1/../../../../pic32c/lib/thumb/v7e-m+fp/hard\libg-musl.a(__pop_int.o)
 .debug_loc     0x00063f8d      0x1db c:/program files/microchip/xc32/v4.00/bin/bin/../../lib/gcc/pic32c/8.3.1/../../../../pic32c/lib/thumb/v7e-m+fp/hard\libg-musl.a(__pop_ptr.o)
 .debug_loc     0x00064168     0x1041 c:/program files/microchip/xc32/v4.00/bin/bin/../../lib/gcc/pic32c/8.3.1/thumb/v7e-m+fp/hard\libgcc.a(_udivmoddi4.o)

.debug_aranges  0x00000000     0x3048
 .debug_aranges
                0x00000000      0x248 build/default/debug/_ext/444070925/drv_ethphy.o
 .debug_aranges
                0x00000248       0x30 build/default/debug/_ext/444070925/drv_extphy_ksz8061.o
 .debug_aranges
                0x00000278      0x280 build/default/debug/_ext/1546807373/drv_gmac.o
 .debug_aranges
                0x000004f8      0x140 build/default/debug/_ext/1546807373/drv_gmac_lib_samE5x.o
 .debug_aranges
                0x00000638       0xe0 build/default/debug/_ext/438849557/drv_miim.o
 .debug_aranges
                0x00000718       0x20 build/default/debug/_ext/20954303/drv_sdmmc_file_system.o
 .debug_aranges
                0x00000738       0xb0 build/default/debug/_ext/20954303/drv_sdmmc.o
 .debug_aranges
                0x000007e8       0xc0 build/default/debug/_ext/1751889202/sys_fs_shell.o
 .debug_aranges
                0x000008a8       0x48 build/default/debug/_ext/1033058136/helpers.o
 .debug_aranges
                0x000008f0      0x228 build/default/debug/_ext/1033058136/tcp.o
 .debug_aranges
                0x00000b18      0x110 build/default/debug/_ext/1033058136/arp.o
 .debug_aranges
                0x00000c28       0xf0 build/default/debug/_ext/1033058136/ipv4.o
 .debug_aranges
                0x00000d18       0x48 build/default/debug/_ext/1033058136/tcpip_heap_alloc.o
 .debug_aranges
                0x00000d60       0x68 build/default/debug/_ext/1033058136/tcpip_heap_internal.o
 .debug_aranges
                0x00000dc8      0x130 build/default/debug/_ext/1033058136/dns.o
 .debug_aranges
                0x00000ef8       0x28 build/default/debug/_ext/1033058136/hash_fnv.o
 .debug_aranges
                0x00000f20       0x58 build/default/debug/_ext/1033058136/oahash.o
 .debug_aranges
                0x00000f78      0x218 build/default/debug/_ext/1033058136/tcpip_helpers.o
 .debug_aranges
                0x00001190      0x398 build/default/debug/_ext/1033058136/tcpip_manager.o
 .debug_aranges
                0x00001528       0x48 build/default/debug/_ext/1033058136/tcpip_notify.o
 .debug_aranges
                0x00001570       0x88 build/default/debug/_ext/1033058136/tcpip_packet.o
 .debug_aranges
                0x000015f8       0x70 build/default/debug/_ext/1033058136/ftp.o
 .debug_aranges
                0x00001668       0x38 build/default/debug/_ext/1033058136/icmp.o
 .debug_aranges
                0x000016a0      0x120 build/default/debug/_ext/1508031553/net_pres.o
 .debug_aranges
                0x000017c0       0x20 build/default/debug/_ext/1984496892/plib_clock.o
 .debug_aranges
                0x000017e0       0x20 build/default/debug/_ext/1986646378/plib_evsys.o
 .debug_aranges
                0x00001800       0x38 build/default/debug/_ext/1865468468/plib_nvic.o
 .debug_aranges
                0x00001838       0xd8 build/default/debug/_ext/1593096446/plib_nvmctrl.o
 .debug_aranges
                0x00001910       0x70 build/default/debug/_ext/1865521619/plib_port.o
 .debug_aranges
                0x00001980       0xc0 build/default/debug/_ext/1865600094/plib_sdhc1.o
 .debug_aranges
                0x00001a40       0xc0 build/default/debug/_ext/504274921/plib_sercom1_usart.o
 .debug_aranges
                0x00001b00       0x78 build/default/debug/_ext/829342655/plib_tc0.o
 .debug_aranges
                0x00001b78       0x88 build/default/debug/_ext/1832805299/sys_console.o
 .debug_aranges
                0x00001c00       0x68 build/default/debug/_ext/1832805299/sys_console_uart.o
 .debug_aranges
                0x00001c68       0x48 build/default/debug/_ext/944882569/sys_debug.o
 .debug_aranges
                0x00001cb0      0x210 build/default/debug/_ext/411819097/ff.o
 .debug_aranges
                0x00001ec0       0x30 build/default/debug/_ext/411819097/ffunicode.o
 .debug_aranges
                0x00001ef0       0x58 build/default/debug/_ext/565198302/diskio.o
 .debug_aranges
                0x00001f48      0x170 build/default/debug/_ext/1269487135/sys_fs.o
 .debug_aranges
                0x000020b8       0x98 build/default/debug/_ext/1269487135/sys_fs_media_manager.o
 .debug_aranges
                0x00002150      0x130 build/default/debug/_ext/1269487135/sys_fs_fat_interface.o
 .debug_aranges
                0x00002280       0x40 build/default/debug/_ext/1881668453/sys_int.o
 .debug_aranges
                0x000022c0      0x128 build/default/debug/_ext/101884895/sys_time.o
 .debug_aranges
                0x000023e8       0x40 build/default/debug/_ext/753841488/sys_time_h2_adapter.o
 .debug_aranges
                0x00002428       0x28 build/default/debug/_ext/1171490990/initialization.o
 .debug_aranges
                0x00002450       0x20 build/default/debug/_ext/1171490990/interrupts.o
 .debug_aranges
                0x00002470       0x48 build/default/debug/_ext/1171490990/exceptions.o
 .debug_aranges
                0x000024b8       0x28 build/default/debug/_ext/1171490990/startup_xc32.o
 .debug_aranges
                0x000024e0       0x20 build/default/debug/_ext/1171490990/tasks.o
 .debug_aranges
                0x00002500       0x28 build/default/debug/_ext/172253694/crypt_wolfcryptcb.o
 .debug_aranges
                0x00002528       0xd8 build/default/debug/_ext/1664057780/cryptocb.o
 .debug_aranges
                0x00002600       0x20 build/default/debug/_ext/1360937237/main.o
 .debug_aranges
                0x00002620       0x28 build/default/debug/_ext/1360937237/app.o
 .debug_aranges
                0x00002648      0x160 build/default/debug/_ext/1033058136/berkeley_api.o
 .debug_aranges
                0x000027a8       0x88 build/default/debug/_ext/1033058136/tcpip_announce.o
 .debug_aranges
                0x00002830      0x1b8 build/default/debug/_ext/1033058136/udp.o
 .debug_aranges
                0x000029e8       0x20 c:/program files/microchip/xc32/v4.00/bin/bin/../../lib/gcc/pic32c/8.3.1/../../../../pic32c/lib/thumb/v7e-m+fp/hard\libpic32c.a(data_init.o)
 .debug_aranges
                0x00002a08       0x28 c:/program files/microchip/xc32/v4.00/bin/bin/../../lib/gcc/pic32c/8.3.1/../../../../pic32c/lib/thumb/v7e-m+fp/hard\libg-musl.a(isxdigit.o)
 .debug_aranges
                0x00002a30       0x28 c:/program files/microchip/xc32/v4.00/bin/bin/../../lib/gcc/pic32c/8.3.1/../../../../pic32c/lib/thumb/v7e-m+fp/hard\libg-musl.a(tolower.o)
 .debug_aranges
                0x00002a58       0x28 c:/program files/microchip/xc32/v4.00/bin/bin/../../lib/gcc/pic32c/8.3.1/../../../../pic32c/lib/thumb/v7e-m+fp/hard\libg-musl.a(toupper.o)
 .debug_aranges
                0x00002a80       0x28 c:/program files/microchip/xc32/v4.00/bin/bin/../../lib/gcc/pic32c/8.3.1/../../../../pic32c/lib/thumb/v7e-m+fp/hard\libg-musl.a(__libc_start_main.o)
 .debug_aranges
                0x00002aa8       0x18 c:/program files/microchip/xc32/v4.00/bin/bin/../../lib/gcc/pic32c/8.3.1/../../../../pic32c/lib/thumb/v7e-m+fp/hard\libg-musl.a(__errno_location.o)
 .debug_aranges
                0x00002ac0       0x18 c:/program files/microchip/xc32/v4.00/bin/bin/../../lib/gcc/pic32c/8.3.1/../../../../pic32c/lib/thumb/v7e-m+fp/hard\libg-musl.a(libc.o)
 .debug_aranges
                0x00002ad8       0x20 c:/program files/microchip/xc32/v4.00/bin/bin/../../lib/gcc/pic32c/8.3.1/../../../../pic32c/lib/thumb/v7e-m+fp/hard\libg-musl.a(calloc.o)
 .debug_aranges
                0x00002af8       0x70 c:/program files/microchip/xc32/v4.00/bin/bin/../../lib/gcc/pic32c/8.3.1/../../../../pic32c/lib/thumb/v7e-m+fp/hard\libg-musl.a(malloc.o)
 .debug_aranges
                0x00002b68       0x20 c:/program files/microchip/xc32/v4.00/bin/bin/../../lib/gcc/pic32c/8.3.1/../../../../pic32c/lib/thumb/v7e-m+fp/hard\libg-musl.a(expand_heap.o)
 .debug_aranges
                0x00002b88       0x28 c:/program files/microchip/xc32/v4.00/bin/bin/../../lib/gcc/pic32c/8.3.1/../../../../pic32c/lib/thumb/v7e-m+fp/hard\libg-musl.a(rand.o)
 .debug_aranges
                0x00002bb0       0x20 c:/program files/microchip/xc32/v4.00/bin/bin/../../lib/gcc/pic32c/8.3.1/../../../../pic32c/lib/thumb/v7e-m+fp/hard\libg-musl.a(vsnprintf.o)
 .debug_aranges
                0x00002bd0       0x20 c:/program files/microchip/xc32/v4.00/bin/bin/../../lib/gcc/pic32c/8.3.1/../../../../pic32c/lib/thumb/v7e-m+fp/hard\libg-musl.a(snprintf.o)
 .debug_aranges
                0x00002bf0       0x20 c:/program files/microchip/xc32/v4.00/bin/bin/../../lib/gcc/pic32c/8.3.1/../../../../pic32c/lib/thumb/v7e-m+fp/hard\libg-musl.a(sprintf.o)
 .debug_aranges
                0x00002c10       0x20 c:/program files/microchip/xc32/v4.00/bin/bin/../../lib/gcc/pic32c/8.3.1/../../../../pic32c/lib/thumb/v7e-m+fp/hard\libg-musl.a(vsprintf.o)
 .debug_aranges
                0x00002c30       0x20 c:/program files/microchip/xc32/v4.00/bin/bin/../../lib/gcc/pic32c/8.3.1/../../../../pic32c/lib/thumb/v7e-m+fp/hard\libg-musl.a(atoi.o)
 .debug_aranges
                0x00002c50       0x20 c:/program files/microchip/xc32/v4.00/bin/bin/../../lib/gcc/pic32c/8.3.1/../../../../pic32c/lib/thumb/v7e-m+fp/hard\libg-musl.a(memcmp.o)
 .debug_aranges
                0x00002c70       0x20 c:/program files/microchip/xc32/v4.00/bin/bin/../../lib/gcc/pic32c/8.3.1/../../../../pic32c/lib/thumb/v7e-m+fp/hard\libg-musl.a(memcpy.o)
 .debug_aranges
                0x00002c90       0x20 c:/program files/microchip/xc32/v4.00/bin/bin/../../lib/gcc/pic32c/8.3.1/../../../../pic32c/lib/thumb/v7e-m+fp/hard\libg-musl.a(memset.o)
 .debug_aranges
                0x00002cb0       0x20 c:/program files/microchip/xc32/v4.00/bin/bin/../../lib/gcc/pic32c/8.3.1/../../../../pic32c/lib/thumb/v7e-m+fp/hard\libg-musl.a(strlen.o)
 .debug_aranges
                0x00002cd0       0x20 c:/program files/microchip/xc32/v4.00/bin/bin/../../lib/gcc/pic32c/8.3.1/../../../../pic32c/lib/thumb/v7e-m+fp/hard\libg-musl.a(strstr.o)
 .debug_aranges
                0x00002cf0       0x20 c:/program files/microchip/xc32/v4.00/bin/bin/../../lib/gcc/pic32c/8.3.1/../../../../pic32c/lib/thumb/v7e-m+fp/hard\libg-musl.a(strchr.o)
 .debug_aranges
                0x00002d10       0x20 c:/program files/microchip/xc32/v4.00/bin/bin/../../lib/gcc/pic32c/8.3.1/../../../../pic32c/lib/thumb/v7e-m+fp/hard\libg-musl.a(strchrnul.o)
 .debug_aranges
                0x00002d30       0x20 c:/program files/microchip/xc32/v4.00/bin/bin/../../lib/gcc/pic32c/8.3.1/../../../../pic32c/lib/thumb/v7e-m+fp/hard\libg-musl.a(strcmp.o)
 .debug_aranges
                0x00002d50       0x20 c:/program files/microchip/xc32/v4.00/bin/bin/../../lib/gcc/pic32c/8.3.1/../../../../pic32c/lib/thumb/v7e-m+fp/hard\libg-musl.a(strcpy.o)
 .debug_aranges
                0x00002d70       0x20 c:/program files/microchip/xc32/v4.00/bin/bin/../../lib/gcc/pic32c/8.3.1/../../../../pic32c/lib/thumb/v7e-m+fp/hard\libg-musl.a(strncmp.o)
 .debug_aranges
                0x00002d90       0x20 c:/program files/microchip/xc32/v4.00/bin/bin/../../lib/gcc/pic32c/8.3.1/../../../../pic32c/lib/thumb/v7e-m+fp/hard\libg-musl.a(strncpy.o)
 .debug_aranges
                0x00002db0       0x18 c:/program files/microchip/xc32/v4.00/bin/bin/../../lib/gcc/pic32c/8.3.1/../../../../pic32c/lib/thumb/v7e-m+fp/hard\libg-musl.a(__environ.o)
 .debug_aranges
                0x00002dc8       0x28 c:/program files/microchip/xc32/v4.00/bin/bin/../../lib/gcc/pic32c/8.3.1/../../../../pic32c/lib/thumb/v7e-m+fp/hard\libg-musl.a(vfprintf.o)
 .debug_aranges
                0x00002df0       0x20 c:/program files/microchip/xc32/v4.00/bin/bin/../../lib/gcc/pic32c/8.3.1/../../../../pic32c/lib/thumb/v7e-m+fp/hard\libg-musl.a(stpcpy.o)
 .debug_aranges
                0x00002e10       0x20 c:/program files/microchip/xc32/v4.00/bin/bin/../../lib/gcc/pic32c/8.3.1/../../../../pic32c/lib/thumb/v7e-m+fp/hard\libg-musl.a(stpncpy.o)
 .debug_aranges
                0x00002e30       0x50 c:/program files/microchip/xc32/v4.00/bin/bin/../../lib/gcc/pic32c/8.3.1/../../../../pic32c/lib/thumb/v7e-m+fp/hard\libg-musl.a(__printf_core.o)
 .debug_aranges
                0x00002e80       0x20 c:/program files/microchip/xc32/v4.00/bin/bin/../../lib/gcc/pic32c/8.3.1/../../../../pic32c/lib/thumb/v7e-m+fp/hard\libg-musl.a(__fmt_a.o)
 .debug_aranges